Microchip MPLAB XC8 Compiler V1.38 ()

Linker command line:

--edf=C:\Program Files (x86)\Microchip\xc8\v1.38\dat\en_msgs.txt -cs \
  -h+dist/default/debug\GateOpener.git.debug.sym \
  --cmf=dist/default/debug\GateOpener.git.debug.cmf -z -Q16F1828 \
  -oC:\Users\e882742\AppData\Local\Temp\s618.2 \
  -Mdist/default/debug/GateOpener.git.debug.map -E1 -ver=XC8 \
  -ASTACK=02041h-02062h -pstack=STACK -ACODE=00h-07FFhx2 \
  -ASTRCODE=00h-0FFFh -ASTRING=00h-0FFhx16 -ACONST=00h-0FFhx16 \
  -AENTRY=00h-0FFhx16 -ACOMMON=070h-07Fh -ABANK0=020h-06Fh \
  -ABANK1=0A0h-0EFh -ABANK2=0120h-015Fh -ABIGRAM=02000h-020DFh \
  -ARAM=020h-06Fh,0A0h-0EFh,0120h-015Fh \
  -AABS1=020h-07Fh,0A0h-0EFh,0120h-016Fh -ASFR0=00h-01Fh -ASFR1=080h-09Fh \
  -ASFR2=0100h-011Fh -ASFR3=0180h-01EFh -ASFR4=0200h-026Fh \
  -ASFR5=0280h-02EFh -ASFR6=0300h-036Fh -ASFR7=0380h-03EFh \
  -ASFR8=0400h-046Fh -ASFR9=0480h-04EFh -ASFR10=0500h-056Fh \
  -ASFR11=0580h-05EFh -ASFR12=0600h-066Fh -ASFR13=0680h-06EFh \
  -ASFR14=0700h-076Fh -ASFR15=0780h-07EFh -ASFR16=0800h-086Fh \
  -ASFR17=0880h-08EFh -ASFR18=0900h-096Fh -ASFR19=0980h-09EFh \
  -ASFR20=0A00h-0A6Fh -ASFR21=0A80h-0AEFh -ASFR22=0B00h-0B6Fh \
  -ASFR23=0B80h-0BEFh -ASFR24=0C00h-0C6Fh -ASFR25=0C80h-0CEFh \
  -ASFR26=0D00h-0D6Fh -ASFR27=0D80h-0DEFh -ASFR28=0E00h-0E6Fh \
  -ASFR29=0E80h-0EEFh -ASFR30=0F00h-0F6Fh -ASFR31=0F80h-0FEFh \
  -preset_vec=00h,intentry=04h,init,end_init -ppowerup=CODE -pcinit=CODE \
  -pfunctab=CODE -ACONFIG=08007h-08008h -pconfig=CONFIG -DCONFIG=2 \
  -AIDLOC=08000h-08003h -pidloc=IDLOC -DIDLOC=2 -AEEDATA=00h-0FFh/0F000h \
  -peeprom_data=EEDATA -DEEDATA=2 -DCODE=2 -DSTRCODE=2 -DSTRING=2 -DCONST=2 \
  -DENTRY=2 -k C:\Users\e882742\AppData\Local\Temp\s618.obj \
  dist/default/debug\GateOpener.git.debug.obj 

Object code version is 3.11

Machine type is 16F1828



                Name                               Link     Load   Length Selector   Space Scale
C:\Users\e882742\AppData\Local\Temp\s618.obj
                end_init                             16       16        2        8       0
                reset_vec                             0        0        3        0       0
                config                             8007     8007        2    1000E       0
dist/default/debug\GateOpener.git.debug.obj
                cinit                                18       18       19        8       0
                intentry                              4        4       12        8       0
                text36                               31       31      296        8       0
                text34                              C28      C28       2E     1850       0
                text33                              C56      C56       2E     18AC       0
                text32                              B58      B58       11     16B0       0
                text31                              B23      B23        B     1646       0
                text30                              B09      B09        8     1612       0
                text29                              B19      B19        A     1632       0
                text28                              AFA      AFA        5     15F4       0
                text27                              AFF      AFF        5     15FE       0
                text26                              B80      B80       1B     1700       0
                text25                              B9B      B9B       1C     1736       0
                text24                              F8B      F8B       75     1F16       0
                text23                              7F9      7F9        6      D6E       0
                text22                              B3A      B3A        E     1674       0
                text21                              B04      B04        5     1608       0
                text20                              BFD      BFD       2B     17FA       0
                text19                              D1E      D1E       49     1A3C       0
                text18                              DFC      DFC       54     1BF8       0
                text17                              CE7      CE7       37     19CE       0
                text16                              BD8      BD8       25     17B0       0
                text15                              CB2      CB2       35     1964       0
                text14                              6B7      6B7       83      D6E       0
                text13                              73A      73A       7E      D6E       0
                text12                              C84      C84       2E     1908       0
                text11                              B11      B11        8     1622       0
                text10                              B69      B69       17     16D2       0
                text9                               B48      B48       10     1690       0
                text8                               E50      E50       65     1CA0       0
                text7                               2C7      2C7      233        8       0
                text6                               7B8      7B8       41      D6E       0
                text5                               EB5      EB5       67     1D6A       0
                text4                               DB1      DB1       4B     1B62       0
                text3                               F1C      F1C       6F     1E38       0
                text2                               BB7      BB7       21     176E       0
                text1                               D67      D67       4A     1ACE       0
                maintext                            4FA      4FA       ED        8       0
                cstackBANK0                          20       20       31       20       1
                cstackCOMMON                         70       70        C       70       1
                clrtext                             B2E      B2E        C     165C       0
                bssBANK0                             51       51       10       20       1
                stringtext                          5E7      5E7       D0      BCE       0

TOTAL           Name                               Link     Load   Length     Space
        CLASS   STACK          

        CLASS   CODE           
                end_init                             16       16        2         0
                cinit                                18       18       19         0
                intentry                              4        4       12         0
                reset_vec                             0        0        3         0
                text36                               31       31      296         0
                text34                              C28      C28       2E         0
                text33                              C56      C56       2E         0
                text32                              B58      B58       11         0
                text31                              B23      B23        B         0
                text30                              B09      B09        8         0
                text29                              B19      B19        A         0
                text28                              AFA      AFA        5         0
                text27                              AFF      AFF        5         0
                text26                              B80      B80       1B         0
                text25                              B9B      B9B       1C         0
                text24                              F8B      F8B       75         0
                text23                              7F9      7F9        6         0
                text22                              B3A      B3A        E         0
                text21                              B04      B04        5         0
                text20                              BFD      BFD       2B         0
                text19                              D1E      D1E       49         0
                text18                              DFC      DFC       54         0
                text17                              CE7      CE7       37         0
                text16                              BD8      BD8       25         0
                text15                              CB2      CB2       35         0
                text14                              6B7      6B7       83         0
                text13                              73A      73A       7E         0
                text12                              C84      C84       2E         0
                text11                              B11      B11        8         0
                text10                              B69      B69       17         0
                text9                               B48      B48       10         0
                text8                               E50      E50       65         0
                text7                               2C7      2C7      233         0
                text6                               7B8      7B8       41         0
                text5                               EB5      EB5       67         0
                text4                               DB1      DB1       4B         0
                text3                               F1C      F1C       6F         0
                text2                               BB7      BB7       21         0
                text1                               D67      D67       4A         0
                maintext                            4FA      4FA       ED         0
                clrtext                             B2E      B2E        C         0

        CLASS   STRCODE        
                stringtext                          5E7      5E7       D0         0

        CLASS   STRING         

        CLASS   CONST          

        CLASS   ENTRY          

        CLASS   COMMON         
                cstackCOMMON                         70       70        C         1

        CLASS   BANK0          
                cstackBANK0                          20       20       31         1
                bssBANK0                             51       51       10         1

        CLASS   BANK1          

        CLASS   BANK2          

        CLASS   BIGRAM         

        CLASS   RAM            

        CLASS   ABS1           
                abs_s1                               7E       7E        2         1
                abs_s1                               B3       B3       3D         1
                abs_s1                              120      120       40         1
                abs_s1                             2063     2063        0         1

        CLASS   SFR0           

        CLASS   SFR1           

        CLASS   SFR2           

        CLASS   SFR3           

        CLASS   SFR4           

        CLASS   SFR5           

        CLASS   SFR6           

        CLASS   SFR7           

        CLASS   SFR8           

        CLASS   SFR9           

        CLASS   SFR10          

        CLASS   SFR11          

        CLASS   SFR12          

        CLASS   SFR13          

        CLASS   SFR14          

        CLASS   SFR15          

        CLASS   SFR16          

        CLASS   SFR17          

        CLASS   SFR18          

        CLASS   SFR19          

        CLASS   SFR20          

        CLASS   SFR21          

        CLASS   SFR22          

        CLASS   SFR23          

        CLASS   SFR24          

        CLASS   SFR25          

        CLASS   SFR26          

        CLASS   SFR27          

        CLASS   SFR28          

        CLASS   SFR29          

        CLASS   SFR30          

        CLASS   SFR31          

        CLASS   CONFIG         
                config                             8007     8007        2         0

        CLASS   IDLOC          

        CLASS   EEDATA         

        CLASS   BANK31         

        CLASS   BANK30         

        CLASS   BANK29         

        CLASS   BANK28         

        CLASS   BANK27         

        CLASS   BANK26         

        CLASS   BANK25         

        CLASS   BANK24         

        CLASS   BANK23         

        CLASS   BANK22         

        CLASS   BANK21         

        CLASS   BANK20         

        CLASS   BANK19         

        CLASS   BANK18         

        CLASS   BANK17         

        CLASS   BANK16         

        CLASS   BANK15         

        CLASS   BANK14         

        CLASS   BANK13         

        CLASS   BANK12         

        CLASS   BANK11         

        CLASS   BANK10         

        CLASS   BANK9          

        CLASS   BANK8          

        CLASS   BANK7          

        CLASS   BANK6          

        CLASS   BANK5          

        CLASS   BANK4          

        CLASS   BANK3          



SEGMENTS        Name                           Load    Length   Top    Selector   Space  Class     Delta

                reset_vec                      000000  000003  000003         0       0  CODE        2
                intentry                       000004  0005E3  0005E7         8       0  CODE        2
                cstackBANK0                    000020  000041  000061        20       1  BANK0       1
                cstackCOMMON                   000070  00000C  00007C        70       1  COMMON      1
                stringtext                     0005E7  0000D0  0006B7       BCE       0  STRCODE     2
                text14                         0006B7  000148  0007FF       D6E       0  CODE        2
                text28                         000AFA  000005  000AFF      15F4       0  CODE        2
                text27                         000AFF  000005  000B04      15FE       0  CODE        2
                text21                         000B04  000005  000B09      1608       0  CODE        2
                text30                         000B09  000008  000B11      1612       0  CODE        2
                text11                         000B11  000008  000B19      1622       0  CODE        2
                text29                         000B19  00000A  000B23      1632       0  CODE        2
                text31                         000B23  00000B  000B2E      1646       0  CODE        2
                clrtext                        000B2E  00000C  000B3A      165C       0  CODE        2
                text22                         000B3A  00000E  000B48      1674       0  CODE        2
                text9                          000B48  000010  000B58      1690       0  CODE        2
                text32                         000B58  000011  000B69      16B0       0  CODE        2
                text10                         000B69  000017  000B80      16D2       0  CODE        2
                text26                         000B80  00001B  000B9B      1700       0  CODE        2
                text25                         000B9B  00001C  000BB7      1736       0  CODE        2
                text2                          000BB7  000021  000BD8      176E       0  CODE        2
                text16                         000BD8  000025  000BFD      17B0       0  CODE        2
                text20                         000BFD  00002B  000C28      17FA       0  CODE        2
                text34                         000C28  00002E  000C56      1850       0  CODE        2
                text33                         000C56  00002E  000C84      18AC       0  CODE        2
                text12                         000C84  00002E  000CB2      1908       0  CODE        2
                text15                         000CB2  000035  000CE7      1964       0  CODE        2
                text17                         000CE7  000037  000D1E      19CE       0  CODE        2
                text19                         000D1E  000049  000D67      1A3C       0  CODE        2
                text1                          000D67  00004A  000DB1      1ACE       0  CODE        2
                text4                          000DB1  00004B  000DFC      1B62       0  CODE        2
                text18                         000DFC  000054  000E50      1BF8       0  CODE        2
                text8                          000E50  000065  000EB5      1CA0       0  CODE        2
                text5                          000EB5  000067  000F1C      1D6A       0  CODE        2
                text3                          000F1C  00006F  000F8B      1E38       0  CODE        2
                text24                         000F8B  000075  001000      1F16       0  CODE        2
                config                         008007  000002  008009     1000E       0  CONFIG      2


UNUSED ADDRESS RANGES

        Name                Unused          Largest block    Delta
        BANK0            00061-0006F               F           1
        BANK1            000A0-000B2              13           1
        BIGRAM           02000-020DF              E0           1
        CODE             00003-00003               1           2
                         007FF-00AF9               1
        COMMON           0007C-0007D               2           1
        CONST            00003-00003               1           2
                         007FF-00AF9             100
        EEDATA           0F000-0F0FF             100           2
        ENTRY            00003-00003               1           2
                         007FF-00AF9             100
        IDLOC            08000-08003               4           2
        RAM              00061-0006F               F           1
                         000A0-000B2              13
        SFR0             00000-0001F              20           1
        SFR1             00080-0009F              20           1
        SFR10            00500-0056F              70           1
        SFR11            00580-005EF              70           1
        SFR12            00600-0066F              70           1
        SFR13            00680-006EF              70           1
        SFR14            00700-0076F              70           1
        SFR15            00780-007EF              70           1
        SFR16            00800-0086F              70           1
        SFR17            00880-008EF              70           1
        SFR18            00900-0096F              70           1
        SFR19            00980-009EF              70           1
        SFR2             00100-0011F              20           1
        SFR20            00A00-00A6F              70           1
        SFR21            00A80-00AEF              70           1
        SFR22            00B00-00B6F              70           1
        SFR23            00B80-00BEF              70           1
        SFR24            00C00-00C6F              70           1
        SFR25            00C80-00CEF              70           1
        SFR26            00D00-00D6F              70           1
        SFR27            00D80-00DEF              70           1
        SFR28            00E00-00E6F              70           1
        SFR29            00E80-00EEF              70           1
        SFR3             00180-001EF              70           1
        SFR30            00F00-00F6F              70           1
        SFR31            00F80-00FEF              70           1
        SFR4             00200-0026F              70           1
        SFR5             00280-002EF              70           1
        SFR6             00300-0036F              70           1
        SFR7             00380-003EF              70           1
        SFR8             00400-0046F              70           1
        SFR9             00480-004EF              70           1
        STACK            02041-02062              22           1
        STRCODE          00003-00003               1           2
                         007FF-00AF9             2FB
        STRING           00003-00003               1           2
                         007FF-00AF9             100

                                  Symbol Table

?_EEPROMSearchNumber           cstackBANK0  0002F
?___lwdiv                      cstackBANK0  00025
?___wmul                       cstackBANK0  00025
EEPROMAdd@aux                  cstackBANK0  0003F
EEPROMAdd@empty                cstackBANK0  00040
EEPROMAdd@found                cstackBANK0  0003D
EEPROMAdd@nmbr                 cstackBANK0  00039
EEPROMAdd@nmbrLenght           cstackBANK0  0003B
EEPROMCheckPassword@pass       cstackBANK0  0002F
EEPROMDeleteNumber@address     cstackBANK0  0002F
EEPROMDeleteNumber@count       cstackBANK0  00031
EEPROMDeleteNumber@position    cstackBANK0  0002B
EEPROMEraseAll@i               cstackBANK0  0002B
EEPROMSaveNumber@address       cstackBANK0  00037
EEPROMSaveNumber@count         cstackBANK0  00035
EEPROMSaveNumber@nmbr          cstackBANK0  0002B
EEPROMSaveNumber@nmbrLenght    cstackBANK0  0002D
EEPROMSaveNumber@position      cstackBANK0  0002E
EEPROMSaveNumber@result        cstackBANK0  00033
EEPROMSearchNumber@aux         cstackBANK0  0003C
EEPROMSearchNumber@count       cstackBANK0  00038
EEPROMSearchNumber@nmbr        cstackBANK0  0002F
EEPROMSearchNumber@nmbrLenght  cstackBANK0  00031
EEPROMSearchNumber@result      cstackBANK0  0003A
EEPROMUpdatePassword@pass      cstackBANK0  00029
EepromRead@address             cstackBANK0  0002B
EepromRead@data                cstackBANK0  0002E
EepromWrite@address            cstackBANK0  00026
EepromWrite@data               cstackBANK0  00028
GPIOBlueLedBlink@i             cstackBANK0  00029
GPIOBlueLedBlink@times         cstackBANK0  00028
GPIOGreenLedBlink@i            cstackBANK0  00029
GPIOGreenLedBlink@times        cstackBANK0  00028
GPIORedLedBlink@i              cstackBANK0  00029
GPIORedLedBlink@times          cstackBANK0  00028
I2CRead@temp                   cstackBANK0  00026
I2CSend@dat                    cstackBANK0  00025
SIM800Command@add              cstackBANK0  0004D
SIM800DeleteSms@flag           cstackBANK0  0002D
SIM800DeleteSms@index          cstackBANK0  0002B
SIM800LClear@i                 cstackBANK0  00029
SIM800ReadSms@mem              cstackBANK0  0002B
SIM800SendSms@msg              cstackBANK0  0002D
SIM800SendSms@nmbr             cstackBANK0  0002B
SYSTEMInit@freq                cstackBANK0  00025
USARTHandleRxInt@ci            cstackBANK0  00022
USARTHandleRxInt@ci_559        cstackBANK0  00023
USARTHandleRxInt@ci_560        cstackBANK0  00024
USARTHandleRxInt@ci_561        cstackBANK0  00021
USARTHandleRxInt@data          cstackBANK0  00020
USARTInit@baud_rate            cstackBANK0  00025
USARTWriteChar@ch              cstackBANK0  00025
USARTWriteInt@F3224            bssBANK0     00051
USARTWriteLine@str             cstackBANK0  00029
USARTWriteString@str           cstackBANK0  00026
_ACKDT                         (abs)        010B5
_ACKEN                         (abs)        010B4
_ANSELB                        (abs)        0018D
_APFCON0bits                   (abs)        0011D
_BAUDCONbits                   (abs)        0019F
_BF                            (abs)        010A0
_CREN                          (abs)        00CEC
_EEPROMAdd                     text19       00D1E
_EEPROMCheckPassword           text18       00DFC
_EEPROMDeleteNumber            text17       00CE7
_EEPROMEraseAll                text16       00BD8
_EEPROMSaveNumber              text24       00F8B
_EEPROMSearchNumber            text14       006B7
_EEPROMUpdatePassword          text13       0073A
_EepromRead                    text20       00BFD
_EepromWrite                   text26       00B80
_GIE                           (abs)        0005F
_GPIOBlueLedBlink              text34       00C28
_GPIOGreenLedBlink             text33       00C56
_GPIOPortInit                  text32       00B58
_GPIORedLedBlink               text12       00C84
_I2CInit                       text31       00B23
_I2CNak                        text23       007F9
_I2CRead                       text22       00B3A
_I2CRestart                    text21       00B04
_I2CSend                       text29       00B19
_I2CStart                      text28       00AFA
_I2CStop                       text27       00AFF
_I2CWait                       text30       00B09
_ISR                           intentry     00004
_LATAbits                      (abs)        0010C
_LATBbits                      (abs)        0010D
_LATCbits                      (abs)        0010E
_OSCCON                        (abs)        00099
_PEIE                          (abs)        0005E
_PEN                           (abs)        010B2
_PIR1bits                      (abs)        00011
_PORTBbits                     (abs)        0000D
_RCEN                          (abs)        010B3
_RCIE                          (abs)        0048D
_RCIF                          (abs)        0008D
_RCREG                         (abs)        00199
_RCSTAbits                     (abs)        0019D
_RSEN                          (abs)        010B1
_SEN                           (abs)        010B0
_SIM800Command                 text7        002C7
_SIM800DeleteSms               text6        007B8
_SIM800L                       (abs)        02063
_SIM800LClear                  text5        00EB5
_SIM800ReadSms                 text4        00DB1
_SIM800SendSms                 text8        00E50
_SIM800init                    text3        00F1C
_SPBRG                         (abs)        0019B
_SSPADD                        (abs)        00212
_SSPBUF                        (abs)        00211
_SSPCON                        (abs)        00215
_SSPCON2                       (abs)        00216
_SSPSTAT                       (abs)        00214
_SYSTEMInit                    text2        00BB7
_TRISA4                        (abs)        00464
_TRISA5                        (abs)        00465
_TRISB4                        (abs)        0046C
_TRISB6                        (abs)        0046E
_TRISB7                        (abs)        0046F
_TRISC0                        (abs)        00470
_TRISC1                        (abs)        00471
_TRISC2                        (abs)        00472
_TRISC4                        (abs)        00474
_TRISC5                        (abs)        00475
_TRISC6                        (abs)        00476
_TRISC7                        (abs)        00477
_TXREG                         (abs)        0019A
_TXSTAbits                     (abs)        0019E
_USARTHandleRxInt              text36       00031
_USARTInit                     text1        00D67
_USARTWriteChar                text11       00B11
_USARTWriteLine                text9        00B48
_USARTWriteString              text10       00B69
_WDTCONbits                    (abs)        00097
__CFG_BOREN$ON                 (abs)        00000
__CFG_BORV$LO                  (abs)        00000
__CFG_CLKOUTEN$OFF             (abs)        00000
__CFG_CP$ON                    (abs)        00000
__CFG_CPD$ON                   (abs)        00000
__CFG_FCMEN$ON                 (abs)        00000
__CFG_FOSC$INTOSC              (abs)        00000
__CFG_IESO$ON                  (abs)        00000
__CFG_LVP$ON                   (abs)        00000
__CFG_MCLRE$OFF                (abs)        00000
__CFG_PLLEN$OFF                (abs)        00000
__CFG_PWRTE$ON                 (abs)        00000
__CFG_STVREN$ON                (abs)        00000
__CFG_WDTE$ON                  (abs)        00000
__CFG_WRT$OFF                  (abs)        00000
__Habs1                        abs1         00000
__Hbank0                       bank0        00000
__Hbank1                       bank1        00000
__Hbank10                      bank10       00000
__Hbank11                      bank11       00000
__Hbank12                      bank12       00000
__Hbank13                      bank13       00000
__Hbank14                      bank14       00000
__Hbank15                      bank15       00000
__Hbank16                      bank16       00000
__Hbank17                      bank17       00000
__Hbank18                      bank18       00000
__Hbank19                      bank19       00000
__Hbank2                       bank2        00000
__Hbank20                      bank20       00000
__Hbank21                      bank21       00000
__Hbank22                      bank22       00000
__Hbank23                      bank23       00000
__Hbank24                      bank24       00000
__Hbank25                      bank25       00000
__Hbank26                      bank26       00000
__Hbank27                      bank27       00000
__Hbank28                      bank28       00000
__Hbank29                      bank29       00000
__Hbank3                       bank3        00000
__Hbank30                      bank30       00000
__Hbank31                      bank31       00000
__Hbank4                       bank4        00000
__Hbank5                       bank5        00000
__Hbank6                       bank6        00000
__Hbank7                       bank7        00000
__Hbank8                       bank8        00000
__Hbank9                       bank9        00000
__Hbigram                      bigram       00000
__HbssBANK0                    bssBANK0     00000
__Hcinit                       cinit        00031
__Hclrtext                     clrtext      00000
__Hcode                        code         00000
__Hcommon                      common       00000
__Hconfig                      config       08009
__HcstackBANK0                 cstackBANK0  00000
__HcstackCOMMON                cstackCOMMON 00000
__Heeprom_data                 eeprom_data  00000
__Hend_init                    end_init     00018
__Hfunctab                     functab      00000
__Hidloc                       idloc        00000
__Hinit                        init         00016
__Hintentry                    intentry     00016
__Hmaintext                    maintext     00000
__Hpowerup                     powerup      00000
__Hram                         ram          00000
__Hreset_vec                   reset_vec    00003
__Hsfr0                        sfr0         00000
__Hsfr1                        sfr1         00000
__Hsfr10                       sfr10        00000
__Hsfr11                       sfr11        00000
__Hsfr12                       sfr12        00000
__Hsfr13                       sfr13        00000
__Hsfr14                       sfr14        00000
__Hsfr15                       sfr15        00000
__Hsfr16                       sfr16        00000
__Hsfr17                       sfr17        00000
__Hsfr18                       sfr18        00000
__Hsfr19                       sfr19        00000
__Hsfr2                        sfr2         00000
__Hsfr20                       sfr20        00000
__Hsfr21                       sfr21        00000
__Hsfr22                       sfr22        00000
__Hsfr23                       sfr23        00000
__Hsfr24                       sfr24        00000
__Hsfr25                       sfr25        00000
__Hsfr26                       sfr26        00000
__Hsfr27                       sfr27        00000
__Hsfr28                       sfr28        00000
__Hsfr29                       sfr29        00000
__Hsfr3                        sfr3         00000
__Hsfr30                       sfr30        00000
__Hsfr31                       sfr31        00000
__Hsfr4                        sfr4         00000
__Hsfr5                        sfr5         00000
__Hsfr6                        sfr6         00000
__Hsfr7                        sfr7         00000
__Hsfr8                        sfr8         00000
__Hsfr9                        sfr9         00000
__Hspace_0                     (abs)        08009
__Hspace_1                     (abs)        0007C
__Hspace_2                     (abs)        00000
__Hspace_3                     (abs)        00000
__Hstack                       stack        00000
__Hstrings                     strings      00000
__Hstringtext                  stringtext   00000
__Htext                        text         00000
__Labs1                        abs1         00000
__Lbank0                       bank0        00000
__Lbank1                       bank1        00000
__Lbank10                      bank10       00000
__Lbank11                      bank11       00000
__Lbank12                      bank12       00000
__Lbank13                      bank13       00000
__Lbank14                      bank14       00000
__Lbank15                      bank15       00000
__Lbank16                      bank16       00000
__Lbank17                      bank17       00000
__Lbank18                      bank18       00000
__Lbank19                      bank19       00000
__Lbank2                       bank2        00000
__Lbank20                      bank20       00000
__Lbank21                      bank21       00000
__Lbank22                      bank22       00000
__Lbank23                      bank23       00000
__Lbank24                      bank24       00000
__Lbank25                      bank25       00000
__Lbank26                      bank26       00000
__Lbank27                      bank27       00000
__Lbank28                      bank28       00000
__Lbank29                      bank29       00000
__Lbank3                       bank3        00000
__Lbank30                      bank30       00000
__Lbank31                      bank31       00000
__Lbank4                       bank4        00000
__Lbank5                       bank5        00000
__Lbank6                       bank6        00000
__Lbank7                       bank7        00000
__Lbank8                       bank8        00000
__Lbank9                       bank9        00000
__Lbigram                      bigram       00000
__LbssBANK0                    bssBANK0     00000
__Lcinit                       cinit        00018
__Lclrtext                     clrtext      00000
__Lcode                        code         00000
__Lcommon                      common       00000
__Lconfig                      config       08007
__LcstackBANK0                 cstackBANK0  00000
__LcstackCOMMON                cstackCOMMON 00000
__Leeprom_data                 eeprom_data  00000
__Lend_init                    end_init     00016
__Lfunctab                     functab      00000
__Lidloc                       idloc        00000
__Linit                        init         00016
__Lintentry                    intentry     00004
__Lmaintext                    maintext     00000
__Lpowerup                     powerup      00000
__Lram                         ram          00000
__Lreset_vec                   reset_vec    00000
__Lsfr0                        sfr0         00000
__Lsfr1                        sfr1         00000
__Lsfr10                       sfr10        00000
__Lsfr11                       sfr11        00000
__Lsfr12                       sfr12        00000
__Lsfr13                       sfr13        00000
__Lsfr14                       sfr14        00000
__Lsfr15                       sfr15        00000
__Lsfr16                       sfr16        00000
__Lsfr17                       sfr17        00000
__Lsfr18                       sfr18        00000
__Lsfr19                       sfr19        00000
__Lsfr2                        sfr2         00000
__Lsfr20                       sfr20        00000
__Lsfr21                       sfr21        00000
__Lsfr22                       sfr22        00000
__Lsfr23                       sfr23        00000
__Lsfr24                       sfr24        00000
__Lsfr25                       sfr25        00000
__Lsfr26                       sfr26        00000
__Lsfr27                       sfr27        00000
__Lsfr28                       sfr28        00000
__Lsfr29                       sfr29        00000
__Lsfr3                        sfr3         00000
__Lsfr30                       sfr30        00000
__Lsfr31                       sfr31        00000
__Lsfr4                        sfr4         00000
__Lsfr5                        sfr5         00000
__Lsfr6                        sfr6         00000
__Lsfr7                        sfr7         00000
__Lsfr8                        sfr8         00000
__Lsfr9                        sfr9         00000
__Lspace_0                     (abs)        00000
__Lspace_1                     (abs)        00000
__Lspace_2                     (abs)        00000
__Lspace_3                     (abs)        00000
__Lstack                       stack        00000
__Lstrings                     strings      00000
__Lstringtext                  stringtext   00000
__Ltext                        text         00000
__S0                           (abs)        08009
__S1                           (abs)        0007C
__S2                           (abs)        00000
__S3                           (abs)        00000
___int_sp                      stack        00000
___latbits                     (abs)        00001
___lwdiv                       text15       00CB2
___lwdiv@counter               cstackBANK0  0002C
___lwdiv@dividend              cstackBANK0  00027
___lwdiv@divisor               cstackBANK0  00025
___lwdiv@quotient              cstackBANK0  0002A
___sp                          stack        00000
___wmul                        text25       00B9B
___wmul@multiplicand           cstackBANK0  00027
___wmul@multiplier             cstackBANK0  00025
___wmul@product                cstackBANK0  00029
__end_of_EEPROMAdd             text19       00D67
__end_of_EEPROMCheckPassword   text18       00E50
__end_of_EEPROMDeleteNumber    text17       00D1E
__end_of_EEPROMEraseAll        text16       00BFD
__end_of_EEPROMSaveNumber      text24       01000
__end_of_EEPROMSearchNumber    text14       0073A
__end_of_EEPROMUpdatePassword  text13       007B8
__end_of_EepromRead            text20       00C28
__end_of_EepromWrite           text26       00B9B
__end_of_GPIOBlueLedBlink      text34       00C56
__end_of_GPIOGreenLedBlink     text33       00C84
__end_of_GPIOPortInit          text32       00B69
__end_of_GPIORedLedBlink       text12       00CB2
__end_of_I2CInit               text31       00B2E
__end_of_I2CNak                text23       007FF
__end_of_I2CRead               text22       00B48
__end_of_I2CRestart            text21       00B09
__end_of_I2CSend               text29       00B23
__end_of_I2CStart              text28       00AFF
__end_of_I2CStop               text27       00B04
__end_of_I2CWait               text30       00B11
__end_of_ISR                   intentry     00016
__end_of_SIM800Command         text7        004FA
__end_of_SIM800DeleteSms       text6        007F9
__end_of_SIM800LClear          text5        00F1C
__end_of_SIM800ReadSms         text4        00DFC
__end_of_SIM800SendSms         text8        00EB5
__end_of_SIM800init            text3        00F8B
__end_of_SYSTEMInit            text2        00BD8
__end_of_USARTHandleRxInt      text36       002C7
__end_of_USARTInit             text1        00DB1
__end_of_USARTWriteChar        text11       00B19
__end_of_USARTWriteLine        text9        00B58
__end_of_USARTWriteString      text10       00B80
__end_of___lwdiv               text15       00CE7
__end_of___wmul                text25       00BB7
__end_of__initialization       cinit        0002D
__end_of_main                  maintext     005E7
__initialization               cinit        00018
__pbssBANK0                    bssBANK0     00051
__pbssBIGRAM                   (abs)        02063
__pcstackBANK0                 cstackBANK0  00020
__pcstackCOMMON                cstackCOMMON 00070
__pintentry                    intentry     00004
__pmaintext                    maintext     004FA
__pstringtext                  stringtext   005E7
__ptext1                       text1        00D67
__ptext10                      text10       00B69
__ptext11                      text11       00B11
__ptext12                      text12       00C84
__ptext13                      text13       0073A
__ptext14                      text14       006B7
__ptext15                      text15       00CB2
__ptext16                      text16       00BD8
__ptext17                      text17       00CE7
__ptext18                      text18       00DFC
__ptext19                      text19       00D1E
__ptext2                       text2        00BB7
__ptext20                      text20       00BFD
__ptext21                      text21       00B04
__ptext22                      text22       00B3A
__ptext23                      text23       007F9
__ptext24                      text24       00F8B
__ptext25                      text25       00B9B
__ptext26                      text26       00B80
__ptext27                      text27       00AFF
__ptext28                      text28       00AFA
__ptext29                      text29       00B19
__ptext3                       text3        00F1C
__ptext30                      text30       00B09
__ptext31                      text31       00B23
__ptext32                      text32       00B58
__ptext33                      text33       00C56
__ptext34                      text34       00C28
__ptext36                      text36       00031
__ptext4                       text4        00DB1
__ptext5                       text5        00EB5
__ptext6                       text6        007B8
__ptext7                       text7        002C7
__ptext8                       text8        00E50
__ptext9                       text9        00B48
__size_of_EEPROMAdd            (abs)        00000
__size_of_EEPROMCheckPassword  (abs)        00000
__size_of_EEPROMDeleteNumber   (abs)        00000
__size_of_EEPROMEraseAll       (abs)        00000
__size_of_EEPROMSaveNumber     (abs)        00000
__size_of_EEPROMSearchNumber   (abs)        00000
__size_of_EEPROMUpdatePassword (abs)        00000
__size_of_EepromRead           (abs)        00000
__size_of_EepromWrite          (abs)        00000
__size_of_GPIOBlueLedBlink     (abs)        00000
__size_of_GPIOGreenLedBlink    (abs)        00000
__size_of_GPIOPortInit         (abs)        00000
__size_of_GPIORedLedBlink      (abs)        00000
__size_of_I2CInit              (abs)        00000
__size_of_I2CNak               (abs)        00000
__size_of_I2CRead              (abs)        00000
__size_of_I2CRestart           (abs)        00000
__size_of_I2CSend              (abs)        00000
__size_of_I2CStart             (abs)        00000
__size_of_I2CStop              (abs)        00000
__size_of_I2CWait              (abs)        00000
__size_of_ISR                  (abs)        00000
__size_of_SIM800Command        (abs)        00000
__size_of_SIM800DeleteSms      (abs)        00000
__size_of_SIM800LClear         (abs)        00000
__size_of_SIM800ReadSms        (abs)        00000
__size_of_SIM800SendSms        (abs)        00000
__size_of_SIM800init           (abs)        00000
__size_of_SYSTEMInit           (abs)        00000
__size_of_USARTHandleRxInt     (abs)        00000
__size_of_USARTInit            (abs)        00000
__size_of_USARTWriteChar       (abs)        00000
__size_of_USARTWriteLine       (abs)        00000
__size_of_USARTWriteString     (abs)        00000
__size_of___lwdiv              (abs)        00000
__size_of___wmul               (abs)        00000
__size_of_main                 (abs)        00000
_bufque                        bssBANK0     0005A
_i                             bssBANK0     0005B
_main                          maintext     004FA
_password                      bssBANK0     00056
_password_empty                bssBANK0     0005D
_task                          bssBANK0     0005C
btemp                          (abs)        0007E
clear_ram0                     clrtext      00B2E
end_of_initialization          cinit        0002D
int$flags                      (abs)        0007E
intlevel0                      functab      00000
intlevel1                      functab      00000
intlevel2                      functab      00000
intlevel3                      functab      00000
intlevel4                      functab      00000
intlevel5                      functab      00000
ltemp                          (abs)        0007E
ltemp0                         (abs)        0007E
ltemp1                         (abs)        00082
ltemp2                         (abs)        00086
ltemp3                         (abs)        00080
reset_vec                      reset_vec    00000
stackhi                        (abs)        02062
stacklo                        (abs)        02041
start                          init         00016
start_initialization           cinit        00018
ttemp                          (abs)        0007E
ttemp0                         (abs)        0007E
ttemp1                         (abs)        00081
ttemp2                         (abs)        00084
ttemp3                         (abs)        00087
ttemp4                         (abs)        0007F
wtemp                          (abs)        0007E
wtemp0                         (abs)        0007E
wtemp1                         (abs)        00080
wtemp2                         (abs)        00082
wtemp3                         (abs)        00084
wtemp4                         (abs)        00086
wtemp5                         (abs)        00088
wtemp6                         (abs)        0007F


FUNCTION INFORMATION:

 *************** function _main *****************
 Defined at:
		line 14 in file "main.c"
 Parameters:    Size  Location     Type
		None
 Auto vars:     Size  Location     Type
		None
 Return value:  Size  Location     Type
                  1    wreg      void 
 Registers used:
		wreg, fsr0l, fsr0h, fsr1l, fsr1h, status,2, status,0, pclath, cstack
 Tracked objects:
		On entry : 
		On exit  : 
		Unchanged: 
 Data sizes:     COMMON   BANK0   BANK1   BANK2
      Params:         0       0       0       0
      Locals:         0       0       0       0
      Temps:          0       3       0       0
      Totals:         0       3       0       0
Total ram usage:        3 bytes
 Hardware stack levels required when called:    8
 This function calls:
		_EEPROMCheckPassword
		_EEPROMSearchNumber
		_EEPROMUpdatePassword
		_GPIOBlueLedBlink
		_GPIOGreenLedBlink
		_GPIOPortInit
		_GPIORedLedBlink
		_I2CInit
		_SIM800Command
		_SIM800DeleteSms
		_SIM800LClear
		_SIM800ReadSms
		_SIM800SendSms
		_SIM800init
		_SYSTEMInit
		_USARTInit
		_USARTWriteLine
 This function is called by:
		Startup code after reset
 This function uses a non-reentrant model


 *************** function _USARTInit *****************
 Defined at:
		line 6 in file "usart.c"
 Parameters:    Size  Location     Type
  baud_rate       2    5[BANK0 ] unsigned int 
 Auto vars:     Size  Location     Type
		None
 Return value:  Size  Location     Type
                  1    wreg      void 
 Registers used:
		wreg, fsr0l, fsr0h, status,2, status,0
 Tracked objects:
		On entry : 
		On exit  : 
		Unchanged: 
 Data sizes:     COMMON   BANK0   BANK1   BANK2
      Params:         0       2       0       0
      Locals:         0       0       0       0
      Temps:          0       0       0       0
      Totals:         0       2       0       0
Total ram usage:        2 bytes
 Hardware stack levels used:    1
 Hardware stack levels required when called:    2
 This function calls:
		Nothing
 This function is called by:
		_main
 This function uses a non-reentrant model


 *************** function _SYSTEMInit *****************
 Defined at:
		line 5 in file "system.c"
 Parameters:    Size  Location     Type
  freq            1    wreg     unsigned char 
 Auto vars:     Size  Location     Type
  freq            1    5[BANK0 ] unsigned char 
 Return value:  Size  Location     Type
                  1    wreg      void 
 Registers used:
		wreg, fsr0l, fsr0h, status,2, status,0
 Tracked objects:
		On entry : 
		On exit  : 
		Unchanged: 
 Data sizes:     COMMON   BANK0   BANK1   BANK2
      Params:         0       0       0       0
      Locals:         0       1       0       0
      Temps:          0       0       0       0
      Totals:         0       1       0       0
Total ram usage:        1 bytes
 Hardware stack levels used:    1
 Hardware stack levels required when called:    2
 This function calls:
		Nothing
 This function is called by:
		_main
 This function uses a non-reentrant model


 *************** function _SIM800init *****************
 Defined at:
		line 7 in file "sim800l.c"
 Parameters:    Size  Location     Type
		None
 Auto vars:     Size  Location     Type
		None
 Return value:  Size  Location     Type
                  1    wreg      unsigned char 
 Registers used:
		wreg, fsr0l, fsr0h, status,2, status,0, pclath, cstack
 Tracked objects:
		On entry : 
		On exit  : 
		Unchanged: 
 Data sizes:     COMMON   BANK0   BANK1   BANK2
      Params:         0       0       0       0
      Locals:         0       0       0       0
      Temps:          0       3       0       0
      Totals:         0       3       0       0
Total ram usage:        3 bytes
 Hardware stack levels used:    1
 Hardware stack levels required when called:    5
 This function calls:
		_USARTWriteLine
 This function is called by:
		_main
 This function uses a non-reentrant model


 *************** function _SIM800ReadSms *****************
 Defined at:
		line 52 in file "sim800l.c"
 Parameters:    Size  Location     Type
  mem             2   11[BANK0 ] PTR const unsigned char 
		 -> SIM800L.smsmem(5), SIM800L(125), 
 Auto vars:     Size  Location     Type
		None
 Return value:  Size  Location     Type
                  1    wreg      unsigned char 
 Registers used:
		wreg, fsr0l, fsr0h, status,2, status,0, pclath, cstack
 Tracked objects:
		On entry : 
		On exit  : 
		Unchanged: 
 Data sizes:     COMMON   BANK0   BANK1   BANK2
      Params:         0       2       0       0
      Locals:         0       0       0       0
      Temps:          0       3       0       0
      Totals:         0       5       0       0
Total ram usage:        5 bytes
 Hardware stack levels used:    1
 Hardware stack levels required when called:    5
 This function calls:
		_USARTWriteLine
		_USARTWriteString
 This function is called by:
		_main
 This function uses a non-reentrant model


 *************** function _SIM800LClear *****************
 Defined at:
		line 176 in file "sim800l.c"
 Parameters:    Size  Location     Type
		None
 Auto vars:     Size  Location     Type
  i               1    9[BANK0 ] unsigned char 
 Return value:  Size  Location     Type
                  1    wreg      void 
 Registers used:
		wreg, fsr1l, fsr1h, status,2, status,0
 Tracked objects:
		On entry : 
		On exit  : 
		Unchanged: 
 Data sizes:     COMMON   BANK0   BANK1   BANK2
      Params:         0       0       0       0
      Locals:         0       1       0       0
      Temps:          0       4       0       0
      Totals:         0       5       0       0
Total ram usage:        5 bytes
 Hardware stack levels used:    1
 Hardware stack levels required when called:    2
 This function calls:
		Nothing
 This function is called by:
		_main
 This function uses a non-reentrant model


 *************** function _SIM800DeleteSms *****************
 Defined at:
		line 63 in file "sim800l.c"
 Parameters:    Size  Location     Type
  index           2   11[BANK0 ] PTR const unsigned char 
		 -> STR_23(2), 
  flag            2   13[BANK0 ] PTR const unsigned char 
		 -> STR_24(2), 
 Auto vars:     Size  Location     Type
		None
 Return value:  Size  Location     Type
                  1    wreg      unsigned char 
 Registers used:
		wreg, fsr0l, fsr0h, status,2, status,0, pclath, cstack
 Tracked objects:
		On entry : 
		On exit  : 
		Unchanged: 
 Data sizes:     COMMON   BANK0   BANK1   BANK2
      Params:         0       4       0       0
      Locals:         0       0       0       0
      Temps:          0       3       0       0
      Totals:         0       7       0       0
Total ram usage:        7 bytes
 Hardware stack levels used:    1
 Hardware stack levels required when called:    5
 This function calls:
		_USARTWriteChar
		_USARTWriteLine
		_USARTWriteString
 This function is called by:
		_main
 This function uses a non-reentrant model


 *************** function _SIM800Command *****************
 Defined at:
		line 111 in file "sim800l.c"
 Parameters:    Size  Location     Type
		None
 Auto vars:     Size  Location     Type
  add             1   45[BANK0 ] unsigned char 
 Return value:  Size  Location     Type
                  1    wreg      unsigned char 
 Registers used:
		wreg, fsr0l, fsr0h, fsr1l, fsr1h, status,2, status,0, pclath, cstack
 Tracked objects:
		On entry : 
		On exit  : 
		Unchanged: 
 Data sizes:     COMMON   BANK0   BANK1   BANK2
      Params:         0       0       0       0
      Locals:         0       1       0       0
      Temps:          0      11       0       0
      Totals:         0      12       0       0
Total ram usage:       12 bytes
 Hardware stack levels used:    1
 Hardware stack levels required when called:    7
 This function calls:
		_EEPROMAdd
		_EEPROMCheckPassword
		_EEPROMDeleteNumber
		_EEPROMEraseAll
		_EEPROMSearchNumber
		_EEPROMUpdatePassword
		_GPIORedLedBlink
		_SIM800SendSms
 This function is called by:
		_main
 This function uses a non-reentrant model


 *************** function _SIM800SendSms *****************
 Defined at:
		line 36 in file "sim800l.c"
 Parameters:    Size  Location     Type
  nmbr            2   11[BANK0 ] PTR const unsigned char 
		 -> STR_19(11), SIM800L.cell(15), SIM800L(125), 
  msg             2   13[BANK0 ] PTR const unsigned char 
		 -> STR_20(15), STR_16(29), STR_15(26), STR_14(27), 
 Auto vars:     Size  Location     Type
		None
 Return value:  Size  Location     Type
                  1    wreg      unsigned char 
 Registers used:
		wreg, fsr0l, fsr0h, status,2, status,0, pclath, cstack
 Tracked objects:
		On entry : 
		On exit  : 
		Unchanged: 
 Data sizes:     COMMON   BANK0   BANK1   BANK2
      Params:         0       4       0       0
      Locals:         0       0       0       0
      Temps:          0       3       0       0
      Totals:         0       7       0       0
Total ram usage:        7 bytes
 Hardware stack levels used:    1
 Hardware stack levels required when called:    5
 This function calls:
		_USARTWriteChar
		_USARTWriteLine
		_USARTWriteString
 This function is called by:
		_SIM800Command
		_main
 This function uses a non-reentrant model


 *************** function _USARTWriteLine *****************
 Defined at:
		line 66 in file "usart.c"
 Parameters:    Size  Location     Type
  str             2    9[BANK0 ] PTR const unsigned char 
		 -> STR_22(6), STR_21(9), STR_12(9), STR_10(9), 
		 -> STR_9(14), STR_7(10), STR_6(14), STR_5(5), 
		 -> STR_4(12), STR_3(7), STR_2(5), STR_1(3), 
 Auto vars:     Size  Location     Type
		None
 Return value:  Size  Location     Type
                  1    wreg      void 
 Registers used:
		wreg, fsr0l, fsr0h, status,2, status,0, pclath, cstack
 Tracked objects:
		On entry : 
		On exit  : 
		Unchanged: 
 Data sizes:     COMMON   BANK0   BANK1   BANK2
      Params:         0       2       0       0
      Locals:         0       0       0       0
      Temps:          0       0       0       0
      Totals:         0       2       0       0
Total ram usage:        2 bytes
 Hardware stack levels used:    1
 Hardware stack levels required when called:    4
 This function calls:
		_USARTWriteChar
		_USARTWriteString
 This function is called by:
		_SIM800init
		_SIM800SendSms
		_SIM800ReadSms
		_SIM800DeleteSms
		_main
		_EEPROMPrint
		_SIM800sendCommand
 This function uses a non-reentrant model


 *************** function _USARTWriteString *****************
 Defined at:
		line 57 in file "usart.c"
 Parameters:    Size  Location     Type
  str             2    6[BANK0 ] PTR const unsigned char 
		 -> STR_24(2), STR_23(2), STR_22(6), STR_21(9), 
		 -> STR_20(15), STR_19(11), SIM800L.smsmem(5), STR_16(29), 
		 -> STR_15(26), STR_14(27), SIM800L.cell(15), SIM800L(125), 
		 -> STR_13(3), STR_12(9), STR_11(3), STR_10(9), 
		 -> STR_9(14), STR_8(4), STR_7(10), STR_6(14), 
		 -> STR_5(5), STR_4(12), STR_3(7), STR_2(5), 
		 -> STR_1(3), 
 Auto vars:     Size  Location     Type
		None
 Return value:  Size  Location     Type
                  1    wreg      void 
 Registers used:
		wreg, fsr0l, fsr0h, status,2, status,0, pclath, cstack
 Tracked objects:
		On entry : 
		On exit  : 
		Unchanged: 
 Data sizes:     COMMON   BANK0   BANK1   BANK2
      Params:         0       2       0       0
      Locals:         0       0       0       0
      Temps:          0       1       0       0
      Totals:         0       3       0       0
Total ram usage:        3 bytes
 Hardware stack levels used:    1
 Hardware stack levels required when called:    3
 This function calls:
		_USARTWriteChar
 This function is called by:
		_SIM800SendSms
		_SIM800ReadSms
		_SIM800DeleteSms
		_USARTWriteLine
 This function uses a non-reentrant model


 *************** function _USARTWriteChar *****************
 Defined at:
		line 51 in file "usart.c"
 Parameters:    Size  Location     Type
  ch              1    wreg     unsigned char 
 Auto vars:     Size  Location     Type
  ch              1    5[BANK0 ] unsigned char 
 Return value:  Size  Location     Type
                  1    wreg      void 
 Registers used:
		wreg
 Tracked objects:
		On entry : 
		On exit  : 
		Unchanged: 
 Data sizes:     COMMON   BANK0   BANK1   BANK2
      Params:         0       0       0       0
      Locals:         0       1       0       0
      Temps:          0       0       0       0
      Totals:         0       1       0       0
Total ram usage:        1 bytes
 Hardware stack levels used:    1
 Hardware stack levels required when called:    2
 This function calls:
		Nothing
 This function is called by:
		_SIM800SendSms
		_SIM800DeleteSms
		_USARTWriteString
		_USARTWriteLine
		_EEPROMPrint
		_USARTWriteInt
		_USARTGotoNewLine
 This function uses a non-reentrant model


 *************** function _GPIORedLedBlink *****************
 Defined at:
		line 27 in file "gpio.c"
 Parameters:    Size  Location     Type
  times           1    wreg     unsigned char 
 Auto vars:     Size  Location     Type
  times           1    8[BANK0 ] unsigned char 
  i               1    9[BANK0 ] unsigned char 
 Return value:  Size  Location     Type
                  1    wreg      void 
 Registers used:
		wreg, status,2, status,0
 Tracked objects:
		On entry : 
		On exit  : 
		Unchanged: 
 Data sizes:     COMMON   BANK0   BANK1   BANK2
      Params:         0       0       0       0
      Locals:         0       2       0       0
      Temps:          0       3       0       0
      Totals:         0       5       0       0
Total ram usage:        5 bytes
 Hardware stack levels used:    1
 Hardware stack levels required when called:    2
 This function calls:
		Nothing
 This function is called by:
		_SIM800Command
		_main
 This function uses a non-reentrant model


 *************** function _EEPROMUpdatePassword *****************
 Defined at:
		line 242 in file "eeprom.c"
 Parameters:    Size  Location     Type
  pass            2    9[BANK0 ] PTR const unsigned char 
		 -> STR_18(5), SIM800L.password(5), STR_17(5), SIM800L(125), 
 Auto vars:     Size  Location     Type
		None
 Return value:  Size  Location     Type
                  1    wreg      void 
 Registers used:
		wreg, fsr0l, fsr0h, status,2, status,0, pclath, cstack
 Tracked objects:
		On entry : 
		On exit  : 
		Unchanged: 
 Data sizes:     COMMON   BANK0   BANK1   BANK2
      Params:         0       2       0       0
      Locals:         0       0       0       0
      Temps:          0       3       0       0
      Totals:         0       5       0       0
Total ram usage:        5 bytes
 Hardware stack levels used:    1
 Hardware stack levels required when called:    5
 This function calls:
		_EepromWrite
 This function is called by:
		_SIM800Command
		_main
 This function uses a non-reentrant model


 *************** function _EEPROMSearchNumber *****************
 Defined at:
		line 174 in file "eeprom.c"
 Parameters:    Size  Location     Type
  nmbr            2   15[BANK0 ] PTR const unsigned char 
		 -> SIM800L.cell(15), SIM800L(125), 
  nmbrLenght      1   17[BANK0 ] unsigned char 
 Auto vars:     Size  Location     Type
  aux             2   28[BANK0 ] unsigned int 
  result          2   26[BANK0 ] unsigned int 
  count           2   24[BANK0 ] unsigned int 
 Return value:  Size  Location     Type
                  2   15[BANK0 ] unsigned int 
 Registers used:
		wreg, fsr1l, fsr1h, status,2, status,0, pclath, cstack
 Tracked objects:
		On entry : 
		On exit  : 
		Unchanged: 
 Data sizes:     COMMON   BANK0   BANK1   BANK2
      Params:         0       3       0       0
      Locals:         0       6       0       0
      Temps:          0       6       0       0
      Totals:         0      15       0       0
Total ram usage:       15 bytes
 Hardware stack levels used:    1
 Hardware stack levels required when called:    5
 This function calls:
		_EepromRead
		___lwdiv
 This function is called by:
		_SIM800Command
		_main
 This function uses a non-reentrant model


 *************** function ___lwdiv *****************
 Defined at:
		line 6 in file "C:\Program Files (x86)\Microchip\xc8\v1.38\sources\common\lwdiv.c"
 Parameters:    Size  Location     Type
  divisor         2    5[BANK0 ] unsigned int 
  dividend        2    7[BANK0 ] unsigned int 
 Auto vars:     Size  Location     Type
  quotient        2   10[BANK0 ] unsigned int 
  counter         1   12[BANK0 ] unsigned char 
 Return value:  Size  Location     Type
                  2    5[BANK0 ] unsigned int 
 Registers used:
		wreg, status,2, status,0
 Tracked objects:
		On entry : 
		On exit  : 
		Unchanged: 
 Data sizes:     COMMON   BANK0   BANK1   BANK2
      Params:         0       4       0       0
      Locals:         0       3       0       0
      Temps:          0       1       0       0
      Totals:         0       8       0       0
Total ram usage:        8 bytes
 Hardware stack levels used:    1
 Hardware stack levels required when called:    2
 This function calls:
		Nothing
 This function is called by:
		_EEPROMSearchNumber
 This function uses a non-reentrant model


 *************** function _EEPROMEraseAll *****************
 Defined at:
		line 201 in file "eeprom.c"
 Parameters:    Size  Location     Type
		None
 Auto vars:     Size  Location     Type
  i               2   11[BANK0 ] unsigned int 
 Return value:  Size  Location     Type
                  1    wreg      void 
 Registers used:
		wreg, status,2, status,0, pclath, cstack
 Tracked objects:
		On entry : 
		On exit  : 
		Unchanged: 
 Data sizes:     COMMON   BANK0   BANK1   BANK2
      Params:         0       0       0       0
      Locals:         0       2       0       0
      Temps:          0       2       0       0
      Totals:         0       4       0       0
Total ram usage:        4 bytes
 Hardware stack levels used:    1
 Hardware stack levels required when called:    5
 This function calls:
		_EepromWrite
 This function is called by:
		_SIM800Command
 This function uses a non-reentrant model


 *************** function _EEPROMDeleteNumber *****************
 Defined at:
		line 161 in file "eeprom.c"
 Parameters:    Size  Location     Type
  position        2   11[BANK0 ] unsigned int 
 Auto vars:     Size  Location     Type
  address         2   15[BANK0 ] unsigned int 
  count           1   17[BANK0 ] unsigned char 
 Return value:  Size  Location     Type
                  1    wreg      unsigned char 
 Registers used:
		wreg, status,2, status,0, pclath, cstack
 Tracked objects:
		On entry : 
		On exit  : 
		Unchanged: 
 Data sizes:     COMMON   BANK0   BANK1   BANK2
      Params:         0       2       0       0
      Locals:         0       3       0       0
      Temps:          0       2       0       0
      Totals:         0       7       0       0
Total ram usage:        7 bytes
 Hardware stack levels used:    1
 Hardware stack levels required when called:    5
 This function calls:
		_EepromWrite
		___wmul
 This function is called by:
		_SIM800Command
 This function uses a non-reentrant model


 *************** function _EEPROMCheckPassword *****************
 Defined at:
		line 254 in file "eeprom.c"
 Parameters:    Size  Location     Type
  pass            2   15[BANK0 ] PTR const unsigned char 
		 -> password_empty(4), SIM800L.command(25), SIM800L(125), 
 Auto vars:     Size  Location     Type
		None
 Return value:  Size  Location     Type
                  1    wreg      unsigned char 
 Registers used:
		wreg, fsr1l, fsr1h, status,2, status,0, pclath, cstack
 Tracked objects:
		On entry : 
		On exit  : 
		Unchanged: 
 Data sizes:     COMMON   BANK0   BANK1   BANK2
      Params:         0       2       0       0
      Locals:         0       0       0       0
      Temps:          0       1       0       0
      Totals:         0       3       0       0
Total ram usage:        3 bytes
 Hardware stack levels used:    1
 Hardware stack levels required when called:    5
 This function calls:
		_EepromRead
 This function is called by:
		_SIM800Command
		_main
 This function uses a non-reentrant model


 *************** function _EEPROMAdd *****************
 Defined at:
		line 225 in file "eeprom.c"
 Parameters:    Size  Location     Type
  nmbr            2   25[BANK0 ] PTR const unsigned char 
		 -> SIM800L.cell(15), SIM800L(125), 
  nmbrLenght      1   27[BANK0 ] unsigned char 
 Auto vars:     Size  Location     Type
  empty           2   32[BANK0 ] unsigned int 
  found           2   29[BANK0 ] unsigned int 
  aux             1   31[BANK0 ] unsigned char 
 Return value:  Size  Location     Type
                  1    wreg      unsigned char 
 Registers used:
		wreg, fsr1l, fsr1h, status,2, status,0, pclath, cstack
 Tracked objects:
		On entry : 
		On exit  : 
		Unchanged: 
 Data sizes:     COMMON   BANK0   BANK1   BANK2
      Params:         0       3       0       0
      Locals:         0       5       0       0
      Temps:          0       1       0       0
      Totals:         0       9       0       0
Total ram usage:        9 bytes
 Hardware stack levels used:    1
 Hardware stack levels required when called:    6
 This function calls:
		_EEPROMSaveNumber
		_EepromRead
		___wmul
 This function is called by:
		_SIM800Command
 This function uses a non-reentrant model


 *************** function _EepromRead *****************
 Defined at:
		line 108 in file "eeprom.c"
 Parameters:    Size  Location     Type
  address         2   11[BANK0 ] unsigned int 
 Auto vars:     Size  Location     Type
  data            1   14[BANK0 ] unsigned char 
 Return value:  Size  Location     Type
                  1    wreg      unsigned char 
 Registers used:
		wreg, status,2, status,0, pclath, cstack
 Tracked objects:
		On entry : 
		On exit  : 
		Unchanged: 
 Data sizes:     COMMON   BANK0   BANK1   BANK2
      Params:         0       2       0       0
      Locals:         0       1       0       0
      Temps:          0       1       0       0
      Totals:         0       4       0       0
Total ram usage:        4 bytes
 Hardware stack levels used:    1
 Hardware stack levels required when called:    4
 This function calls:
		_I2CNak
		_I2CRead
		_I2CRestart
		_I2CSend
		_I2CStart
		_I2CStop
 This function is called by:
		_EEPROMSearchNumber
		_EEPROMAdd
		_EEPROMCheckPassword
		_EEPROMPrint
 This function uses a non-reentrant model


 *************** function _I2CRestart *****************
 Defined at:
		line 51 in file "I2C.c"
 Parameters:    Size  Location     Type
		None
 Auto vars:     Size  Location     Type
		None
 Return value:  Size  Location     Type
                  1    wreg      void 
 Registers used:
		None
 Tracked objects:
		On entry : 
		On exit  : 
		Unchanged: 
 Data sizes:     COMMON   BANK0   BANK1   BANK2
      Params:         0       0       0       0
      Locals:         0       0       0       0
      Temps:          0       0       0       0
      Totals:         0       0       0       0
Total ram usage:        0 bytes
 Hardware stack levels used:    1
 Hardware stack levels required when called:    2
 This function calls:
		Nothing
 This function is called by:
		_EepromRead
 This function uses a non-reentrant model


 *************** function _I2CRead *****************
 Defined at:
		line 115 in file "I2C.c"
 Parameters:    Size  Location     Type
		None
 Auto vars:     Size  Location     Type
  temp            1    6[BANK0 ] unsigned char 
 Return value:  Size  Location     Type
                  1    wreg      unsigned char 
 Registers used:
		wreg, status,2, status,0, pclath, cstack
 Tracked objects:
		On entry : 
		On exit  : 
		Unchanged: 
 Data sizes:     COMMON   BANK0   BANK1   BANK2
      Params:         0       0       0       0
      Locals:         0       1       0       0
      Temps:          0       1       0       0
      Totals:         0       2       0       0
Total ram usage:        2 bytes
 Hardware stack levels used:    1
 Hardware stack levels required when called:    3
 This function calls:
		_I2CWait
 This function is called by:
		_EepromRead
 This function uses a non-reentrant model


 *************** function _I2CNak *****************
 Defined at:
		line 76 in file "I2C.c"
 Parameters:    Size  Location     Type
		None
 Auto vars:     Size  Location     Type
		None
 Return value:  Size  Location     Type
                  1    wreg      void 
 Registers used:
		None
 Tracked objects:
		On entry : 
		On exit  : 
		Unchanged: 
 Data sizes:     COMMON   BANK0   BANK1   BANK2
      Params:         0       0       0       0
      Locals:         0       0       0       0
      Temps:          0       0       0       0
      Totals:         0       0       0       0
Total ram usage:        0 bytes
 Hardware stack levels used:    1
 Hardware stack levels required when called:    2
 This function calls:
		Nothing
 This function is called by:
		_EepromRead
 This function uses a non-reentrant model


 *************** function _EEPROMSaveNumber *****************
 Defined at:
		line 134 in file "eeprom.c"
 Parameters:    Size  Location     Type
  nmbr            2   11[BANK0 ] PTR const unsigned char 
		 -> SIM800L.cell(15), SIM800L(125), 
  nmbrLenght      1   13[BANK0 ] unsigned char 
  position        2   14[BANK0 ] unsigned int 
 Auto vars:     Size  Location     Type
  address         2   23[BANK0 ] unsigned int 
  count           2   21[BANK0 ] unsigned int 
  result          2   19[BANK0 ] unsigned int 
 Return value:  Size  Location     Type
                  1    wreg      unsigned char 
 Registers used:
		wreg, fsr1l, fsr1h, status,2, status,0, pclath, cstack
 Tracked objects:
		On entry : 
		On exit  : 
		Unchanged: 
 Data sizes:     COMMON   BANK0   BANK1   BANK2
      Params:         0       5       0       0
      Locals:         0       6       0       0
      Temps:          0       3       0       0
      Totals:         0      14       0       0
Total ram usage:       14 bytes
 Hardware stack levels used:    1
 Hardware stack levels required when called:    5
 This function calls:
		_EepromWrite
		___wmul
 This function is called by:
		_EEPROMAdd
 This function uses a non-reentrant model


 *************** function ___wmul *****************
 Defined at:
		line 15 in file "C:\Program Files (x86)\Microchip\xc8\v1.38\sources\common\Umul16.c"
 Parameters:    Size  Location     Type
  multiplier      2    5[BANK0 ] unsigned int 
  multiplicand    2    7[BANK0 ] unsigned int 
 Auto vars:     Size  Location     Type
  product         2    9[BANK0 ] unsigned int 
 Return value:  Size  Location     Type
                  2    5[BANK0 ] unsigned int 
 Registers used:
		wreg, status,2, status,0
 Tracked objects:
		On entry : 
		On exit  : 
		Unchanged: 
 Data sizes:     COMMON   BANK0   BANK1   BANK2
      Params:         0       4       0       0
      Locals:         0       2       0       0
      Temps:          0       0       0       0
      Totals:         0       6       0       0
Total ram usage:        6 bytes
 Hardware stack levels used:    1
 Hardware stack levels required when called:    2
 This function calls:
		Nothing
 This function is called by:
		_EEPROMSaveNumber
		_EEPROMDeleteNumber
		_EEPROMAdd
		_EEPROMPrint
 This function uses a non-reentrant model


 *************** function _EepromWrite *****************
 Defined at:
		line 84 in file "eeprom.c"
 Parameters:    Size  Location     Type
  address         2    6[BANK0 ] unsigned int 
  data            1    8[BANK0 ] unsigned char 
 Auto vars:     Size  Location     Type
		None
 Return value:  Size  Location     Type
                  1    wreg      void 
 Registers used:
		wreg, status,2, status,0, pclath, cstack
 Tracked objects:
		On entry : 
		On exit  : 
		Unchanged: 
 Data sizes:     COMMON   BANK0   BANK1   BANK2
      Params:         0       3       0       0
      Locals:         0       0       0       0
      Temps:          0       0       0       0
      Totals:         0       3       0       0
Total ram usage:        3 bytes
 Hardware stack levels used:    1
 Hardware stack levels required when called:    4
 This function calls:
		_I2CSend
		_I2CStart
		_I2CStop
 This function is called by:
		_EEPROMSaveNumber
		_EEPROMDeleteNumber
		_EEPROMEraseAll
		_EEPROMUpdatePassword
 This function uses a non-reentrant model


 *************** function _I2CStop *****************
 Defined at:
		line 38 in file "I2C.c"
 Parameters:    Size  Location     Type
		None
 Auto vars:     Size  Location     Type
		None
 Return value:  Size  Location     Type
                  1    wreg      void 
 Registers used:
		None
 Tracked objects:
		On entry : 
		On exit  : 
		Unchanged: 
 Data sizes:     COMMON   BANK0   BANK1   BANK2
      Params:         0       0       0       0
      Locals:         0       0       0       0
      Temps:          0       0       0       0
      Totals:         0       0       0       0
Total ram usage:        0 bytes
 Hardware stack levels used:    1
 Hardware stack levels required when called:    2
 This function calls:
		Nothing
 This function is called by:
		_EepromWrite
		_EepromRead
 This function uses a non-reentrant model


 *************** function _I2CStart *****************
 Defined at:
		line 25 in file "I2C.c"
 Parameters:    Size  Location     Type
		None
 Auto vars:     Size  Location     Type
		None
 Return value:  Size  Location     Type
                  1    wreg      void 
 Registers used:
		None
 Tracked objects:
		On entry : 
		On exit  : 
		Unchanged: 
 Data sizes:     COMMON   BANK0   BANK1   BANK2
      Params:         0       0       0       0
      Locals:         0       0       0       0
      Temps:          0       0       0       0
      Totals:         0       0       0       0
Total ram usage:        0 bytes
 Hardware stack levels used:    1
 Hardware stack levels required when called:    2
 This function calls:
		Nothing
 This function is called by:
		_EepromWrite
		_EepromRead
 This function uses a non-reentrant model


 *************** function _I2CSend *****************
 Defined at:
		line 102 in file "I2C.c"
 Parameters:    Size  Location     Type
  dat             1    wreg     unsigned char 
 Auto vars:     Size  Location     Type
  dat             1    5[BANK0 ] unsigned char 
 Return value:  Size  Location     Type
                  1    wreg      void 
 Registers used:
		wreg, status,2, status,0, pclath, cstack
 Tracked objects:
		On entry : 
		On exit  : 
		Unchanged: 
 Data sizes:     COMMON   BANK0   BANK1   BANK2
      Params:         0       0       0       0
      Locals:         0       1       0       0
      Temps:          0       0       0       0
      Totals:         0       1       0       0
Total ram usage:        1 bytes
 Hardware stack levels used:    1
 Hardware stack levels required when called:    3
 This function calls:
		_I2CWait
 This function is called by:
		_EepromWrite
		_EepromRead
 This function uses a non-reentrant model


 *************** function _I2CWait *****************
 Defined at:
		line 89 in file "I2C.c"
 Parameters:    Size  Location     Type
		None
 Auto vars:     Size  Location     Type
		None
 Return value:  Size  Location     Type
                  1    wreg      void 
 Registers used:
		wreg, status,2
 Tracked objects:
		On entry : 
		On exit  : 
		Unchanged: 
 Data sizes:     COMMON   BANK0   BANK1   BANK2
      Params:         0       0       0       0
      Locals:         0       0       0       0
      Temps:          0       0       0       0
      Totals:         0       0       0       0
Total ram usage:        0 bytes
 Hardware stack levels used:    1
 Hardware stack levels required when called:    2
 This function calls:
		Nothing
 This function is called by:
		_I2CSend
		_I2CRead
 This function uses a non-reentrant model


 *************** function _I2CInit *****************
 Defined at:
		line 9 in file "I2C.c"
 Parameters:    Size  Location     Type
		None
 Auto vars:     Size  Location     Type
		None
 Return value:  Size  Location     Type
                  1    wreg      void 
 Registers used:
		wreg
 Tracked objects:
		On entry : 
		On exit  : 
		Unchanged: 
 Data sizes:     COMMON   BANK0   BANK1   BANK2
      Params:         0       0       0       0
      Locals:         0       0       0       0
      Temps:          0       0       0       0
      Totals:         0       0       0       0
Total ram usage:        0 bytes
 Hardware stack levels used:    1
 Hardware stack levels required when called:    2
 This function calls:
		Nothing
 This function is called by:
		_main
 This function uses a non-reentrant model


 *************** function _GPIOPortInit *****************
 Defined at:
		line 5 in file "gpio.c"
 Parameters:    Size  Location     Type
		None
 Auto vars:     Size  Location     Type
		None
 Return value:  Size  Location     Type
                  1    wreg      void 
 Registers used:
		status,2
 Tracked objects:
		On entry : 
		On exit  : 
		Unchanged: 
 Data sizes:     COMMON   BANK0   BANK1   BANK2
      Params:         0       0       0       0
      Locals:         0       0       0       0
      Temps:          0       0       0       0
      Totals:         0       0       0       0
Total ram usage:        0 bytes
 Hardware stack levels used:    1
 Hardware stack levels required when called:    2
 This function calls:
		Nothing
 This function is called by:
		_main
 This function uses a non-reentrant model


 *************** function _GPIOGreenLedBlink *****************
 Defined at:
		line 51 in file "gpio.c"
 Parameters:    Size  Location     Type
  times           1    wreg     unsigned char 
 Auto vars:     Size  Location     Type
  times           1    8[BANK0 ] unsigned char 
  i               1    9[BANK0 ] unsigned char 
 Return value:  Size  Location     Type
                  1    wreg      void 
 Registers used:
		wreg, status,2, status,0
 Tracked objects:
		On entry : 
		On exit  : 
		Unchanged: 
 Data sizes:     COMMON   BANK0   BANK1   BANK2
      Params:         0       0       0       0
      Locals:         0       2       0       0
      Temps:          0       3       0       0
      Totals:         0       5       0       0
Total ram usage:        5 bytes
 Hardware stack levels used:    1
 Hardware stack levels required when called:    2
 This function calls:
		Nothing
 This function is called by:
		_main
 This function uses a non-reentrant model


 *************** function _GPIOBlueLedBlink *****************
 Defined at:
		line 39 in file "gpio.c"
 Parameters:    Size  Location     Type
  times           1    wreg     unsigned char 
 Auto vars:     Size  Location     Type
  times           1    8[BANK0 ] unsigned char 
  i               1    9[BANK0 ] unsigned char 
 Return value:  Size  Location     Type
                  1    wreg      void 
 Registers used:
		wreg, status,2, status,0
 Tracked objects:
		On entry : 
		On exit  : 
		Unchanged: 
 Data sizes:     COMMON   BANK0   BANK1   BANK2
      Params:         0       0       0       0
      Locals:         0       2       0       0
      Temps:          0       3       0       0
      Totals:         0       5       0       0
Total ram usage:        5 bytes
 Hardware stack levels used:    1
 Hardware stack levels required when called:    2
 This function calls:
		Nothing
 This function is called by:
		_main
 This function uses a non-reentrant model


 *************** function _ISR *****************
 Defined at:
		line 6 in file "isr.c"
 Parameters:    Size  Location     Type
		None
 Auto vars:     Size  Location     Type
		None
 Return value:  Size  Location     Type
                  1    wreg      void 
 Registers used:
		wreg, fsr0l, fsr0h, fsr1l, fsr1h, status,2, status,0, pclath, cstack
 Tracked objects:
		On entry : 
		On exit  : 
		Unchanged: 
 Data sizes:     COMMON   BANK0   BANK1   BANK2
      Params:         0       0       0       0
      Locals:         0       0       0       0
      Temps:          1       0       0       0
      Totals:         1       0       0       0
Total ram usage:        1 bytes
 Hardware stack levels used:    1
 Hardware stack levels required when called:    1
 This function calls:
		_USARTHandleRxInt
 This function is called by:
		Interrupt level 1
 This function uses a non-reentrant model


 *************** function _USARTHandleRxInt *****************
 Defined at:
		line 73 in file "usart.c"
 Parameters:    Size  Location     Type
		None
 Auto vars:     Size  Location     Type
  ci              1    1[BANK0 ] unsigned char 
  ci              1    4[BANK0 ] unsigned char 
  ci              1    3[BANK0 ] unsigned char 
  ci              1    2[BANK0 ] unsigned char 
  data            1    0[BANK0 ] unsigned char 
 Return value:  Size  Location     Type
                  1    wreg      void 
 Registers used:
		wreg, fsr0l, fsr0h, fsr1l, fsr1h, status,2, status,0
 Tracked objects:
		On entry : 
		On exit  : 
		Unchanged: 
 Data sizes:     COMMON   BANK0   BANK1   BANK2
      Params:         0       0       0       0
      Locals:         0       5       0       0
      Temps:         11       0       0       0
      Totals:        11       5       0       0
Total ram usage:       16 bytes
 Hardware stack levels used:    1
 This function calls:
		Nothing
 This function is called by:
		_ISR
 This function uses a non-reentrant model



MODULE INFORMATION

Module		Function		Class		Link	Load	Size
C:\Program Files (x86)\Microchip\xc8\v1.38\sources\common\Umul16.c
		___wmul        		CODE           	0B9B	0000	29

C:\Program Files (x86)\Microchip\xc8\v1.38\sources\common\Umul16.c estimated size: 29

usart.c
		_USARTWriteString		CODE           	0B69	0000	24
		_USARTWriteLine		CODE           	0B48	0000	17
		_USARTWriteChar		CODE           	0B11	0000	9
		_USARTHandleRxInt		CODE           	0031	0000	663
		_USARTInit     		CODE           	0D67	0000	75

usart.c estimated size: 788

I2C.c
		_I2CNak        		CODE           	07F9	0000	7
		_I2CStop       		CODE           	0AFF	0000	6
		_I2CRead       		CODE           	0B3A	0000	15
		_I2CRestart    		CODE           	0B04	0000	6
		_I2CStart      		CODE           	0AFA	0000	6
		_I2CWait       		CODE           	0B09	0000	9
		_I2CInit       		CODE           	0B23	0000	12
		_I2CSend       		CODE           	0B19	0000	11

I2C.c estimated size: 72

C:\Program Files (x86)\Microchip\xc8\v1.38\sources\common\lwdiv.c
		___lwdiv       		CODE           	0CB2	0000	54

C:\Program Files (x86)\Microchip\xc8\v1.38\sources\common\lwdiv.c estimated size: 54

eeprom.c
		_EepromWrite   		CODE           	0B80	0000	28
		_EEPROMSaveNumber		CODE           	0F8B	0000	118
		_EEPROMCheckPassword		CODE           	0DFC	0000	85
		_EEPROMDeleteNumber		CODE           	0CE7	0000	56
		_EEPROMAdd     		CODE           	0D1E	0000	74
		_EEPROMSearchNumber		CODE           	06B7	0000	132
		_EEPROMEraseAll		CODE           	0BD8	0000	38
		_EepromRead    		CODE           	0BFD	0000	44
		_EEPROMUpdatePassword		CODE           	073A	0000	127

eeprom.c estimated size: 702

sim800l.c
		_SIM800Command 		CODE           	02C7	0000	564
		_SIM800SendSms 		CODE           	0E50	0000	102
		_SIM800init    		CODE           	0F1C	0000	112
		_SIM800LClear  		CODE           	0EB5	0000	104
		_SIM800DeleteSms		CODE           	07B8	0000	66
		_SIM800ReadSms 		CODE           	0DB1	0000	76

sim800l.c estimated size: 1024

isr.c
		_ISR           		CODE           	0004	0000	19

isr.c estimated size: 19

shared
		__initialization		CODE           	0018	0000	22

shared estimated size: 22

gpio.c
		_GPIOBlueLedBlink		CODE           	0C28	0000	47
		_GPIOGreenLedBlink		CODE           	0C56	0000	47
		_GPIORedLedBlink		CODE           	0C84	0000	47
		_GPIOPortInit  		CODE           	0B58	0000	18

gpio.c estimated size: 159

main.c
		_main          		CODE           	04FA	0000	238

main.c estimated size: 238

system.c
		_SYSTEMInit    		CODE           	0BB7	0000	34

system.c estimated size: 34

