Microchip MPLAB XC8 Compiler V1.38 ()

Linker command line:

--edf=C:\Program Files (x86)\Microchip\xc8\v1.38\dat\en_msgs.txt -cs \
  -h+dist/default/production\GateOpener.git.production.sym \
  --cmf=dist/default/production\GateOpener.git.production.cmf -z -Q16F1828 \
  -oC:\Users\e882742\AppData\Local\Temp\sjs4.2 \
  -Mdist/default/production/GateOpener.git.production.map -E1 -ver=XC8 \
  -ASTACK=02042h-02072h -pstack=STACK -ACODE=00h-07FFhx2 \
  -ASTRCODE=00h-0FFFh -ASTRING=00h-0FFhx16 -ACONST=00h-0FFhx16 \
  -AENTRY=00h-0FFhx16 -ACOMMON=070h-07Fh -ABANK0=020h-06Fh \
  -ABANK1=0A0h-0EFh -ABANK2=0120h-016Fh -ABIGRAM=02000h-020EFh \
  -ARAM=020h-06Fh,0A0h-0EFh,0120h-016Fh \
  -AABS1=020h-07Fh,0A0h-0EFh,0120h-016Fh -ASFR0=00h-01Fh -ASFR1=080h-09Fh \
  -ASFR2=0100h-011Fh -ASFR3=0180h-01EFh -ASFR4=0200h-026Fh \
  -ASFR5=0280h-02EFh -ASFR6=0300h-036Fh -ASFR7=0380h-03EFh \
  -ASFR8=0400h-046Fh -ASFR9=0480h-04EFh -ASFR10=0500h-056Fh \
  -ASFR11=0580h-05EFh -ASFR12=0600h-066Fh -ASFR13=0680h-06EFh \
  -ASFR14=0700h-076Fh -ASFR15=0780h-07EFh -ASFR16=0800h-086Fh \
  -ASFR17=0880h-08EFh -ASFR18=0900h-096Fh -ASFR19=0980h-09EFh \
  -ASFR20=0A00h-0A6Fh -ASFR21=0A80h-0AEFh -ASFR22=0B00h-0B6Fh \
  -ASFR23=0B80h-0BEFh -ASFR24=0C00h-0C6Fh -ASFR25=0C80h-0CEFh \
  -ASFR26=0D00h-0D6Fh -ASFR27=0D80h-0DEFh -ASFR28=0E00h-0E6Fh \
  -ASFR29=0E80h-0EEFh -ASFR30=0F00h-0F6Fh -ASFR31=0F80h-0FEFh \
  -preset_vec=00h,intentry=04h,init,end_init -ppowerup=CODE -pcinit=CODE \
  -pfunctab=CODE -ACONFIG=08007h-08008h -pconfig=CONFIG -DCONFIG=2 \
  -AIDLOC=08000h-08003h -pidloc=IDLOC -DIDLOC=2 -AEEDATA=00h-0FFh/0F000h \
  -peeprom_data=EEDATA -DEEDATA=2 -DCODE=2 -DSTRCODE=2 -DSTRING=2 -DCONST=2 \
  -DENTRY=2 -k C:\Users\e882742\AppData\Local\Temp\sjs4.obj \
  dist/default/production\GateOpener.git.production.obj 

Object code version is 3.11

Machine type is 16F1828



                Name                               Link     Load   Length Selector   Space Scale
C:\Users\e882742\AppData\Local\Temp\sjs4.obj
                end_init                             16       16        2        8       0
                reset_vec                             0        0        2        0       0
                config                             8007     8007        2    1000E       0
dist/default/production\GateOpener.git.production.obj
                cinit                                18       18       1A        8       0
                intentry                              4        4       12        8       0
                text35                               32       32      335        8       0
                text33                              AA9      AA9       11     1552       0
                text32                              A74      A74        B     14E8       0
                text31                              A5A      A5A        8     14B4       0
                text30                              A6A      A6A        A     14D4       0
                text29                              A45      A45        5     148A       0
                text28                              A4A      A4A        5     1494       0
                text27                              AD1      AD1       1B     15A2       0
                text26                              AEC      AEC       1C     15D8       0
                text25                              788      788       75      F10       0
                text24                              A54      A54        6     14A8       0
                text23                              A8B      A8B        E     1516       0
                text22                              A4F      A4F        5     149E       0
                text21                              B55      B55       2B     16AA       0
                text20                              C84      C84       49     1908       0
                text19                              D62      D62       54     1AC4       0
                text18                              C0D      C0D       37     181A       0
                text17                              B08      B08       25     1610       0
                text16                              BD8      BD8       35     17B0       0
                text15                              F7D      F7D       83     1EFA       0
                text14                              EFF      EFF       7E     1DFE       0
                text13                              B80      B80       2C     1700       0
                text12                              BAC      BAC       2C     1758       0
                text11                              A62      A62        8     14C4       0
                text10                              ABA      ABA       17     1574       0
                text9                               A99      A99       10     1532       0
                text8                               DB6      DB6       65     1B6C       0
                text7                               367      367      26E        8       0
                text6                               C44      C44       40     1888       0
                text5                               E1B      E1B       67     1C36       0
                text4                               D17      D17       4B     1A2E       0
                text3                               E82      E82       7D     1D04       0
                text2                               B2D      B2D       28     165A       0
                text1                               CCD      CCD       4A     199A       0
                maintext                            5D5      5D5       E3        8       0
                cstackBANK0                          20       20       32       20       1
                cstackCOMMON                         70       70        C       70       1
                clrtext                             A7F      A7F        C     14FE       0
                bssBANK0                             52       52       10       20       1
                bssCOMMON                            7C       7C        1       70       1
                stringtext                          6B8      6B8       D0      D70       0

TOTAL           Name                               Link     Load   Length     Space
        CLASS   STACK          

        CLASS   CODE           
                end_init                             16       16        2         0
                cinit                                18       18       1A         0
                intentry                              4        4       12         0
                reset_vec                             0        0        2         0
                text35                               32       32      335         0
                text33                              AA9      AA9       11         0
                text32                              A74      A74        B         0
                text31                              A5A      A5A        8         0
                text30                              A6A      A6A        A         0
                text29                              A45      A45        5         0
                text28                              A4A      A4A        5         0
                text27                              AD1      AD1       1B         0
                text26                              AEC      AEC       1C         0
                text25                              788      788       75         0
                text24                              A54      A54        6         0
                text23                              A8B      A8B        E         0
                text22                              A4F      A4F        5         0
                text21                              B55      B55       2B         0
                text20                              C84      C84       49         0
                text19                              D62      D62       54         0
                text18                              C0D      C0D       37         0
                text17                              B08      B08       25         0
                text16                              BD8      BD8       35         0
                text15                              F7D      F7D       83         0
                text14                              EFF      EFF       7E         0
                text13                              B80      B80       2C         0
                text12                              BAC      BAC       2C         0
                text11                              A62      A62        8         0
                text10                              ABA      ABA       17         0
                text9                               A99      A99       10         0
                text8                               DB6      DB6       65         0
                text7                               367      367      26E         0
                text6                               C44      C44       40         0
                text5                               E1B      E1B       67         0
                text4                               D17      D17       4B         0
                text3                               E82      E82       7D         0
                text2                               B2D      B2D       28         0
                text1                               CCD      CCD       4A         0
                maintext                            5D5      5D5       E3         0
                clrtext                             A7F      A7F        C         0

        CLASS   STRCODE        
                stringtext                          6B8      6B8       D0         0

        CLASS   STRING         

        CLASS   CONST          

        CLASS   ENTRY          

        CLASS   COMMON         
                cstackCOMMON                         70       70        C         1
                bssCOMMON                            7C       7C        1         1

        CLASS   BANK0          
                cstackBANK0                          20       20       32         1
                bssBANK0                             52       52       10         1

        CLASS   BANK1          

        CLASS   BANK2          

        CLASS   BIGRAM         

        CLASS   RAM            

        CLASS   ABS1           
                abs_s1                               7E       7E        2         1
                abs_s1                               C3       C3       2D         1
                abs_s1                              120      120       50         1
                abs_s1                             2073     2073        0         1

        CLASS   SFR0           

        CLASS   SFR1           

        CLASS   SFR2           

        CLASS   SFR3           

        CLASS   SFR4           

        CLASS   SFR5           

        CLASS   SFR6           

        CLASS   SFR7           

        CLASS   SFR8           

        CLASS   SFR9           

        CLASS   SFR10          

        CLASS   SFR11          

        CLASS   SFR12          

        CLASS   SFR13          

        CLASS   SFR14          

        CLASS   SFR15          

        CLASS   SFR16          

        CLASS   SFR17          

        CLASS   SFR18          

        CLASS   SFR19          

        CLASS   SFR20          

        CLASS   SFR21          

        CLASS   SFR22          

        CLASS   SFR23          

        CLASS   SFR24          

        CLASS   SFR25          

        CLASS   SFR26          

        CLASS   SFR27          

        CLASS   SFR28          

        CLASS   SFR29          

        CLASS   SFR30          

        CLASS   SFR31          

        CLASS   CONFIG         
                config                             8007     8007        2         0

        CLASS   IDLOC          

        CLASS   EEDATA         

        CLASS   BANK31         

        CLASS   BANK30         

        CLASS   BANK29         

        CLASS   BANK28         

        CLASS   BANK27         

        CLASS   BANK26         

        CLASS   BANK25         

        CLASS   BANK24         

        CLASS   BANK23         

        CLASS   BANK22         

        CLASS   BANK21         

        CLASS   BANK20         

        CLASS   BANK19         

        CLASS   BANK18         

        CLASS   BANK17         

        CLASS   BANK16         

        CLASS   BANK15         

        CLASS   BANK14         

        CLASS   BANK13         

        CLASS   BANK12         

        CLASS   BANK11         

        CLASS   BANK10         

        CLASS   BANK9          

        CLASS   BANK8          

        CLASS   BANK7          

        CLASS   BANK6          

        CLASS   BANK5          

        CLASS   BANK4          

        CLASS   BANK3          



SEGMENTS        Name                           Load    Length   Top    Selector   Space  Class     Delta

                reset_vec                      000000  000002  000002         0       0  CODE        2
                intentry                       000004  0006B4  0006B8         8       0  CODE        2
                cstackBANK0                    000020  000042  000062        20       1  BANK0       1
                cstackCOMMON                   000070  00000D  00007D        70       1  COMMON      1
                stringtext                     0006B8  0000D0  000788       D70       0  STRCODE     2
                text25                         000788  000075  0007FD       F10       0  CODE        2
                text29                         000A45  000005  000A4A      148A       0  CODE        2
                text28                         000A4A  000005  000A4F      1494       0  CODE        2
                text22                         000A4F  000005  000A54      149E       0  CODE        2
                text24                         000A54  000006  000A5A      14A8       0  CODE        2
                text31                         000A5A  000008  000A62      14B4       0  CODE        2
                text11                         000A62  000008  000A6A      14C4       0  CODE        2
                text30                         000A6A  00000A  000A74      14D4       0  CODE        2
                text32                         000A74  00000B  000A7F      14E8       0  CODE        2
                clrtext                        000A7F  00000C  000A8B      14FE       0  CODE        2
                text23                         000A8B  00000E  000A99      1516       0  CODE        2
                text9                          000A99  000010  000AA9      1532       0  CODE        2
                text33                         000AA9  000011  000ABA      1552       0  CODE        2
                text10                         000ABA  000017  000AD1      1574       0  CODE        2
                text27                         000AD1  00001B  000AEC      15A2       0  CODE        2
                text26                         000AEC  00001C  000B08      15D8       0  CODE        2
                text17                         000B08  000025  000B2D      1610       0  CODE        2
                text2                          000B2D  000028  000B55      165A       0  CODE        2
                text21                         000B55  00002B  000B80      16AA       0  CODE        2
                text13                         000B80  00002C  000BAC      1700       0  CODE        2
                text12                         000BAC  00002C  000BD8      1758       0  CODE        2
                text16                         000BD8  000035  000C0D      17B0       0  CODE        2
                text18                         000C0D  000037  000C44      181A       0  CODE        2
                text6                          000C44  000040  000C84      1888       0  CODE        2
                text20                         000C84  000049  000CCD      1908       0  CODE        2
                text1                          000CCD  00004A  000D17      199A       0  CODE        2
                text4                          000D17  00004B  000D62      1A2E       0  CODE        2
                text19                         000D62  000054  000DB6      1AC4       0  CODE        2
                text8                          000DB6  000065  000E1B      1B6C       0  CODE        2
                text5                          000E1B  000067  000E82      1C36       0  CODE        2
                text3                          000E82  00007D  000EFF      1D04       0  CODE        2
                text14                         000EFF  00007E  000F7D      1DFE       0  CODE        2
                text15                         000F7D  000083  001000      1EFA       0  CODE        2
                config                         008007  000002  008009     1000E       0  CONFIG      2


UNUSED ADDRESS RANGES

        Name                Unused          Largest block    Delta
        BANK0            00062-0006F               E           1
        BANK1            000A0-000C2              23           1
        BIGRAM           02000-020EF              F0           1
        CODE             00002-00003               2           2
                         007FD-00A44               3
        COMMON           0007D-0007D               1           1
        CONST            00002-00003               2           2
                         007FD-00A44             100
        EEDATA           0F000-0F0FF             100           2
        ENTRY            00002-00003               2           2
                         007FD-00A44             100
        IDLOC            08000-08003               4           2
        RAM              00062-0006F               E           1
                         000A0-000C2              23
        SFR0             00000-0001F              20           1
        SFR1             00080-0009F              20           1
        SFR10            00500-0056F              70           1
        SFR11            00580-005EF              70           1
        SFR12            00600-0066F              70           1
        SFR13            00680-006EF              70           1
        SFR14            00700-0076F              70           1
        SFR15            00780-007EF              70           1
        SFR16            00800-0086F              70           1
        SFR17            00880-008EF              70           1
        SFR18            00900-0096F              70           1
        SFR19            00980-009EF              70           1
        SFR2             00100-0011F              20           1
        SFR20            00A00-00A6F              70           1
        SFR21            00A80-00AEF              70           1
        SFR22            00B00-00B6F              70           1
        SFR23            00B80-00BEF              70           1
        SFR24            00C00-00C6F              70           1
        SFR25            00C80-00CEF              70           1
        SFR26            00D00-00D6F              70           1
        SFR27            00D80-00DEF              70           1
        SFR28            00E00-00E6F              70           1
        SFR29            00E80-00EEF              70           1
        SFR3             00180-001EF              70           1
        SFR30            00F00-00F6F              70           1
        SFR31            00F80-00FEF              70           1
        SFR4             00200-0026F              70           1
        SFR5             00280-002EF              70           1
        SFR6             00300-0036F              70           1
        SFR7             00380-003EF              70           1
        SFR8             00400-0046F              70           1
        SFR9             00480-004EF              70           1
        STACK            02042-02072              31           1
        STRCODE          00002-00003               2           2
                         007FD-00A44             248
        STRING           00002-00003               2           2
                         007FD-00A44             100

                                  Symbol Table

?_EEPROMSearchNumber           cstackBANK0  00030
?___lwdiv                      cstackBANK0  00026
?___wmul                       cstackBANK0  00026
EEPROMAdd@aux                  cstackBANK0  00040
EEPROMAdd@empty                cstackBANK0  00041
EEPROMAdd@found                cstackBANK0  0003E
EEPROMAdd@nmbr                 cstackBANK0  0003A
EEPROMAdd@nmbrLenght           cstackBANK0  0003C
EEPROMCheckPassword@pass       cstackBANK0  00030
EEPROMDeleteNumber@address     cstackBANK0  00030
EEPROMDeleteNumber@count       cstackBANK0  00032
EEPROMDeleteNumber@position    cstackBANK0  0002C
EEPROMEraseAll@i               cstackBANK0  0002C
EEPROMSaveNumber@address       cstackBANK0  00038
EEPROMSaveNumber@count         cstackBANK0  00036
EEPROMSaveNumber@nmbr          cstackBANK0  0002C
EEPROMSaveNumber@nmbrLenght    cstackBANK0  0002E
EEPROMSaveNumber@position      cstackBANK0  0002F
EEPROMSaveNumber@result        cstackBANK0  00034
EEPROMSearchNumber@aux         cstackBANK0  0003D
EEPROMSearchNumber@count       cstackBANK0  00039
EEPROMSearchNumber@nmbr        cstackBANK0  00030
EEPROMSearchNumber@nmbrLenght  cstackBANK0  00032
EEPROMSearchNumber@result      cstackBANK0  0003B
EEPROMUpdatePassword@pass      cstackBANK0  0002A
EepromRead@address             cstackBANK0  0002C
EepromRead@data                cstackBANK0  0002F
EepromWrite@address            cstackBANK0  00027
EepromWrite@data               cstackBANK0  00029
GPIOGreenLedBlink@i            cstackBANK0  0002A
GPIOGreenLedBlink@times        cstackBANK0  00029
GPIORedLedBlink@i              cstackBANK0  0002A
GPIORedLedBlink@times          cstackBANK0  00029
I2CRead@temp                   cstackBANK0  00027
I2CSend@dat                    cstackBANK0  00026
SIM800Command@add              cstackBANK0  0004E
SIM800DeleteSms@flag           cstackBANK0  0002E
SIM800DeleteSms@index          cstackBANK0  0002C
SIM800LClear@i                 cstackBANK0  0002A
SIM800ReadSms@mem              cstackBANK0  0002C
SIM800SendSms@msg              cstackBANK0  0002E
SIM800SendSms@nmbr             cstackBANK0  0002C
SYSTEMInit@freq                cstackBANK0  00026
USARTHandleRxInt@ci            cstackBANK0  00023
USARTHandleRxInt@ci_589        cstackBANK0  00024
USARTHandleRxInt@ci_590        cstackBANK0  00025
USARTHandleRxInt@ci_591        cstackBANK0  00022
USARTHandleRxInt@ci_592        cstackBANK0  00021
USARTHandleRxInt@data          cstackBANK0  00020
USARTInit@baud_rate            cstackBANK0  00026
USARTWriteChar@ch              cstackBANK0  00026
USARTWriteInt@F3226            bssBANK0     00052
USARTWriteLine@str             cstackBANK0  0002A
USARTWriteString@str           cstackBANK0  00027
_ACKDT                         (abs)        010B5
_ACKEN                         (abs)        010B4
_ANSELB                        (abs)        0018D
_APFCON0bits                   (abs)        0011D
_BAUDCONbits                   (abs)        0019F
_BF                            (abs)        010A0
_CREN                          (abs)        00CEC
_EEPROMAdd                     text20       00C84
_EEPROMCheckPassword           text19       00D62
_EEPROMDeleteNumber            text18       00C0D
_EEPROMEraseAll                text17       00B08
_EEPROMSaveNumber              text25       00788
_EEPROMSearchNumber            text15       00F7D
_EEPROMUpdatePassword          text14       00EFF
_EepromRead                    text21       00B55
_EepromWrite                   text27       00AD1
_GIE                           (abs)        0005F
_GPIOGreenLedBlink             text13       00B80
_GPIOPortInit                  text33       00AA9
_GPIORedLedBlink               text12       00BAC
_I2CInit                       text32       00A74
_I2CNak                        text24       00A54
_I2CRead                       text23       00A8B
_I2CRestart                    text22       00A4F
_I2CSend                       text30       00A6A
_I2CStart                      text29       00A45
_I2CStop                       text28       00A4A
_I2CWait                       text31       00A5A
_ISR                           intentry     00004
_LATAbits                      (abs)        0010C
_LATBbits                      (abs)        0010D
_LATCbits                      (abs)        0010E
_OSCCON                        (abs)        00099
_PEIE                          (abs)        0005E
_PEN                           (abs)        010B2
_PIR1bits                      (abs)        00011
_PORTBbits                     (abs)        0000D
_RCEN                          (abs)        010B3
_RCIE                          (abs)        0048D
_RCIF                          (abs)        0008D
_RCREG                         (abs)        00199
_RCSTAbits                     (abs)        0019D
_RSEN                          (abs)        010B1
_SEN                           (abs)        010B0
_SIM800Command                 text7        00367
_SIM800DeleteSms               text6        00C44
_SIM800L                       (abs)        02073
_SIM800LClear                  text5        00E1B
_SIM800ReadSms                 text4        00D17
_SIM800SendSms                 text8        00DB6
_SIM800init                    text3        00E82
_SPBRG                         (abs)        0019B
_SSPADD                        (abs)        00212
_SSPBUF                        (abs)        00211
_SSPCON                        (abs)        00215
_SSPCON2                       (abs)        00216
_SSPSTAT                       (abs)        00214
_SYSTEMInit                    text2        00B2D
_TRISA4                        (abs)        00464
_TRISA5                        (abs)        00465
_TRISB4                        (abs)        0046C
_TRISB6                        (abs)        0046E
_TRISB7                        (abs)        0046F
_TRISC0                        (abs)        00470
_TRISC1                        (abs)        00471
_TRISC2                        (abs)        00472
_TRISC4                        (abs)        00474
_TRISC5                        (abs)        00475
_TRISC6                        (abs)        00476
_TRISC7                        (abs)        00477
_TXREG                         (abs)        0019A
_TXSTAbits                     (abs)        0019E
_USARTHandleRxInt              text35       00032
_USARTInit                     text1        00CCD
_USARTWriteChar                text11       00A62
_USARTWriteLine                text9        00A99
_USARTWriteString              text10       00ABA
_WDTCONbits                    (abs)        00097
__CFG_BOREN$ON                 (abs)        00000
__CFG_BORV$LO                  (abs)        00000
__CFG_CLKOUTEN$OFF             (abs)        00000
__CFG_CP$ON                    (abs)        00000
__CFG_CPD$ON                   (abs)        00000
__CFG_FCMEN$ON                 (abs)        00000
__CFG_FOSC$INTOSC              (abs)        00000
__CFG_IESO$ON                  (abs)        00000
__CFG_LVP$OFF                  (abs)        00000
__CFG_MCLRE$OFF                (abs)        00000
__CFG_PLLEN$ON                 (abs)        00000
__CFG_PWRTE$ON                 (abs)        00000
__CFG_STVREN$ON                (abs)        00000
__CFG_WDTE$ON                  (abs)        00000
__CFG_WRT$OFF                  (abs)        00000
__Habs1                        abs1         00000
__Hbank0                       bank0        00000
__Hbank1                       bank1        00000
__Hbank10                      bank10       00000
__Hbank11                      bank11       00000
__Hbank12                      bank12       00000
__Hbank13                      bank13       00000
__Hbank14                      bank14       00000
__Hbank15                      bank15       00000
__Hbank16                      bank16       00000
__Hbank17                      bank17       00000
__Hbank18                      bank18       00000
__Hbank19                      bank19       00000
__Hbank2                       bank2        00000
__Hbank20                      bank20       00000
__Hbank21                      bank21       00000
__Hbank22                      bank22       00000
__Hbank23                      bank23       00000
__Hbank24                      bank24       00000
__Hbank25                      bank25       00000
__Hbank26                      bank26       00000
__Hbank27                      bank27       00000
__Hbank28                      bank28       00000
__Hbank29                      bank29       00000
__Hbank3                       bank3        00000
__Hbank30                      bank30       00000
__Hbank31                      bank31       00000
__Hbank4                       bank4        00000
__Hbank5                       bank5        00000
__Hbank6                       bank6        00000
__Hbank7                       bank7        00000
__Hbank8                       bank8        00000
__Hbank9                       bank9        00000
__Hbigram                      bigram       00000
__HbssBANK0                    bssBANK0     00000
__HbssCOMMON                   bssCOMMON    00000
__Hcinit                       cinit        00032
__Hclrtext                     clrtext      00000
__Hcode                        code         00000
__Hcommon                      common       00000
__Hconfig                      config       08009
__HcstackBANK0                 cstackBANK0  00000
__HcstackCOMMON                cstackCOMMON 00000
__Heeprom_data                 eeprom_data  00000
__Hend_init                    end_init     00018
__Hfunctab                     functab      00000
__Hidloc                       idloc        00000
__Hinit                        init         00016
__Hintentry                    intentry     00016
__Hmaintext                    maintext     00000
__Hpowerup                     powerup      00000
__Hram                         ram          00000
__Hreset_vec                   reset_vec    00002
__Hsfr0                        sfr0         00000
__Hsfr1                        sfr1         00000
__Hsfr10                       sfr10        00000
__Hsfr11                       sfr11        00000
__Hsfr12                       sfr12        00000
__Hsfr13                       sfr13        00000
__Hsfr14                       sfr14        00000
__Hsfr15                       sfr15        00000
__Hsfr16                       sfr16        00000
__Hsfr17                       sfr17        00000
__Hsfr18                       sfr18        00000
__Hsfr19                       sfr19        00000
__Hsfr2                        sfr2         00000
__Hsfr20                       sfr20        00000
__Hsfr21                       sfr21        00000
__Hsfr22                       sfr22        00000
__Hsfr23                       sfr23        00000
__Hsfr24                       sfr24        00000
__Hsfr25                       sfr25        00000
__Hsfr26                       sfr26        00000
__Hsfr27                       sfr27        00000
__Hsfr28                       sfr28        00000
__Hsfr29                       sfr29        00000
__Hsfr3                        sfr3         00000
__Hsfr30                       sfr30        00000
__Hsfr31                       sfr31        00000
__Hsfr4                        sfr4         00000
__Hsfr5                        sfr5         00000
__Hsfr6                        sfr6         00000
__Hsfr7                        sfr7         00000
__Hsfr8                        sfr8         00000
__Hsfr9                        sfr9         00000
__Hspace_0                     (abs)        08009
__Hspace_1                     (abs)        0007D
__Hspace_2                     (abs)        00000
__Hspace_3                     (abs)        00000
__Hstack                       stack        00000
__Hstrings                     strings      00000
__Hstringtext                  stringtext   00000
__Htext                        text         00000
__Labs1                        abs1         00000
__Lbank0                       bank0        00000
__Lbank1                       bank1        00000
__Lbank10                      bank10       00000
__Lbank11                      bank11       00000
__Lbank12                      bank12       00000
__Lbank13                      bank13       00000
__Lbank14                      bank14       00000
__Lbank15                      bank15       00000
__Lbank16                      bank16       00000
__Lbank17                      bank17       00000
__Lbank18                      bank18       00000
__Lbank19                      bank19       00000
__Lbank2                       bank2        00000
__Lbank20                      bank20       00000
__Lbank21                      bank21       00000
__Lbank22                      bank22       00000
__Lbank23                      bank23       00000
__Lbank24                      bank24       00000
__Lbank25                      bank25       00000
__Lbank26                      bank26       00000
__Lbank27                      bank27       00000
__Lbank28                      bank28       00000
__Lbank29                      bank29       00000
__Lbank3                       bank3        00000
__Lbank30                      bank30       00000
__Lbank31                      bank31       00000
__Lbank4                       bank4        00000
__Lbank5                       bank5        00000
__Lbank6                       bank6        00000
__Lbank7                       bank7        00000
__Lbank8                       bank8        00000
__Lbank9                       bank9        00000
__Lbigram                      bigram       00000
__LbssBANK0                    bssBANK0     00000
__LbssCOMMON                   bssCOMMON    00000
__Lcinit                       cinit        00018
__Lclrtext                     clrtext      00000
__Lcode                        code         00000
__Lcommon                      common       00000
__Lconfig                      config       08007
__LcstackBANK0                 cstackBANK0  00000
__LcstackCOMMON                cstackCOMMON 00000
__Leeprom_data                 eeprom_data  00000
__Lend_init                    end_init     00016
__Lfunctab                     functab      00000
__Lidloc                       idloc        00000
__Linit                        init         00016
__Lintentry                    intentry     00004
__Lmaintext                    maintext     00000
__Lpowerup                     powerup      00000
__Lram                         ram          00000
__Lreset_vec                   reset_vec    00000
__Lsfr0                        sfr0         00000
__Lsfr1                        sfr1         00000
__Lsfr10                       sfr10        00000
__Lsfr11                       sfr11        00000
__Lsfr12                       sfr12        00000
__Lsfr13                       sfr13        00000
__Lsfr14                       sfr14        00000
__Lsfr15                       sfr15        00000
__Lsfr16                       sfr16        00000
__Lsfr17                       sfr17        00000
__Lsfr18                       sfr18        00000
__Lsfr19                       sfr19        00000
__Lsfr2                        sfr2         00000
__Lsfr20                       sfr20        00000
__Lsfr21                       sfr21        00000
__Lsfr22                       sfr22        00000
__Lsfr23                       sfr23        00000
__Lsfr24                       sfr24        00000
__Lsfr25                       sfr25        00000
__Lsfr26                       sfr26        00000
__Lsfr27                       sfr27        00000
__Lsfr28                       sfr28        00000
__Lsfr29                       sfr29        00000
__Lsfr3                        sfr3         00000
__Lsfr30                       sfr30        00000
__Lsfr31                       sfr31        00000
__Lsfr4                        sfr4         00000
__Lsfr5                        sfr5         00000
__Lsfr6                        sfr6         00000
__Lsfr7                        sfr7         00000
__Lsfr8                        sfr8         00000
__Lsfr9                        sfr9         00000
__Lspace_0                     (abs)        00000
__Lspace_1                     (abs)        00000
__Lspace_2                     (abs)        00000
__Lspace_3                     (abs)        00000
__Lstack                       stack        00000
__Lstrings                     strings      00000
__Lstringtext                  stringtext   00000
__Ltext                        text         00000
__S0                           (abs)        08009
__S1                           (abs)        0007D
__S2                           (abs)        00000
__S3                           (abs)        00000
___int_sp                      stack        00000
___latbits                     (abs)        00001
___lwdiv                       text16       00BD8
___lwdiv@counter               cstackBANK0  0002D
___lwdiv@dividend              cstackBANK0  00028
___lwdiv@divisor               cstackBANK0  00026
___lwdiv@quotient              cstackBANK0  0002B
___sp                          stack        00000
___wmul                        text26       00AEC
___wmul@multiplicand           cstackBANK0  00028
___wmul@multiplier             cstackBANK0  00026
___wmul@product                cstackBANK0  0002A
__end_of_EEPROMAdd             text20       00CCD
__end_of_EEPROMCheckPassword   text19       00DB6
__end_of_EEPROMDeleteNumber    text18       00C44
__end_of_EEPROMEraseAll        text17       00B2D
__end_of_EEPROMSaveNumber      text25       007FD
__end_of_EEPROMSearchNumber    text15       01000
__end_of_EEPROMUpdatePassword  text14       00F7D
__end_of_EepromRead            text21       00B80
__end_of_EepromWrite           text27       00AEC
__end_of_GPIOGreenLedBlink     text13       00BAC
__end_of_GPIOPortInit          text33       00ABA
__end_of_GPIORedLedBlink       text12       00BD8
__end_of_I2CInit               text32       00A7F
__end_of_I2CNak                text24       00A5A
__end_of_I2CRead               text23       00A99
__end_of_I2CRestart            text22       00A54
__end_of_I2CSend               text30       00A74
__end_of_I2CStart              text29       00A4A
__end_of_I2CStop               text28       00A4F
__end_of_I2CWait               text31       00A62
__end_of_ISR                   intentry     00016
__end_of_SIM800Command         text7        005D5
__end_of_SIM800DeleteSms       text6        00C84
__end_of_SIM800LClear          text5        00E82
__end_of_SIM800ReadSms         text4        00D62
__end_of_SIM800SendSms         text8        00E1B
__end_of_SIM800init            text3        00EFF
__end_of_SYSTEMInit            text2        00B55
__end_of_USARTHandleRxInt      text35       00367
__end_of_USARTInit             text1        00D17
__end_of_USARTWriteChar        text11       00A6A
__end_of_USARTWriteLine        text9        00AA9
__end_of_USARTWriteString      text10       00AD1
__end_of___lwdiv               text16       00C0D
__end_of___wmul                text26       00B08
__end_of__initialization       cinit        0002E
__end_of_main                  maintext     006B8
__initialization               cinit        00018
__pbssBANK0                    bssBANK0     00052
__pbssBIGRAM                   (abs)        02073
__pbssCOMMON                   bssCOMMON    0007C
__pcstackBANK0                 cstackBANK0  00020
__pcstackCOMMON                cstackCOMMON 00070
__pintentry                    intentry     00004
__pmaintext                    maintext     005D5
__pstringtext                  stringtext   006B8
__ptext1                       text1        00CCD
__ptext10                      text10       00ABA
__ptext11                      text11       00A62
__ptext12                      text12       00BAC
__ptext13                      text13       00B80
__ptext14                      text14       00EFF
__ptext15                      text15       00F7D
__ptext16                      text16       00BD8
__ptext17                      text17       00B08
__ptext18                      text18       00C0D
__ptext19                      text19       00D62
__ptext2                       text2        00B2D
__ptext20                      text20       00C84
__ptext21                      text21       00B55
__ptext22                      text22       00A4F
__ptext23                      text23       00A8B
__ptext24                      text24       00A54
__ptext25                      text25       00788
__ptext26                      text26       00AEC
__ptext27                      text27       00AD1
__ptext28                      text28       00A4A
__ptext29                      text29       00A45
__ptext3                       text3        00E82
__ptext30                      text30       00A6A
__ptext31                      text31       00A5A
__ptext32                      text32       00A74
__ptext33                      text33       00AA9
__ptext35                      text35       00032
__ptext4                       text4        00D17
__ptext5                       text5        00E1B
__ptext6                       text6        00C44
__ptext7                       text7        00367
__ptext8                       text8        00DB6
__ptext9                       text9        00A99
__size_of_EEPROMAdd            (abs)        00000
__size_of_EEPROMCheckPassword  (abs)        00000
__size_of_EEPROMDeleteNumber   (abs)        00000
__size_of_EEPROMEraseAll       (abs)        00000
__size_of_EEPROMSaveNumber     (abs)        00000
__size_of_EEPROMSearchNumber   (abs)        00000
__size_of_EEPROMUpdatePassword (abs)        00000
__size_of_EepromRead           (abs)        00000
__size_of_EepromWrite          (abs)        00000
__size_of_GPIOGreenLedBlink    (abs)        00000
__size_of_GPIOPortInit         (abs)        00000
__size_of_GPIORedLedBlink      (abs)        00000
__size_of_I2CInit              (abs)        00000
__size_of_I2CNak               (abs)        00000
__size_of_I2CRead              (abs)        00000
__size_of_I2CRestart           (abs)        00000
__size_of_I2CSend              (abs)        00000
__size_of_I2CStart             (abs)        00000
__size_of_I2CStop              (abs)        00000
__size_of_I2CWait              (abs)        00000
__size_of_ISR                  (abs)        00000
__size_of_SIM800Command        (abs)        00000
__size_of_SIM800DeleteSms      (abs)        00000
__size_of_SIM800LClear         (abs)        00000
__size_of_SIM800ReadSms        (abs)        00000
__size_of_SIM800SendSms        (abs)        00000
__size_of_SIM800init           (abs)        00000
__size_of_SYSTEMInit           (abs)        00000
__size_of_USARTHandleRxInt     (abs)        00000
__size_of_USARTInit            (abs)        00000
__size_of_USARTWriteChar       (abs)        00000
__size_of_USARTWriteLine       (abs)        00000
__size_of_USARTWriteString     (abs)        00000
__size_of___lwdiv              (abs)        00000
__size_of___wmul               (abs)        00000
__size_of_main                 (abs)        00000
_bufque                        bssBANK0     0005B
_i                             bssBANK0     0005C
_main                          maintext     005D5
_password                      bssBANK0     00057
_password_empty                bssBANK0     0005E
_task                          bssBANK0     0005D
btemp                          (abs)        0007E
clear_ram0                     clrtext      00A7F
end_of_initialization          cinit        0002E
int$flags                      (abs)        0007E
intlevel0                      functab      00000
intlevel1                      functab      00000
intlevel2                      functab      00000
intlevel3                      functab      00000
intlevel4                      functab      00000
intlevel5                      functab      00000
ltemp                          (abs)        0007E
ltemp0                         (abs)        0007E
ltemp1                         (abs)        00082
ltemp2                         (abs)        00086
ltemp3                         (abs)        00080
reset_vec                      reset_vec    00000
stackhi                        (abs)        02072
stacklo                        (abs)        02042
start                          init         00016
start_initialization           cinit        00018
ttemp                          (abs)        0007E
ttemp0                         (abs)        0007E
ttemp1                         (abs)        00081
ttemp2                         (abs)        00084
ttemp3                         (abs)        00087
ttemp4                         (abs)        0007F
wtemp                          (abs)        0007E
wtemp0                         (abs)        0007E
wtemp1                         (abs)        00080
wtemp2                         (abs)        00082
wtemp3                         (abs)        00084
wtemp4                         (abs)        00086
wtemp5                         (abs)        00088
wtemp6                         (abs)        0007F


FUNCTION INFORMATION:

 *************** function _main *****************
 Defined at:
		line 14 in file "main.c"
 Parameters:    Size  Location     Type
		None
 Auto vars:     Size  Location     Type
		None
 Return value:  Size  Location     Type
                  1    wreg      void 
 Registers used:
		wreg, fsr0l, fsr0h, fsr1l, fsr1h, status,2, status,0, pclath, cstack
 Tracked objects:
		On entry : 
		On exit  : 
		Unchanged: 
 Data sizes:     COMMON   BANK0   BANK1   BANK2
      Params:         0       0       0       0
      Locals:         0       0       0       0
      Temps:          0       3       0       0
      Totals:         0       3       0       0
Total ram usage:        3 bytes
 Hardware stack levels required when called:    8
 This function calls:
		_EEPROMCheckPassword
		_EEPROMSearchNumber
		_EEPROMUpdatePassword
		_GPIOGreenLedBlink
		_GPIOPortInit
		_GPIORedLedBlink
		_I2CInit
		_SIM800Command
		_SIM800DeleteSms
		_SIM800LClear
		_SIM800ReadSms
		_SIM800SendSms
		_SIM800init
		_SYSTEMInit
		_USARTInit
		_USARTWriteLine
 This function is called by:
		Startup code after reset
 This function uses a non-reentrant model


 *************** function _USARTInit *****************
 Defined at:
		line 6 in file "usart.c"
 Parameters:    Size  Location     Type
  baud_rate       2    6[BANK0 ] unsigned int 
 Auto vars:     Size  Location     Type
		None
 Return value:  Size  Location     Type
                  1    wreg      void 
 Registers used:
		wreg, fsr0l, fsr0h, status,2, status,0
 Tracked objects:
		On entry : 
		On exit  : 
		Unchanged: 
 Data sizes:     COMMON   BANK0   BANK1   BANK2
      Params:         0       2       0       0
      Locals:         0       0       0       0
      Temps:          0       0       0       0
      Totals:         0       2       0       0
Total ram usage:        2 bytes
 Hardware stack levels used:    1
 Hardware stack levels required when called:    2
 This function calls:
		Nothing
 This function is called by:
		_main
 This function uses a non-reentrant model


 *************** function _SYSTEMInit *****************
 Defined at:
		line 5 in file "system.c"
 Parameters:    Size  Location     Type
  freq            1    wreg     unsigned char 
 Auto vars:     Size  Location     Type
  freq            1    6[BANK0 ] unsigned char 
 Return value:  Size  Location     Type
                  1    wreg      void 
 Registers used:
		wreg, fsr0l, fsr0h, status,2, status,0
 Tracked objects:
		On entry : 
		On exit  : 
		Unchanged: 
 Data sizes:     COMMON   BANK0   BANK1   BANK2
      Params:         0       0       0       0
      Locals:         0       1       0       0
      Temps:          0       0       0       0
      Totals:         0       1       0       0
Total ram usage:        1 bytes
 Hardware stack levels used:    1
 Hardware stack levels required when called:    2
 This function calls:
		Nothing
 This function is called by:
		_main
 This function uses a non-reentrant model


 *************** function _SIM800init *****************
 Defined at:
		line 7 in file "sim800l.c"
 Parameters:    Size  Location     Type
		None
 Auto vars:     Size  Location     Type
		None
 Return value:  Size  Location     Type
                  1    wreg      unsigned char 
 Registers used:
		wreg, fsr0l, fsr0h, status,2, status,0, pclath, cstack
 Tracked objects:
		On entry : 
		On exit  : 
		Unchanged: 
 Data sizes:     COMMON   BANK0   BANK1   BANK2
      Params:         0       0       0       0
      Locals:         0       0       0       0
      Temps:          0       3       0       0
      Totals:         0       3       0       0
Total ram usage:        3 bytes
 Hardware stack levels used:    1
 Hardware stack levels required when called:    5
 This function calls:
		_USARTWriteLine
 This function is called by:
		_main
 This function uses a non-reentrant model


 *************** function _SIM800ReadSms *****************
 Defined at:
		line 53 in file "sim800l.c"
 Parameters:    Size  Location     Type
  mem             2   12[BANK0 ] PTR const unsigned char 
		 -> SIM800L.smsmem(5), SIM800L(125), 
 Auto vars:     Size  Location     Type
		None
 Return value:  Size  Location     Type
                  1    wreg      unsigned char 
 Registers used:
		wreg, fsr0l, fsr0h, status,2, status,0, pclath, cstack
 Tracked objects:
		On entry : 
		On exit  : 
		Unchanged: 
 Data sizes:     COMMON   BANK0   BANK1   BANK2
      Params:         0       2       0       0
      Locals:         0       0       0       0
      Temps:          0       3       0       0
      Totals:         0       5       0       0
Total ram usage:        5 bytes
 Hardware stack levels used:    1
 Hardware stack levels required when called:    5
 This function calls:
		_USARTWriteLine
		_USARTWriteString
 This function is called by:
		_main
 This function uses a non-reentrant model


 *************** function _SIM800LClear *****************
 Defined at:
		line 186 in file "sim800l.c"
 Parameters:    Size  Location     Type
		None
 Auto vars:     Size  Location     Type
  i               1   10[BANK0 ] unsigned char 
 Return value:  Size  Location     Type
                  1    wreg      void 
 Registers used:
		wreg, fsr1l, fsr1h, status,2, status,0
 Tracked objects:
		On entry : 
		On exit  : 
		Unchanged: 
 Data sizes:     COMMON   BANK0   BANK1   BANK2
      Params:         0       0       0       0
      Locals:         0       1       0       0
      Temps:          0       4       0       0
      Totals:         0       5       0       0
Total ram usage:        5 bytes
 Hardware stack levels used:    1
 Hardware stack levels required when called:    2
 This function calls:
		Nothing
 This function is called by:
		_main
 This function uses a non-reentrant model


 *************** function _SIM800DeleteSms *****************
 Defined at:
		line 64 in file "sim800l.c"
 Parameters:    Size  Location     Type
  index           2   12[BANK0 ] PTR const unsigned char 
		 -> STR_23(2), 
  flag            2   14[BANK0 ] PTR const unsigned char 
		 -> STR_24(2), 
 Auto vars:     Size  Location     Type
		None
 Return value:  Size  Location     Type
                  1    wreg      unsigned char 
 Registers used:
		wreg, fsr0l, fsr0h, status,2, status,0, pclath, cstack
 Tracked objects:
		On entry : 
		On exit  : 
		Unchanged: 
 Data sizes:     COMMON   BANK0   BANK1   BANK2
      Params:         0       4       0       0
      Locals:         0       0       0       0
      Temps:          0       3       0       0
      Totals:         0       7       0       0
Total ram usage:        7 bytes
 Hardware stack levels used:    1
 Hardware stack levels required when called:    5
 This function calls:
		_USARTWriteChar
		_USARTWriteLine
		_USARTWriteString
 This function is called by:
		_main
 This function uses a non-reentrant model


 *************** function _SIM800Command *****************
 Defined at:
		line 112 in file "sim800l.c"
 Parameters:    Size  Location     Type
		None
 Auto vars:     Size  Location     Type
  add             1   46[BANK0 ] unsigned char 
 Return value:  Size  Location     Type
                  1    wreg      unsigned char 
 Registers used:
		wreg, fsr0l, fsr0h, fsr1l, fsr1h, status,2, status,0, pclath, cstack
 Tracked objects:
		On entry : 
		On exit  : 
		Unchanged: 
 Data sizes:     COMMON   BANK0   BANK1   BANK2
      Params:         0       0       0       0
      Locals:         0       1       0       0
      Temps:          0      11       0       0
      Totals:         0      12       0       0
Total ram usage:       12 bytes
 Hardware stack levels used:    1
 Hardware stack levels required when called:    7
 This function calls:
		_EEPROMAdd
		_EEPROMCheckPassword
		_EEPROMDeleteNumber
		_EEPROMEraseAll
		_EEPROMSearchNumber
		_EEPROMUpdatePassword
		_GPIOGreenLedBlink
		_GPIORedLedBlink
		_SIM800SendSms
 This function is called by:
		_main
 This function uses a non-reentrant model


 *************** function _SIM800SendSms *****************
 Defined at:
		line 37 in file "sim800l.c"
 Parameters:    Size  Location     Type
  nmbr            2   12[BANK0 ] PTR const unsigned char 
		 -> STR_19(11), SIM800L.cell(15), SIM800L(125), 
  msg             2   14[BANK0 ] PTR const unsigned char 
		 -> STR_20(15), STR_16(29), STR_15(26), STR_14(27), 
 Auto vars:     Size  Location     Type
		None
 Return value:  Size  Location     Type
                  1    wreg      unsigned char 
 Registers used:
		wreg, fsr0l, fsr0h, status,2, status,0, pclath, cstack
 Tracked objects:
		On entry : 
		On exit  : 
		Unchanged: 
 Data sizes:     COMMON   BANK0   BANK1   BANK2
      Params:         0       4       0       0
      Locals:         0       0       0       0
      Temps:          0       3       0       0
      Totals:         0       7       0       0
Total ram usage:        7 bytes
 Hardware stack levels used:    1
 Hardware stack levels required when called:    5
 This function calls:
		_USARTWriteChar
		_USARTWriteLine
		_USARTWriteString
 This function is called by:
		_SIM800Command
		_main
 This function uses a non-reentrant model


 *************** function _USARTWriteLine *****************
 Defined at:
		line 67 in file "usart.c"
 Parameters:    Size  Location     Type
  str             2   10[BANK0 ] PTR const unsigned char 
		 -> STR_22(6), STR_21(9), STR_12(9), STR_10(9), 
		 -> STR_9(14), STR_7(10), STR_6(14), STR_5(5), 
		 -> STR_4(12), STR_3(7), STR_2(5), STR_1(3), 
 Auto vars:     Size  Location     Type
		None
 Return value:  Size  Location     Type
                  1    wreg      void 
 Registers used:
		wreg, fsr0l, fsr0h, status,2, status,0, pclath, cstack
 Tracked objects:
		On entry : 
		On exit  : 
		Unchanged: 
 Data sizes:     COMMON   BANK0   BANK1   BANK2
      Params:         0       2       0       0
      Locals:         0       0       0       0
      Temps:          0       0       0       0
      Totals:         0       2       0       0
Total ram usage:        2 bytes
 Hardware stack levels used:    1
 Hardware stack levels required when called:    4
 This function calls:
		_USARTWriteChar
		_USARTWriteString
 This function is called by:
		_SIM800init
		_SIM800SendSms
		_SIM800ReadSms
		_SIM800DeleteSms
		_main
		_EEPROMPrint
		_SIM800sendCommand
 This function uses a non-reentrant model


 *************** function _USARTWriteString *****************
 Defined at:
		line 58 in file "usart.c"
 Parameters:    Size  Location     Type
  str             2    7[BANK0 ] PTR const unsigned char 
		 -> STR_24(2), STR_23(2), STR_22(6), STR_21(9), 
		 -> STR_20(15), STR_19(11), SIM800L.smsmem(5), STR_16(29), 
		 -> STR_15(26), STR_14(27), SIM800L.cell(15), SIM800L(125), 
		 -> STR_13(3), STR_12(9), STR_11(3), STR_10(9), 
		 -> STR_9(14), STR_8(4), STR_7(10), STR_6(14), 
		 -> STR_5(5), STR_4(12), STR_3(7), STR_2(5), 
		 -> STR_1(3), 
 Auto vars:     Size  Location     Type
		None
 Return value:  Size  Location     Type
                  1    wreg      void 
 Registers used:
		wreg, fsr0l, fsr0h, status,2, status,0, pclath, cstack
 Tracked objects:
		On entry : 
		On exit  : 
		Unchanged: 
 Data sizes:     COMMON   BANK0   BANK1   BANK2
      Params:         0       2       0       0
      Locals:         0       0       0       0
      Temps:          0       1       0       0
      Totals:         0       3       0       0
Total ram usage:        3 bytes
 Hardware stack levels used:    1
 Hardware stack levels required when called:    3
 This function calls:
		_USARTWriteChar
 This function is called by:
		_SIM800SendSms
		_SIM800ReadSms
		_SIM800DeleteSms
		_USARTWriteLine
 This function uses a non-reentrant model


 *************** function _USARTWriteChar *****************
 Defined at:
		line 52 in file "usart.c"
 Parameters:    Size  Location     Type
  ch              1    wreg     unsigned char 
 Auto vars:     Size  Location     Type
  ch              1    6[BANK0 ] unsigned char 
 Return value:  Size  Location     Type
                  1    wreg      void 
 Registers used:
		wreg
 Tracked objects:
		On entry : 
		On exit  : 
		Unchanged: 
 Data sizes:     COMMON   BANK0   BANK1   BANK2
      Params:         0       0       0       0
      Locals:         0       1       0       0
      Temps:          0       0       0       0
      Totals:         0       1       0       0
Total ram usage:        1 bytes
 Hardware stack levels used:    1
 Hardware stack levels required when called:    2
 This function calls:
		Nothing
 This function is called by:
		_SIM800SendSms
		_SIM800DeleteSms
		_USARTWriteString
		_USARTWriteLine
		_EEPROMPrint
		_USARTWriteInt
		_USARTGotoNewLine
 This function uses a non-reentrant model


 *************** function _GPIORedLedBlink *****************
 Defined at:
		line 27 in file "gpio.c"
 Parameters:    Size  Location     Type
  times           1    wreg     unsigned char 
 Auto vars:     Size  Location     Type
  times           1    9[BANK0 ] unsigned char 
  i               1   10[BANK0 ] unsigned char 
 Return value:  Size  Location     Type
                  1    wreg      void 
 Registers used:
		wreg, status,2, status,0
 Tracked objects:
		On entry : 
		On exit  : 
		Unchanged: 
 Data sizes:     COMMON   BANK0   BANK1   BANK2
      Params:         0       0       0       0
      Locals:         0       2       0       0
      Temps:          0       3       0       0
      Totals:         0       5       0       0
Total ram usage:        5 bytes
 Hardware stack levels used:    1
 Hardware stack levels required when called:    2
 This function calls:
		Nothing
 This function is called by:
		_SIM800Command
		_main
 This function uses a non-reentrant model


 *************** function _GPIOGreenLedBlink *****************
 Defined at:
		line 51 in file "gpio.c"
 Parameters:    Size  Location     Type
  times           1    wreg     unsigned char 
 Auto vars:     Size  Location     Type
  times           1    9[BANK0 ] unsigned char 
  i               1   10[BANK0 ] unsigned char 
 Return value:  Size  Location     Type
                  1    wreg      void 
 Registers used:
		wreg, status,2, status,0
 Tracked objects:
		On entry : 
		On exit  : 
		Unchanged: 
 Data sizes:     COMMON   BANK0   BANK1   BANK2
      Params:         0       0       0       0
      Locals:         0       2       0       0
      Temps:          0       3       0       0
      Totals:         0       5       0       0
Total ram usage:        5 bytes
 Hardware stack levels used:    1
 Hardware stack levels required when called:    2
 This function calls:
		Nothing
 This function is called by:
		_SIM800Command
		_main
 This function uses a non-reentrant model


 *************** function _EEPROMUpdatePassword *****************
 Defined at:
		line 242 in file "eeprom.c"
 Parameters:    Size  Location     Type
  pass            2   10[BANK0 ] PTR const unsigned char 
		 -> STR_18(5), SIM800L.password(5), STR_17(5), SIM800L(125), 
 Auto vars:     Size  Location     Type
		None
 Return value:  Size  Location     Type
                  1    wreg      void 
 Registers used:
		wreg, fsr0l, fsr0h, status,2, status,0, pclath, cstack
 Tracked objects:
		On entry : 
		On exit  : 
		Unchanged: 
 Data sizes:     COMMON   BANK0   BANK1   BANK2
      Params:         0       2       0       0
      Locals:         0       0       0       0
      Temps:          0       3       0       0
      Totals:         0       5       0       0
Total ram usage:        5 bytes
 Hardware stack levels used:    1
 Hardware stack levels required when called:    5
 This function calls:
		_EepromWrite
 This function is called by:
		_SIM800Command
		_main
 This function uses a non-reentrant model


 *************** function _EEPROMSearchNumber *****************
 Defined at:
		line 174 in file "eeprom.c"
 Parameters:    Size  Location     Type
  nmbr            2   16[BANK0 ] PTR const unsigned char 
		 -> SIM800L.cell(15), SIM800L(125), 
  nmbrLenght      1   18[BANK0 ] unsigned char 
 Auto vars:     Size  Location     Type
  aux             2   29[BANK0 ] unsigned int 
  result          2   27[BANK0 ] unsigned int 
  count           2   25[BANK0 ] unsigned int 
 Return value:  Size  Location     Type
                  2   16[BANK0 ] unsigned int 
 Registers used:
		wreg, fsr1l, fsr1h, status,2, status,0, pclath, cstack
 Tracked objects:
		On entry : 
		On exit  : 
		Unchanged: 
 Data sizes:     COMMON   BANK0   BANK1   BANK2
      Params:         0       3       0       0
      Locals:         0       6       0       0
      Temps:          0       6       0       0
      Totals:         0      15       0       0
Total ram usage:       15 bytes
 Hardware stack levels used:    1
 Hardware stack levels required when called:    5
 This function calls:
		_EepromRead
		___lwdiv
 This function is called by:
		_SIM800Command
		_main
 This function uses a non-reentrant model


 *************** function ___lwdiv *****************
 Defined at:
		line 6 in file "C:\Program Files (x86)\Microchip\xc8\v1.38\sources\common\lwdiv.c"
 Parameters:    Size  Location     Type
  divisor         2    6[BANK0 ] unsigned int 
  dividend        2    8[BANK0 ] unsigned int 
 Auto vars:     Size  Location     Type
  quotient        2   11[BANK0 ] unsigned int 
  counter         1   13[BANK0 ] unsigned char 
 Return value:  Size  Location     Type
                  2    6[BANK0 ] unsigned int 
 Registers used:
		wreg, status,2, status,0
 Tracked objects:
		On entry : 
		On exit  : 
		Unchanged: 
 Data sizes:     COMMON   BANK0   BANK1   BANK2
      Params:         0       4       0       0
      Locals:         0       3       0       0
      Temps:          0       1       0       0
      Totals:         0       8       0       0
Total ram usage:        8 bytes
 Hardware stack levels used:    1
 Hardware stack levels required when called:    2
 This function calls:
		Nothing
 This function is called by:
		_EEPROMSearchNumber
 This function uses a non-reentrant model


 *************** function _EEPROMEraseAll *****************
 Defined at:
		line 201 in file "eeprom.c"
 Parameters:    Size  Location     Type
		None
 Auto vars:     Size  Location     Type
  i               2   12[BANK0 ] unsigned int 
 Return value:  Size  Location     Type
                  1    wreg      void 
 Registers used:
		wreg, status,2, status,0, pclath, cstack
 Tracked objects:
		On entry : 
		On exit  : 
		Unchanged: 
 Data sizes:     COMMON   BANK0   BANK1   BANK2
      Params:         0       0       0       0
      Locals:         0       2       0       0
      Temps:          0       2       0       0
      Totals:         0       4       0       0
Total ram usage:        4 bytes
 Hardware stack levels used:    1
 Hardware stack levels required when called:    5
 This function calls:
		_EepromWrite
 This function is called by:
		_SIM800Command
 This function uses a non-reentrant model


 *************** function _EEPROMDeleteNumber *****************
 Defined at:
		line 161 in file "eeprom.c"
 Parameters:    Size  Location     Type
  position        2   12[BANK0 ] unsigned int 
 Auto vars:     Size  Location     Type
  address         2   16[BANK0 ] unsigned int 
  count           1   18[BANK0 ] unsigned char 
 Return value:  Size  Location     Type
                  1    wreg      unsigned char 
 Registers used:
		wreg, status,2, status,0, pclath, cstack
 Tracked objects:
		On entry : 
		On exit  : 
		Unchanged: 
 Data sizes:     COMMON   BANK0   BANK1   BANK2
      Params:         0       2       0       0
      Locals:         0       3       0       0
      Temps:          0       2       0       0
      Totals:         0       7       0       0
Total ram usage:        7 bytes
 Hardware stack levels used:    1
 Hardware stack levels required when called:    5
 This function calls:
		_EepromWrite
		___wmul
 This function is called by:
		_SIM800Command
 This function uses a non-reentrant model


 *************** function _EEPROMCheckPassword *****************
 Defined at:
		line 254 in file "eeprom.c"
 Parameters:    Size  Location     Type
  pass            2   16[BANK0 ] PTR const unsigned char 
		 -> password_empty(4), SIM800L.command(25), SIM800L(125), 
 Auto vars:     Size  Location     Type
		None
 Return value:  Size  Location     Type
                  1    wreg      unsigned char 
 Registers used:
		wreg, fsr1l, fsr1h, status,2, status,0, pclath, cstack
 Tracked objects:
		On entry : 
		On exit  : 
		Unchanged: 
 Data sizes:     COMMON   BANK0   BANK1   BANK2
      Params:         0       2       0       0
      Locals:         0       0       0       0
      Temps:          0       1       0       0
      Totals:         0       3       0       0
Total ram usage:        3 bytes
 Hardware stack levels used:    1
 Hardware stack levels required when called:    5
 This function calls:
		_EepromRead
 This function is called by:
		_SIM800Command
		_main
 This function uses a non-reentrant model


 *************** function _EEPROMAdd *****************
 Defined at:
		line 225 in file "eeprom.c"
 Parameters:    Size  Location     Type
  nmbr            2   26[BANK0 ] PTR const unsigned char 
		 -> SIM800L.cell(15), SIM800L(125), 
  nmbrLenght      1   28[BANK0 ] unsigned char 
 Auto vars:     Size  Location     Type
  empty           2   33[BANK0 ] unsigned int 
  found           2   30[BANK0 ] unsigned int 
  aux             1   32[BANK0 ] unsigned char 
 Return value:  Size  Location     Type
                  1    wreg      unsigned char 
 Registers used:
		wreg, fsr1l, fsr1h, status,2, status,0, pclath, cstack
 Tracked objects:
		On entry : 
		On exit  : 
		Unchanged: 
 Data sizes:     COMMON   BANK0   BANK1   BANK2
      Params:         0       3       0       0
      Locals:         0       5       0       0
      Temps:          0       1       0       0
      Totals:         0       9       0       0
Total ram usage:        9 bytes
 Hardware stack levels used:    1
 Hardware stack levels required when called:    6
 This function calls:
		_EEPROMSaveNumber
		_EepromRead
		___wmul
 This function is called by:
		_SIM800Command
 This function uses a non-reentrant model


 *************** function _EepromRead *****************
 Defined at:
		line 108 in file "eeprom.c"
 Parameters:    Size  Location     Type
  address         2   12[BANK0 ] unsigned int 
 Auto vars:     Size  Location     Type
  data            1   15[BANK0 ] unsigned char 
 Return value:  Size  Location     Type
                  1    wreg      unsigned char 
 Registers used:
		wreg, status,2, status,0, pclath, cstack
 Tracked objects:
		On entry : 
		On exit  : 
		Unchanged: 
 Data sizes:     COMMON   BANK0   BANK1   BANK2
      Params:         0       2       0       0
      Locals:         0       1       0       0
      Temps:          0       1       0       0
      Totals:         0       4       0       0
Total ram usage:        4 bytes
 Hardware stack levels used:    1
 Hardware stack levels required when called:    4
 This function calls:
		_I2CNak
		_I2CRead
		_I2CRestart
		_I2CSend
		_I2CStart
		_I2CStop
 This function is called by:
		_EEPROMSearchNumber
		_EEPROMAdd
		_EEPROMCheckPassword
		_EEPROMPrint
 This function uses a non-reentrant model


 *************** function _I2CRestart *****************
 Defined at:
		line 51 in file "I2C.c"
 Parameters:    Size  Location     Type
		None
 Auto vars:     Size  Location     Type
		None
 Return value:  Size  Location     Type
                  1    wreg      void 
 Registers used:
		None
 Tracked objects:
		On entry : 
		On exit  : 
		Unchanged: 
 Data sizes:     COMMON   BANK0   BANK1   BANK2
      Params:         0       0       0       0
      Locals:         0       0       0       0
      Temps:          0       0       0       0
      Totals:         0       0       0       0
Total ram usage:        0 bytes
 Hardware stack levels used:    1
 Hardware stack levels required when called:    2
 This function calls:
		Nothing
 This function is called by:
		_EepromRead
 This function uses a non-reentrant model


 *************** function _I2CRead *****************
 Defined at:
		line 115 in file "I2C.c"
 Parameters:    Size  Location     Type
		None
 Auto vars:     Size  Location     Type
  temp            1    7[BANK0 ] unsigned char 
 Return value:  Size  Location     Type
                  1    wreg      unsigned char 
 Registers used:
		wreg, status,2, status,0, pclath, cstack
 Tracked objects:
		On entry : 
		On exit  : 
		Unchanged: 
 Data sizes:     COMMON   BANK0   BANK1   BANK2
      Params:         0       0       0       0
      Locals:         0       1       0       0
      Temps:          0       1       0       0
      Totals:         0       2       0       0
Total ram usage:        2 bytes
 Hardware stack levels used:    1
 Hardware stack levels required when called:    3
 This function calls:
		_I2CWait
 This function is called by:
		_EepromRead
 This function uses a non-reentrant model


 *************** function _I2CNak *****************
 Defined at:
		line 76 in file "I2C.c"
 Parameters:    Size  Location     Type
		None
 Auto vars:     Size  Location     Type
		None
 Return value:  Size  Location     Type
                  1    wreg      void 
 Registers used:
		None
 Tracked objects:
		On entry : 
		On exit  : 
		Unchanged: 
 Data sizes:     COMMON   BANK0   BANK1   BANK2
      Params:         0       0       0       0
      Locals:         0       0       0       0
      Temps:          0       0       0       0
      Totals:         0       0       0       0
Total ram usage:        0 bytes
 Hardware stack levels used:    1
 Hardware stack levels required when called:    2
 This function calls:
		Nothing
 This function is called by:
		_EepromRead
 This function uses a non-reentrant model


 *************** function _EEPROMSaveNumber *****************
 Defined at:
		line 134 in file "eeprom.c"
 Parameters:    Size  Location     Type
  nmbr            2   12[BANK0 ] PTR const unsigned char 
		 -> SIM800L.cell(15), SIM800L(125), 
  nmbrLenght      1   14[BANK0 ] unsigned char 
  position        2   15[BANK0 ] unsigned int 
 Auto vars:     Size  Location     Type
  address         2   24[BANK0 ] unsigned int 
  count           2   22[BANK0 ] unsigned int 
  result          2   20[BANK0 ] unsigned int 
 Return value:  Size  Location     Type
                  1    wreg      unsigned char 
 Registers used:
		wreg, fsr1l, fsr1h, status,2, status,0, pclath, cstack
 Tracked objects:
		On entry : 
		On exit  : 
		Unchanged: 
 Data sizes:     COMMON   BANK0   BANK1   BANK2
      Params:         0       5       0       0
      Locals:         0       6       0       0
      Temps:          0       3       0       0
      Totals:         0      14       0       0
Total ram usage:       14 bytes
 Hardware stack levels used:    1
 Hardware stack levels required when called:    5
 This function calls:
		_EepromWrite
		___wmul
 This function is called by:
		_EEPROMAdd
 This function uses a non-reentrant model


 *************** function ___wmul *****************
 Defined at:
		line 15 in file "C:\Program Files (x86)\Microchip\xc8\v1.38\sources\common\Umul16.c"
 Parameters:    Size  Location     Type
  multiplier      2    6[BANK0 ] unsigned int 
  multiplicand    2    8[BANK0 ] unsigned int 
 Auto vars:     Size  Location     Type
  product         2   10[BANK0 ] unsigned int 
 Return value:  Size  Location     Type
                  2    6[BANK0 ] unsigned int 
 Registers used:
		wreg, status,2, status,0
 Tracked objects:
		On entry : 
		On exit  : 
		Unchanged: 
 Data sizes:     COMMON   BANK0   BANK1   BANK2
      Params:         0       4       0       0
      Locals:         0       2       0       0
      Temps:          0       0       0       0
      Totals:         0       6       0       0
Total ram usage:        6 bytes
 Hardware stack levels used:    1
 Hardware stack levels required when called:    2
 This function calls:
		Nothing
 This function is called by:
		_EEPROMSaveNumber
		_EEPROMDeleteNumber
		_EEPROMAdd
		_EEPROMPrint
 This function uses a non-reentrant model


 *************** function _EepromWrite *****************
 Defined at:
		line 84 in file "eeprom.c"
 Parameters:    Size  Location     Type
  address         2    7[BANK0 ] unsigned int 
  data            1    9[BANK0 ] unsigned char 
 Auto vars:     Size  Location     Type
		None
 Return value:  Size  Location     Type
                  1    wreg      void 
 Registers used:
		wreg, status,2, status,0, pclath, cstack
 Tracked objects:
		On entry : 
		On exit  : 
		Unchanged: 
 Data sizes:     COMMON   BANK0   BANK1   BANK2
      Params:         0       3       0       0
      Locals:         0       0       0       0
      Temps:          0       0       0       0
      Totals:         0       3       0       0
Total ram usage:        3 bytes
 Hardware stack levels used:    1
 Hardware stack levels required when called:    4
 This function calls:
		_I2CSend
		_I2CStart
		_I2CStop
 This function is called by:
		_EEPROMSaveNumber
		_EEPROMDeleteNumber
		_EEPROMEraseAll
		_EEPROMUpdatePassword
 This function uses a non-reentrant model


 *************** function _I2CStop *****************
 Defined at:
		line 38 in file "I2C.c"
 Parameters:    Size  Location     Type
		None
 Auto vars:     Size  Location     Type
		None
 Return value:  Size  Location     Type
                  1    wreg      void 
 Registers used:
		None
 Tracked objects:
		On entry : 
		On exit  : 
		Unchanged: 
 Data sizes:     COMMON   BANK0   BANK1   BANK2
      Params:         0       0       0       0
      Locals:         0       0       0       0
      Temps:          0       0       0       0
      Totals:         0       0       0       0
Total ram usage:        0 bytes
 Hardware stack levels used:    1
 Hardware stack levels required when called:    2
 This function calls:
		Nothing
 This function is called by:
		_EepromWrite
		_EepromRead
 This function uses a non-reentrant model


 *************** function _I2CStart *****************
 Defined at:
		line 25 in file "I2C.c"
 Parameters:    Size  Location     Type
		None
 Auto vars:     Size  Location     Type
		None
 Return value:  Size  Location     Type
                  1    wreg      void 
 Registers used:
		None
 Tracked objects:
		On entry : 
		On exit  : 
		Unchanged: 
 Data sizes:     COMMON   BANK0   BANK1   BANK2
      Params:         0       0       0       0
      Locals:         0       0       0       0
      Temps:          0       0       0       0
      Totals:         0       0       0       0
Total ram usage:        0 bytes
 Hardware stack levels used:    1
 Hardware stack levels required when called:    2
 This function calls:
		Nothing
 This function is called by:
		_EepromWrite
		_EepromRead
 This function uses a non-reentrant model


 *************** function _I2CSend *****************
 Defined at:
		line 102 in file "I2C.c"
 Parameters:    Size  Location     Type
  dat             1    wreg     unsigned char 
 Auto vars:     Size  Location     Type
  dat             1    6[BANK0 ] unsigned char 
 Return value:  Size  Location     Type
                  1    wreg      void 
 Registers used:
		wreg, status,2, status,0, pclath, cstack
 Tracked objects:
		On entry : 
		On exit  : 
		Unchanged: 
 Data sizes:     COMMON   BANK0   BANK1   BANK2
      Params:         0       0       0       0
      Locals:         0       1       0       0
      Temps:          0       0       0       0
      Totals:         0       1       0       0
Total ram usage:        1 bytes
 Hardware stack levels used:    1
 Hardware stack levels required when called:    3
 This function calls:
		_I2CWait
 This function is called by:
		_EepromWrite
		_EepromRead
 This function uses a non-reentrant model


 *************** function _I2CWait *****************
 Defined at:
		line 89 in file "I2C.c"
 Parameters:    Size  Location     Type
		None
 Auto vars:     Size  Location     Type
		None
 Return value:  Size  Location     Type
                  1    wreg      void 
 Registers used:
		wreg, status,2
 Tracked objects:
		On entry : 
		On exit  : 
		Unchanged: 
 Data sizes:     COMMON   BANK0   BANK1   BANK2
      Params:         0       0       0       0
      Locals:         0       0       0       0
      Temps:          0       0       0       0
      Totals:         0       0       0       0
Total ram usage:        0 bytes
 Hardware stack levels used:    1
 Hardware stack levels required when called:    2
 This function calls:
		Nothing
 This function is called by:
		_I2CSend
		_I2CRead
 This function uses a non-reentrant model


 *************** function _I2CInit *****************
 Defined at:
		line 9 in file "I2C.c"
 Parameters:    Size  Location     Type
		None
 Auto vars:     Size  Location     Type
		None
 Return value:  Size  Location     Type
                  1    wreg      void 
 Registers used:
		wreg
 Tracked objects:
		On entry : 
		On exit  : 
		Unchanged: 
 Data sizes:     COMMON   BANK0   BANK1   BANK2
      Params:         0       0       0       0
      Locals:         0       0       0       0
      Temps:          0       0       0       0
      Totals:         0       0       0       0
Total ram usage:        0 bytes
 Hardware stack levels used:    1
 Hardware stack levels required when called:    2
 This function calls:
		Nothing
 This function is called by:
		_main
 This function uses a non-reentrant model


 *************** function _GPIOPortInit *****************
 Defined at:
		line 5 in file "gpio.c"
 Parameters:    Size  Location     Type
		None
 Auto vars:     Size  Location     Type
		None
 Return value:  Size  Location     Type
                  1    wreg      void 
 Registers used:
		status,2
 Tracked objects:
		On entry : 
		On exit  : 
		Unchanged: 
 Data sizes:     COMMON   BANK0   BANK1   BANK2
      Params:         0       0       0       0
      Locals:         0       0       0       0
      Temps:          0       0       0       0
      Totals:         0       0       0       0
Total ram usage:        0 bytes
 Hardware stack levels used:    1
 Hardware stack levels required when called:    2
 This function calls:
		Nothing
 This function is called by:
		_main
 This function uses a non-reentrant model


 *************** function _ISR *****************
 Defined at:
		line 6 in file "isr.c"
 Parameters:    Size  Location     Type
		None
 Auto vars:     Size  Location     Type
		None
 Return value:  Size  Location     Type
                  1    wreg      void 
 Registers used:
		wreg, fsr0l, fsr0h, fsr1l, fsr1h, status,2, status,0, pclath, cstack
 Tracked objects:
		On entry : 
		On exit  : 
		Unchanged: 
 Data sizes:     COMMON   BANK0   BANK1   BANK2
      Params:         0       0       0       0
      Locals:         0       0       0       0
      Temps:          1       0       0       0
      Totals:         1       0       0       0
Total ram usage:        1 bytes
 Hardware stack levels used:    1
 Hardware stack levels required when called:    1
 This function calls:
		_USARTHandleRxInt
 This function is called by:
		Interrupt level 1
 This function uses a non-reentrant model


 *************** function _USARTHandleRxInt *****************
 Defined at:
		line 74 in file "usart.c"
 Parameters:    Size  Location     Type
		None
 Auto vars:     Size  Location     Type
  ci              1    1[BANK0 ] unsigned char 
  ci              1    2[BANK0 ] unsigned char 
  ci              1    5[BANK0 ] unsigned char 
  ci              1    4[BANK0 ] unsigned char 
  ci              1    3[BANK0 ] unsigned char 
  data            1    0[BANK0 ] unsigned char 
 Return value:  Size  Location     Type
                  1    wreg      void 
 Registers used:
		wreg, fsr0l, fsr0h, fsr1l, fsr1h, status,2, status,0
 Tracked objects:
		On entry : 
		On exit  : 
		Unchanged: 
 Data sizes:     COMMON   BANK0   BANK1   BANK2
      Params:         0       0       0       0
      Locals:         0       6       0       0
      Temps:         11       0       0       0
      Totals:        11       6       0       0
Total ram usage:       17 bytes
 Hardware stack levels used:    1
 This function calls:
		Nothing
 This function is called by:
		_ISR
 This function uses a non-reentrant model



MODULE INFORMATION

Module		Function		Class		Link	Load	Size
C:\Program Files (x86)\Microchip\xc8\v1.38\sources\common\Umul16.c
		___wmul        		CODE           	0AEC	0000	29

C:\Program Files (x86)\Microchip\xc8\v1.38\sources\common\Umul16.c estimated size: 29

usart.c
		_USARTWriteString		CODE           	0ABA	0000	24
		_USARTWriteLine		CODE           	0A99	0000	17
		_USARTWriteChar		CODE           	0A62	0000	9
		_USARTHandleRxInt		CODE           	0032	0000	822
		_USARTInit     		CODE           	0CCD	0000	75

usart.c estimated size: 947

I2C.c
		_I2CNak        		CODE           	0A54	0000	7
		_I2CStop       		CODE           	0A4A	0000	6
		_I2CRead       		CODE           	0A8B	0000	15
		_I2CRestart    		CODE           	0A4F	0000	6
		_I2CStart      		CODE           	0A45	0000	6
		_I2CWait       		CODE           	0A5A	0000	9
		_I2CInit       		CODE           	0A74	0000	12
		_I2CSend       		CODE           	0A6A	0000	11

I2C.c estimated size: 72

C:\Program Files (x86)\Microchip\xc8\v1.38\sources\common\lwdiv.c
		___lwdiv       		CODE           	0BD8	0000	54

C:\Program Files (x86)\Microchip\xc8\v1.38\sources\common\lwdiv.c estimated size: 54

eeprom.c
		_EepromWrite   		CODE           	0AD1	0000	28
		_EEPROMSaveNumber		CODE           	0788	0000	118
		_EEPROMCheckPassword		CODE           	0D62	0000	85
		_EEPROMDeleteNumber		CODE           	0C0D	0000	56
		_EEPROMAdd     		CODE           	0C84	0000	74
		_EEPROMSearchNumber		CODE           	0F7D	0000	132
		_EEPROMEraseAll		CODE           	0B08	0000	38
		_EepromRead    		CODE           	0B55	0000	44
		_EEPROMUpdatePassword		CODE           	0EFF	0000	127

eeprom.c estimated size: 702

sim800l.c
		_SIM800Command 		CODE           	0367	0000	623
		_SIM800SendSms 		CODE           	0DB6	0000	102
		_SIM800init    		CODE           	0E82	0000	126
		_SIM800LClear  		CODE           	0E1B	0000	104
		_SIM800DeleteSms		CODE           	0C44	0000	65
		_SIM800ReadSms 		CODE           	0D17	0000	76

sim800l.c estimated size: 1096

isr.c
		_ISR           		CODE           	0004	0000	19

isr.c estimated size: 19

shared
		__initialization		CODE           	0018	0000	23

shared estimated size: 23

gpio.c
		_GPIOGreenLedBlink		CODE           	0B80	0000	45
		_GPIORedLedBlink		CODE           	0BAC	0000	45
		_GPIOPortInit  		CODE           	0AA9	0000	18

gpio.c estimated size: 108

main.c
		_main          		CODE           	05D5	0000	228

main.c estimated size: 228

system.c
		_SYSTEMInit    		CODE           	0B2D	0000	41

system.c estimated size: 41

