Microchip MPLAB XC8 Compiler V1.44 ()

Linker command line:

--edf=C:\Program Files (x86)\Microchip\xc8\v1.44\dat\en_msgs.txt -cs \
  -h+dist/default/production\GateOpener.production.sym \
  --cmf=dist/default/production\GateOpener.production.cmf -z -Q16F1828 \
  -oC:\Users\emman\AppData\Local\Temp\saig.2 \
  -Mdist/default/production/GateOpener.production.map -E1 -ver=XC8 \
  --acfsm=1493 -ASTACK=02048h-02063h -pstack=STACK -ACODE=00h-07FFhx2 \
  -ASTRCODE=00h-0FFFh -ASTRING=00h-0FFhx16 -ACONST=00h-0FFhx16 \
  -AENTRY=00h-0FFhx16 -ACOMMON=070h-07Fh -ABANK0=020h-06Fh \
  -ABANK1=0A0h-0EFh -ABANK2=0120h-016Fh -ABIGRAM=02000h-020EFh \
  -ARAM=020h-06Fh,0A0h-0EFh,0120h-016Fh \
  -AABS1=020h-07Fh,0A0h-0EFh,0120h-016Fh -ASFR0=00h-01Fh -ASFR1=080h-09Fh \
  -ASFR2=0100h-011Fh -ASFR3=0180h-01EFh -ASFR4=0200h-026Fh \
  -ASFR5=0280h-02EFh -ASFR6=0300h-036Fh -ASFR7=0380h-03EFh \
  -ASFR8=0400h-046Fh -ASFR9=0480h-04EFh -ASFR10=0500h-056Fh \
  -ASFR11=0580h-05EFh -ASFR12=0600h-066Fh -ASFR13=0680h-06EFh \
  -ASFR14=0700h-076Fh -ASFR15=0780h-07EFh -ASFR16=0800h-086Fh \
  -ASFR17=0880h-08EFh -ASFR18=0900h-096Fh -ASFR19=0980h-09EFh \
  -ASFR20=0A00h-0A6Fh -ASFR21=0A80h-0AEFh -ASFR22=0B00h-0B6Fh \
  -ASFR23=0B80h-0BEFh -ASFR24=0C00h-0C6Fh -ASFR25=0C80h-0CEFh \
  -ASFR26=0D00h-0D6Fh -ASFR27=0D80h-0DEFh -ASFR28=0E00h-0E6Fh \
  -ASFR29=0E80h-0EEFh -ASFR30=0F00h-0F6Fh -ASFR31=0F80h-0FEFh \
  -preset_vec=00h,intentry=04h,init,end_init -ppowerup=CODE -pcinit=CODE \
  -pfunctab=ENTRY -ACONFIG=08007h-08008h -pconfig=CONFIG -DCONFIG=2 \
  -AIDLOC=08000h-08003h -pidloc=IDLOC -DIDLOC=2 -AEEDATA=00h-0FFh/0F000h \
  -peeprom_data=EEDATA -DEEDATA=2 -DCODE=2 -DSTRCODE=2 -DSTRING=2 -DCONST=2 \
  -DENTRY=2 -k C:\Users\emman\AppData\Local\Temp\saig.obj \
  dist/default/production\GateOpener.production.obj 

Object code version is 3.11

Machine type is 16F1828



                Name                               Link     Load   Length Selector   Space Scale
C:\Users\emman\AppData\Local\Temp\saig.obj
                end_init                             16       16        2        8       0
                reset_vec                             0        0        2        0       0
                config                             8007     8007        2    1000E       0
dist/default/production\GateOpener.production.obj
                cinit                                18       18       1A        8       0
                intentry                              4        4       12        8       0
                text36                               32       32      32F        8       0
                text34                              9C2      9C2        8     1384       0
                text33                              9D2      9D2        A     13A4       0
                text32                              9AD      9AD        5     135A       0
                text31                              9B2      9B2        5     1364       0
                text30                              A39      A39       1B     1472       0
                text29                              E87      E87       7A     1D0E       0
                text28                              A11      A11       11     1422       0
                text27                              9DC      9DC        B     13B8       0
                text26                              A54      A54       1C     14A8       0
                text25                              D9C      D9C       75     1B38       0
                text24                              9BC      9BC        6     1378       0
                text23                              9F3      9F3        E     13E6       0
                text22                              9B7      9B7        5     136E       0
                text21                              B10      B10       2B     1620       0
                text20                              C2C      C2C       49     1858       0
                text19                              799      799       54        8       0
                text18                              B70      B70       36     16E0       0
                text17                              A70      A70       24     14E0       0
                text16                              B3B      B3B       35     1676       0
                text15                              F7B      F7B       85     1EF6       0
                text14                              F01      F01       7A     1E02       0
                text13                              ABC      ABC       2A     1578       0
                text12                              AE6      AE6       2A     15CC       0
                text11                              9CA      9CA        8     1394       0
                text10                              A22      A22       17     1444       0
                text9                               A01      A01       10     1402       0
                text8                               CBF      CBF       69     197E       0
                text7                               361      361      327        8       0
                text6                               BA6      BA6       3E     174C       0
                text5                               D28      D28       74     1A50       0
                text4                               BE4      BE4       48     17C8       0
                text3                               E11      E11       76     1C22       0
                text2                               A94      A94       28     1528       0
                text1                               C75      C75       4A     18EA       0
                maintext                            688      688      111        8       0
                cstackBANK0                          20       20       32       20       1
                cstackCOMMON                         70       70        C       70       1
                clrtext                             9E7      9E7        C     13CE       0
                bssBANK0                             52       52       16       20       1
                bssCOMMON                            7C       7C        1       70       1
                stringtext22                        911      911        2      FDA       0
                stringtext21                        90E      90E        3      FDA       0
                stringtext20                        90A      90A        4      FDA       0
                stringtext19                        905      905        5      FDA       0
                stringtext18                        900      900        5      FDA       0
                stringtext17                        8FB      8FB        5      FDA       0
                stringtext16                        8F5      8F5        6      FDA       0
                stringtext15                        8EE      8EE        7      FDA       0
                stringtext14                        8E5      8E5        9      FDA       0
                stringtext13                        8DC      8DC        9      FDA       0
                stringtext12                        8D3      8D3        9      FDA       0
                stringtext11                        8C9      8C9        A      FDA       0
                stringtext10                        8BD      8BD        C      FDA       0
                stringtext9                         8AF      8AF        E      FDA       0
                stringtext8                         89B      89B       14      FDA       0
                stringtext7                         885      885       16      FDA       0
                stringtext6                         86D      86D       18      FDA       0
                stringtext5                         855      855       18      FDA       0
                stringtext4                         83C      83C       19      FDA       0
                stringtext3                         822      822       1A      FDA       0
                stringtext2                         808      808       1A      FDA       0
                stringtext1                         7ED      7ED       1B      FDA       0

TOTAL           Name                               Link     Load   Length     Space
        CLASS   STACK          

        CLASS   CODE           
                end_init                             16       16        2         0
                cinit                                18       18       1A         0
                intentry                              4        4       12         0
                reset_vec                             0        0        2         0
                text36                               32       32      32F         0
                text34                              9C2      9C2        8         0
                text33                              9D2      9D2        A         0
                text32                              9AD      9AD        5         0
                text31                              9B2      9B2        5         0
                text30                              A39      A39       1B         0
                text29                              E87      E87       7A         0
                text28                              A11      A11       11         0
                text27                              9DC      9DC        B         0
                text26                              A54      A54       1C         0
                text25                              D9C      D9C       75         0
                text24                              9BC      9BC        6         0
                text23                              9F3      9F3        E         0
                text22                              9B7      9B7        5         0
                text21                              B10      B10       2B         0
                text20                              C2C      C2C       49         0
                text19                              799      799       54         0
                text18                              B70      B70       36         0
                text17                              A70      A70       24         0
                text16                              B3B      B3B       35         0
                text15                              F7B      F7B       85         0
                text14                              F01      F01       7A         0
                text13                              ABC      ABC       2A         0
                text12                              AE6      AE6       2A         0
                text11                              9CA      9CA        8         0
                text10                              A22      A22       17         0
                text9                               A01      A01       10         0
                text8                               CBF      CBF       69         0
                text7                               361      361      327         0
                text6                               BA6      BA6       3E         0
                text5                               D28      D28       74         0
                text4                               BE4      BE4       48         0
                text3                               E11      E11       76         0
                text2                               A94      A94       28         0
                text1                               C75      C75       4A         0
                maintext                            688      688      111         0
                clrtext                             9E7      9E7        C         0

        CLASS   STRCODE        
                stringtext22                        911      911        2         0
                stringtext21                        90E      90E        3         0
                stringtext20                        90A      90A        4         0
                stringtext19                        905      905        5         0
                stringtext18                        900      900        5         0
                stringtext17                        8FB      8FB        5         0
                stringtext16                        8F5      8F5        6         0
                stringtext15                        8EE      8EE        7         0
                stringtext14                        8E5      8E5        9         0
                stringtext13                        8DC      8DC        9         0
                stringtext12                        8D3      8D3        9         0
                stringtext11                        8C9      8C9        A         0
                stringtext10                        8BD      8BD        C         0
                stringtext9                         8AF      8AF        E         0
                stringtext8                         89B      89B       14         0
                stringtext7                         885      885       16         0
                stringtext6                         86D      86D       18         0
                stringtext5                         855      855       18         0
                stringtext4                         83C      83C       19         0
                stringtext3                         822      822       1A         0
                stringtext2                         808      808       1A         0
                stringtext1                         7ED      7ED       1B         0

        CLASS   STRING         

        CLASS   CONST          

        CLASS   ENTRY          

        CLASS   COMMON         
                cstackCOMMON                         70       70        C         1
                bssCOMMON                            7C       7C        1         1

        CLASS   BANK0          
                cstackBANK0                          20       20       32         1
                bssBANK0                             52       52       16         1

        CLASS   BANK1          

        CLASS   BANK2          

        CLASS   BIGRAM         

        CLASS   RAM            

        CLASS   ABS1           
                abs_s1                               7E       7E        2         1
                abs_s1                               B4       B4       3C         1
                abs_s1                              120      120       50         1
                abs_s1                             2064     2064        0         1

        CLASS   SFR0           

        CLASS   SFR1           

        CLASS   SFR2           

        CLASS   SFR3           

        CLASS   SFR4           

        CLASS   SFR5           

        CLASS   SFR6           

        CLASS   SFR7           

        CLASS   SFR8           

        CLASS   SFR9           

        CLASS   SFR10          

        CLASS   SFR11          

        CLASS   SFR12          

        CLASS   SFR13          

        CLASS   SFR14          

        CLASS   SFR15          

        CLASS   SFR16          

        CLASS   SFR17          

        CLASS   SFR18          

        CLASS   SFR19          

        CLASS   SFR20          

        CLASS   SFR21          

        CLASS   SFR22          

        CLASS   SFR23          

        CLASS   SFR24          

        CLASS   SFR25          

        CLASS   SFR26          

        CLASS   SFR27          

        CLASS   SFR28          

        CLASS   SFR29          

        CLASS   SFR30          

        CLASS   SFR31          

        CLASS   CONFIG         
                config                             8007     8007        2         0

        CLASS   IDLOC          

        CLASS   EEDATA         

        CLASS   BANK31         

        CLASS   BANK30         

        CLASS   BANK29         

        CLASS   BANK28         

        CLASS   BANK27         

        CLASS   BANK26         

        CLASS   BANK25         

        CLASS   BANK24         

        CLASS   BANK23         

        CLASS   BANK22         

        CLASS   BANK21         

        CLASS   BANK20         

        CLASS   BANK19         

        CLASS   BANK18         

        CLASS   BANK17         

        CLASS   BANK16         

        CLASS   BANK15         

        CLASS   BANK14         

        CLASS   BANK13         

        CLASS   BANK12         

        CLASS   BANK11         

        CLASS   BANK10         

        CLASS   BANK9          

        CLASS   BANK8          

        CLASS   BANK7          

        CLASS   BANK6          

        CLASS   BANK5          

        CLASS   BANK4          

        CLASS   BANK3          



SEGMENTS        Name                           Load    Length   Top    Selector   Space  Class     Delta

                reset_vec                      000000  000002  000002         0       0  CODE        2
                intentry                       000004  0007E9  0007ED         8       0  CODE        2
                cstackBANK0                    000020  000048  000068        20       1  BANK0       1
                cstackCOMMON                   000070  00000D  00007D        70       1  COMMON      1
                stringtext1                    0007ED  000126  000913       FDA       0  STRCODE     2
                text32                         0009AD  000005  0009B2      135A       0  CODE        2
                text31                         0009B2  000005  0009B7      1364       0  CODE        2
                text22                         0009B7  000005  0009BC      136E       0  CODE        2
                text24                         0009BC  000006  0009C2      1378       0  CODE        2
                text34                         0009C2  000008  0009CA      1384       0  CODE        2
                text11                         0009CA  000008  0009D2      1394       0  CODE        2
                text33                         0009D2  00000A  0009DC      13A4       0  CODE        2
                text27                         0009DC  00000B  0009E7      13B8       0  CODE        2
                clrtext                        0009E7  00000C  0009F3      13CE       0  CODE        2
                text23                         0009F3  00000E  000A01      13E6       0  CODE        2
                text9                          000A01  000010  000A11      1402       0  CODE        2
                text28                         000A11  000011  000A22      1422       0  CODE        2
                text10                         000A22  000017  000A39      1444       0  CODE        2
                text30                         000A39  00001B  000A54      1472       0  CODE        2
                text26                         000A54  00001C  000A70      14A8       0  CODE        2
                text17                         000A70  000024  000A94      14E0       0  CODE        2
                text2                          000A94  000028  000ABC      1528       0  CODE        2
                text13                         000ABC  00002A  000AE6      1578       0  CODE        2
                text12                         000AE6  00002A  000B10      15CC       0  CODE        2
                text21                         000B10  00002B  000B3B      1620       0  CODE        2
                text16                         000B3B  000035  000B70      1676       0  CODE        2
                text18                         000B70  000036  000BA6      16E0       0  CODE        2
                text6                          000BA6  00003E  000BE4      174C       0  CODE        2
                text4                          000BE4  000048  000C2C      17C8       0  CODE        2
                text20                         000C2C  000049  000C75      1858       0  CODE        2
                text1                          000C75  00004A  000CBF      18EA       0  CODE        2
                text8                          000CBF  000069  000D28      197E       0  CODE        2
                text5                          000D28  000074  000D9C      1A50       0  CODE        2
                text25                         000D9C  000075  000E11      1B38       0  CODE        2
                text3                          000E11  000076  000E87      1C22       0  CODE        2
                text29                         000E87  00007A  000F01      1D0E       0  CODE        2
                text14                         000F01  00007A  000F7B      1E02       0  CODE        2
                text15                         000F7B  000085  001000      1EF6       0  CODE        2
                config                         008007  000002  008009     1000E       0  CONFIG      2


UNUSED ADDRESS RANGES

        Name                Unused          Largest block    Delta
        BANK0            00068-0006F               8           1
        BANK1            000A0-000B3              14           1
        BIGRAM           02000-020EF              F0           1
        CODE             00002-00003               2           2
                         00913-009AC              9A
        COMMON           0007D-0007D               1           1
        CONST            00002-00003               2           2
                         00913-009AC              9A
        EEDATA           0F000-0F0FF             100           2
        ENTRY            00002-00003               2           2
                         00913-009AC              9A
        IDLOC            08000-08003               4           2
        RAM              00068-0006F               8           1
                         000A0-000B3              14
        SFR0             00000-0001F              20           1
        SFR1             00080-0009F              20           1
        SFR10            00500-0056F              70           1
        SFR11            00580-005EF              70           1
        SFR12            00600-0066F              70           1
        SFR13            00680-006EF              70           1
        SFR14            00700-0076F              70           1
        SFR15            00780-007EF              70           1
        SFR16            00800-0086F              70           1
        SFR17            00880-008EF              70           1
        SFR18            00900-0096F              70           1
        SFR19            00980-009EF              70           1
        SFR2             00100-0011F              20           1
        SFR20            00A00-00A6F              70           1
        SFR21            00A80-00AEF              70           1
        SFR22            00B00-00B6F              70           1
        SFR23            00B80-00BEF              70           1
        SFR24            00C00-00C6F              70           1
        SFR25            00C80-00CEF              70           1
        SFR26            00D00-00D6F              70           1
        SFR27            00D80-00DEF              70           1
        SFR28            00E00-00E6F              70           1
        SFR29            00E80-00EEF              70           1
        SFR3             00180-001EF              70           1
        SFR30            00F00-00F6F              70           1
        SFR31            00F80-00FEF              70           1
        SFR4             00200-0026F              70           1
        SFR5             00280-002EF              70           1
        SFR6             00300-0036F              70           1
        SFR7             00380-003EF              70           1
        SFR8             00400-0046F              70           1
        SFR9             00480-004EF              70           1
        STACK            02048-02063              1C           1
        STRCODE          00002-00003               2           2
                         00913-009AC              9A
        STRING           00002-00003               2           2
                         00913-009AC              9A

                                  Symbol Table

?_EEPROMSearchNumber           cstackBANK0  00031
?___lwdiv                      cstackBANK0  00027
?___wmul                       cstackBANK0  00027
EEPROMAdd@aux                  cstackBANK0  00041
EEPROMAdd@empty                cstackBANK0  00042
EEPROMAdd@found                cstackBANK0  0003F
EEPROMAdd@nmbr                 cstackBANK0  0003B
EEPROMAdd@nmbrLenght           cstackBANK0  0003D
EEPROMCheckPassword@pass       cstackBANK0  00031
EEPROMDeleteNumber@address     cstackBANK0  00030
EEPROMDeleteNumber@count       cstackBANK0  00032
EEPROMDeleteNumber@position    cstackBANK0  0002D
EEPROMEraseAll@i               cstackBANK0  0002C
EEPROMSaveNumber@address       cstackBANK0  00039
EEPROMSaveNumber@count         cstackBANK0  00037
EEPROMSaveNumber@nmbr          cstackBANK0  0002D
EEPROMSaveNumber@nmbrLenght    cstackBANK0  0002F
EEPROMSaveNumber@position      cstackBANK0  00030
EEPROMSaveNumber@result        cstackBANK0  00035
EEPROMSearchNumber@aux         cstackBANK0  0003E
EEPROMSearchNumber@count       cstackBANK0  00040
EEPROMSearchNumber@nmbr        cstackBANK0  00031
EEPROMSearchNumber@nmbrLenght  cstackBANK0  00033
EEPROMSearchNumber@result      cstackBANK0  0003C
EEPROMUpdatePassword@pass      cstackBANK0  0002B
EEPROMUpdateVersion@ver        cstackBANK0  0002B
EepromRead@address             cstackBANK0  0002D
EepromRead@data                cstackBANK0  00030
EepromWrite@address            cstackBANK0  00028
EepromWrite@data               cstackBANK0  0002A
GPIOGreenLedBlink@i            cstackBANK0  0002A
GPIOGreenLedBlink@times        cstackBANK0  00029
GPIORedLedBlink@i              cstackBANK0  0002A
GPIORedLedBlink@times          cstackBANK0  00029
I2CRead@temp                   cstackBANK0  00028
I2CSend@dat                    cstackBANK0  00027
SIM800Command@add              cstackBANK0  0004F
SIM800DeleteSms@flag           cstackBANK0  0002F
SIM800DeleteSms@index          cstackBANK0  0002D
SIM800LClear@i                 cstackBANK0  0002B
SIM800ReadSms@mem              cstackBANK0  0002D
SIM800SendSms@msg              cstackBANK0  0002F
SIM800SendSms@msg2             cstackBANK0  00031
SIM800SendSms@nmbr             cstackBANK0  0002D
SYSTEMInit@freq                cstackBANK0  00027
USARTHandleRxInt@ci            cstackBANK0  00023
USARTHandleRxInt@ci_613        cstackBANK0  00024
USARTHandleRxInt@ci_614        cstackBANK0  00025
USARTHandleRxInt@ci_615        cstackBANK0  00022
USARTHandleRxInt@ci_616        cstackBANK0  00026
USARTHandleRxInt@data          cstackBANK0  00020
USARTHandleRxInt@end           cstackBANK0  00021
USARTInit@baud_rate            cstackBANK0  00027
USARTWriteChar@ch              cstackBANK0  00027
USARTWriteInt@F3233            bssBANK0     00052
USARTWriteLine@str             cstackBANK0  0002B
USARTWriteString@str           cstackBANK0  00028
_ACKDT                         (abs)        010B5
_ACKEN                         (abs)        010B4
_ANSELB                        (abs)        0018D
_APFCON0bits                   (abs)        0011D
_BAUDCONbits                   (abs)        0019F
_BF                            (abs)        010A0
_CREN                          (abs)        00CEC
_EEPROMAdd                     text20       00C2C
_EEPROMCheckPassword           text19       00799
_EEPROMDeleteNumber            text18       00B70
_EEPROMEraseAll                text17       00A70
_EEPROMSaveNumber              text25       00D9C
_EEPROMSearchNumber            text15       00F7B
_EEPROMUpdatePassword          text14       00F01
_EEPROMUpdateVersion           text29       00E87
_EepromRead                    text21       00B10
_EepromWrite                   text30       00A39
_GIE                           (abs)        0005F
_GPIOGreenLedBlink             text13       00ABC
_GPIOPortInit                  text28       00A11
_GPIORedLedBlink               text12       00AE6
_I2CInit                       text27       009DC
_I2CNak                        text24       009BC
_I2CRead                       text23       009F3
_I2CRestart                    text22       009B7
_I2CSend                       text33       009D2
_I2CStart                      text32       009AD
_I2CStop                       text31       009B2
_I2CWait                       text34       009C2
_ISR                           intentry     00004
_LATAbits                      (abs)        0010C
_LATBbits                      (abs)        0010D
_LATCbits                      (abs)        0010E
_OSCCON                        (abs)        00099
_PEIE                          (abs)        0005E
_PEN                           (abs)        010B2
_PIR1bits                      (abs)        00011
_PORTBbits                     (abs)        0000D
_RCEN                          (abs)        010B3
_RCIE                          (abs)        0048D
_RCIF                          (abs)        0008D
_RCREG                         (abs)        00199
_RCSTAbits                     (abs)        0019D
_RSEN                          (abs)        010B1
_SEN                           (abs)        010B0
_SIM800Command                 text7        00361
_SIM800DeleteSms               text6        00BA6
_SIM800L                       (abs)        02064
_SIM800LClear                  text5        00D28
_SIM800ReadSms                 text4        00BE4
_SIM800SendSms                 text8        00CBF
_SIM800init                    text3        00E11
_SPBRG                         (abs)        0019B
_SSPADD                        (abs)        00212
_SSPBUF                        (abs)        00211
_SSPCON                        (abs)        00215
_SSPCON2                       (abs)        00216
_SSPSTAT                       (abs)        00214
_SYSTEMInit                    text2        00A94
_TRISA4                        (abs)        00464
_TRISA5                        (abs)        00465
_TRISB4                        (abs)        0046C
_TRISB6                        (abs)        0046E
_TRISB7                        (abs)        0046F
_TRISC0                        (abs)        00470
_TRISC1                        (abs)        00471
_TRISC2                        (abs)        00472
_TRISC4                        (abs)        00474
_TRISC5                        (abs)        00475
_TRISC6                        (abs)        00476
_TRISC7                        (abs)        00477
_TXREG                         (abs)        0019A
_TXSTAbits                     (abs)        0019E
_USARTHandleRxInt              text36       00032
_USARTInit                     text1        00C75
_USARTWriteChar                text11       009CA
_USARTWriteLine                text9        00A01
_USARTWriteString              text10       00A22
_WDTCONbits                    (abs)        00097
__CFG_BOREN$ON                 (abs)        00000
__CFG_BORV$LO                  (abs)        00000
__CFG_CLKOUTEN$OFF             (abs)        00000
__CFG_CP$ON                    (abs)        00000
__CFG_CPD$ON                   (abs)        00000
__CFG_FCMEN$ON                 (abs)        00000
__CFG_FOSC$INTOSC              (abs)        00000
__CFG_IESO$ON                  (abs)        00000
__CFG_LVP$OFF                  (abs)        00000
__CFG_MCLRE$OFF                (abs)        00000
__CFG_PLLEN$ON                 (abs)        00000
__CFG_PWRTE$ON                 (abs)        00000
__CFG_STVREN$ON                (abs)        00000
__CFG_WDTE$ON                  (abs)        00000
__CFG_WRT$OFF                  (abs)        00000
__Habs1                        abs1         00000
__Hbank0                       bank0        00000
__Hbank1                       bank1        00000
__Hbank10                      bank10       00000
__Hbank11                      bank11       00000
__Hbank12                      bank12       00000
__Hbank13                      bank13       00000
__Hbank14                      bank14       00000
__Hbank15                      bank15       00000
__Hbank16                      bank16       00000
__Hbank17                      bank17       00000
__Hbank18                      bank18       00000
__Hbank19                      bank19       00000
__Hbank2                       bank2        00000
__Hbank20                      bank20       00000
__Hbank21                      bank21       00000
__Hbank22                      bank22       00000
__Hbank23                      bank23       00000
__Hbank24                      bank24       00000
__Hbank25                      bank25       00000
__Hbank26                      bank26       00000
__Hbank27                      bank27       00000
__Hbank28                      bank28       00000
__Hbank29                      bank29       00000
__Hbank3                       bank3        00000
__Hbank30                      bank30       00000
__Hbank31                      bank31       00000
__Hbank4                       bank4        00000
__Hbank5                       bank5        00000
__Hbank6                       bank6        00000
__Hbank7                       bank7        00000
__Hbank8                       bank8        00000
__Hbank9                       bank9        00000
__Hbigram                      bigram       00000
__HbssBANK0                    bssBANK0     00000
__HbssCOMMON                   bssCOMMON    00000
__Hcinit                       cinit        00032
__Hclrtext                     clrtext      00000
__Hcode                        code         00000
__Hcommon                      common       00000
__Hconfig                      config       08009
__HcstackBANK0                 cstackBANK0  00000
__HcstackCOMMON                cstackCOMMON 00000
__Heeprom_data                 eeprom_data  00000
__Hend_init                    end_init     00018
__Hfunctab                     functab      00000
__Hidloc                       idloc        00000
__Hinit                        init         00016
__Hintentry                    intentry     00016
__Hmaintext                    maintext     00000
__Hpowerup                     powerup      00000
__Hram                         ram          00000
__Hreset_vec                   reset_vec    00002
__Hsfr0                        sfr0         00000
__Hsfr1                        sfr1         00000
__Hsfr10                       sfr10        00000
__Hsfr11                       sfr11        00000
__Hsfr12                       sfr12        00000
__Hsfr13                       sfr13        00000
__Hsfr14                       sfr14        00000
__Hsfr15                       sfr15        00000
__Hsfr16                       sfr16        00000
__Hsfr17                       sfr17        00000
__Hsfr18                       sfr18        00000
__Hsfr19                       sfr19        00000
__Hsfr2                        sfr2         00000
__Hsfr20                       sfr20        00000
__Hsfr21                       sfr21        00000
__Hsfr22                       sfr22        00000
__Hsfr23                       sfr23        00000
__Hsfr24                       sfr24        00000
__Hsfr25                       sfr25        00000
__Hsfr26                       sfr26        00000
__Hsfr27                       sfr27        00000
__Hsfr28                       sfr28        00000
__Hsfr29                       sfr29        00000
__Hsfr3                        sfr3         00000
__Hsfr30                       sfr30        00000
__Hsfr31                       sfr31        00000
__Hsfr4                        sfr4         00000
__Hsfr5                        sfr5         00000
__Hsfr6                        sfr6         00000
__Hsfr7                        sfr7         00000
__Hsfr8                        sfr8         00000
__Hsfr9                        sfr9         00000
__Hspace_0                     (abs)        08009
__Hspace_1                     (abs)        0007D
__Hspace_2                     (abs)        00000
__Hspace_3                     (abs)        00000
__Hstack                       stack        00000
__Hstrings                     strings      00000
__Hstringtext1                 stringtext1  00000
__Hstringtext10                stringtext10 00000
__Hstringtext11                stringtext11 00000
__Hstringtext12                stringtext12 00000
__Hstringtext13                stringtext13 00000
__Hstringtext14                stringtext14 00000
__Hstringtext15                stringtext15 00000
__Hstringtext16                stringtext16 00000
__Hstringtext17                stringtext17 00000
__Hstringtext18                stringtext18 00000
__Hstringtext19                stringtext19 00000
__Hstringtext2                 stringtext2  00000
__Hstringtext20                stringtext20 00000
__Hstringtext21                stringtext21 00000
__Hstringtext22                stringtext22 00000
__Hstringtext23                stringtext23 00000
__Hstringtext3                 stringtext3  00000
__Hstringtext4                 stringtext4  00000
__Hstringtext5                 stringtext5  00000
__Hstringtext6                 stringtext6  00000
__Hstringtext7                 stringtext7  00000
__Hstringtext8                 stringtext8  00000
__Hstringtext9                 stringtext9  00000
__Htext                        text         00000
__Labs1                        abs1         00000
__Lbank0                       bank0        00000
__Lbank1                       bank1        00000
__Lbank10                      bank10       00000
__Lbank11                      bank11       00000
__Lbank12                      bank12       00000
__Lbank13                      bank13       00000
__Lbank14                      bank14       00000
__Lbank15                      bank15       00000
__Lbank16                      bank16       00000
__Lbank17                      bank17       00000
__Lbank18                      bank18       00000
__Lbank19                      bank19       00000
__Lbank2                       bank2        00000
__Lbank20                      bank20       00000
__Lbank21                      bank21       00000
__Lbank22                      bank22       00000
__Lbank23                      bank23       00000
__Lbank24                      bank24       00000
__Lbank25                      bank25       00000
__Lbank26                      bank26       00000
__Lbank27                      bank27       00000
__Lbank28                      bank28       00000
__Lbank29                      bank29       00000
__Lbank3                       bank3        00000
__Lbank30                      bank30       00000
__Lbank31                      bank31       00000
__Lbank4                       bank4        00000
__Lbank5                       bank5        00000
__Lbank6                       bank6        00000
__Lbank7                       bank7        00000
__Lbank8                       bank8        00000
__Lbank9                       bank9        00000
__Lbigram                      bigram       00000
__LbssBANK0                    bssBANK0     00000
__LbssCOMMON                   bssCOMMON    00000
__Lcinit                       cinit        00018
__Lclrtext                     clrtext      00000
__Lcode                        code         00000
__Lcommon                      common       00000
__Lconfig                      config       08007
__LcstackBANK0                 cstackBANK0  00000
__LcstackCOMMON                cstackCOMMON 00000
__Leeprom_data                 eeprom_data  00000
__Lend_init                    end_init     00016
__Lfunctab                     functab      00000
__Lidloc                       idloc        00000
__Linit                        init         00016
__Lintentry                    intentry     00004
__Lmaintext                    maintext     00000
__Lpowerup                     powerup      00000
__Lram                         ram          00000
__Lreset_vec                   reset_vec    00000
__Lsfr0                        sfr0         00000
__Lsfr1                        sfr1         00000
__Lsfr10                       sfr10        00000
__Lsfr11                       sfr11        00000
__Lsfr12                       sfr12        00000
__Lsfr13                       sfr13        00000
__Lsfr14                       sfr14        00000
__Lsfr15                       sfr15        00000
__Lsfr16                       sfr16        00000
__Lsfr17                       sfr17        00000
__Lsfr18                       sfr18        00000
__Lsfr19                       sfr19        00000
__Lsfr2                        sfr2         00000
__Lsfr20                       sfr20        00000
__Lsfr21                       sfr21        00000
__Lsfr22                       sfr22        00000
__Lsfr23                       sfr23        00000
__Lsfr24                       sfr24        00000
__Lsfr25                       sfr25        00000
__Lsfr26                       sfr26        00000
__Lsfr27                       sfr27        00000
__Lsfr28                       sfr28        00000
__Lsfr29                       sfr29        00000
__Lsfr3                        sfr3         00000
__Lsfr30                       sfr30        00000
__Lsfr31                       sfr31        00000
__Lsfr4                        sfr4         00000
__Lsfr5                        sfr5         00000
__Lsfr6                        sfr6         00000
__Lsfr7                        sfr7         00000
__Lsfr8                        sfr8         00000
__Lsfr9                        sfr9         00000
__Lspace_0                     (abs)        00000
__Lspace_1                     (abs)        00000
__Lspace_2                     (abs)        00000
__Lspace_3                     (abs)        00000
__Lstack                       stack        00000
__Lstrings                     strings      00000
__Lstringtext1                 stringtext1  00000
__Lstringtext10                stringtext10 00000
__Lstringtext11                stringtext11 00000
__Lstringtext12                stringtext12 00000
__Lstringtext13                stringtext13 00000
__Lstringtext14                stringtext14 00000
__Lstringtext15                stringtext15 00000
__Lstringtext16                stringtext16 00000
__Lstringtext17                stringtext17 00000
__Lstringtext18                stringtext18 00000
__Lstringtext19                stringtext19 00000
__Lstringtext2                 stringtext2  00000
__Lstringtext20                stringtext20 00000
__Lstringtext21                stringtext21 00000
__Lstringtext22                stringtext22 00000
__Lstringtext23                stringtext23 00000
__Lstringtext3                 stringtext3  00000
__Lstringtext4                 stringtext4  00000
__Lstringtext5                 stringtext5  00000
__Lstringtext6                 stringtext6  00000
__Lstringtext7                 stringtext7  00000
__Lstringtext8                 stringtext8  00000
__Lstringtext9                 stringtext9  00000
__Ltext                        text         00000
__S0                           (abs)        08009
__S1                           (abs)        0007D
__S2                           (abs)        00000
__S3                           (abs)        00000
___int_sp                      stack        00000
___latbits                     (abs)        00001
___lwdiv                       text16       00B3B
___lwdiv@counter               cstackBANK0  0002E
___lwdiv@dividend              cstackBANK0  00029
___lwdiv@divisor               cstackBANK0  00027
___lwdiv@quotient              cstackBANK0  0002C
___sp                          stack        00000
___wmul                        text26       00A54
___wmul@multiplicand           cstackBANK0  00029
___wmul@multiplier             cstackBANK0  00027
___wmul@product                cstackBANK0  0002B
__end_of_EEPROMAdd             text20       00C75
__end_of_EEPROMCheckPassword   text19       007ED
__end_of_EEPROMDeleteNumber    text18       00BA6
__end_of_EEPROMEraseAll        text17       00A94
__end_of_EEPROMSaveNumber      text25       00E11
__end_of_EEPROMSearchNumber    text15       01000
__end_of_EEPROMUpdatePassword  text14       00F7B
__end_of_EEPROMUpdateVersion   text29       00F01
__end_of_EepromRead            text21       00B3B
__end_of_EepromWrite           text30       00A54
__end_of_GPIOGreenLedBlink     text13       00AE6
__end_of_GPIOPortInit          text28       00A22
__end_of_GPIORedLedBlink       text12       00B10
__end_of_I2CInit               text27       009E7
__end_of_I2CNak                text24       009C2
__end_of_I2CRead               text23       00A01
__end_of_I2CRestart            text22       009BC
__end_of_I2CSend               text33       009DC
__end_of_I2CStart              text32       009B2
__end_of_I2CStop               text31       009B7
__end_of_I2CWait               text34       009CA
__end_of_ISR                   intentry     00016
__end_of_SIM800Command         text7        00688
__end_of_SIM800DeleteSms       text6        00BE4
__end_of_SIM800LClear          text5        00D9C
__end_of_SIM800ReadSms         text4        00C2C
__end_of_SIM800SendSms         text8        00D28
__end_of_SIM800init            text3        00E87
__end_of_SYSTEMInit            text2        00ABC
__end_of_USARTHandleRxInt      text36       00361
__end_of_USARTInit             text1        00CBF
__end_of_USARTWriteChar        text11       009D2
__end_of_USARTWriteLine        text9        00A11
__end_of_USARTWriteString      text10       00A39
__end_of___lwdiv               text16       00B70
__end_of___wmul                text26       00A70
__end_of__initialization       cinit        0002E
__end_of_main                  maintext     00799
__initialization               cinit        00018
__pbssBANK0                    bssBANK0     00052
__pbssBIGRAM                   (abs)        02064
__pbssCOMMON                   bssCOMMON    0007C
__pcstackBANK0                 cstackBANK0  00020
__pcstackCOMMON                cstackCOMMON 00070
__pintentry                    intentry     00004
__pmaintext                    maintext     00688
__pstringtext1                 stringtext1  007ED
__pstringtext10                stringtext10 008BD
__pstringtext11                stringtext11 008C9
__pstringtext12                stringtext12 008D3
__pstringtext13                stringtext13 008DC
__pstringtext14                stringtext14 008E5
__pstringtext15                stringtext15 008EE
__pstringtext16                stringtext16 008F5
__pstringtext17                stringtext17 008FB
__pstringtext18                stringtext18 00900
__pstringtext19                stringtext19 00905
__pstringtext2                 stringtext2  00808
__pstringtext20                stringtext20 0090A
__pstringtext21                stringtext21 0090E
__pstringtext22                stringtext22 00911
__pstringtext23                stringtext23 00000
__pstringtext3                 stringtext3  00822
__pstringtext4                 stringtext4  0083C
__pstringtext5                 stringtext5  00855
__pstringtext6                 stringtext6  0086D
__pstringtext7                 stringtext7  00885
__pstringtext8                 stringtext8  0089B
__pstringtext9                 stringtext9  008AF
__ptext1                       text1        00C75
__ptext10                      text10       00A22
__ptext11                      text11       009CA
__ptext12                      text12       00AE6
__ptext13                      text13       00ABC
__ptext14                      text14       00F01
__ptext15                      text15       00F7B
__ptext16                      text16       00B3B
__ptext17                      text17       00A70
__ptext18                      text18       00B70
__ptext19                      text19       00799
__ptext2                       text2        00A94
__ptext20                      text20       00C2C
__ptext21                      text21       00B10
__ptext22                      text22       009B7
__ptext23                      text23       009F3
__ptext24                      text24       009BC
__ptext25                      text25       00D9C
__ptext26                      text26       00A54
__ptext27                      text27       009DC
__ptext28                      text28       00A11
__ptext29                      text29       00E87
__ptext3                       text3        00E11
__ptext30                      text30       00A39
__ptext31                      text31       009B2
__ptext32                      text32       009AD
__ptext33                      text33       009D2
__ptext34                      text34       009C2
__ptext36                      text36       00032
__ptext4                       text4        00BE4
__ptext5                       text5        00D28
__ptext6                       text6        00BA6
__ptext7                       text7        00361
__ptext8                       text8        00CBF
__ptext9                       text9        00A01
__size_of_EEPROMAdd            (abs)        00000
__size_of_EEPROMCheckPassword  (abs)        00000
__size_of_EEPROMDeleteNumber   (abs)        00000
__size_of_EEPROMEraseAll       (abs)        00000
__size_of_EEPROMSaveNumber     (abs)        00000
__size_of_EEPROMSearchNumber   (abs)        00000
__size_of_EEPROMUpdatePassword (abs)        00000
__size_of_EEPROMUpdateVersion  (abs)        00000
__size_of_EepromRead           (abs)        00000
__size_of_EepromWrite          (abs)        00000
__size_of_GPIOGreenLedBlink    (abs)        00000
__size_of_GPIOPortInit         (abs)        00000
__size_of_GPIORedLedBlink      (abs)        00000
__size_of_I2CInit              (abs)        00000
__size_of_I2CNak               (abs)        00000
__size_of_I2CRead              (abs)        00000
__size_of_I2CRestart           (abs)        00000
__size_of_I2CSend              (abs)        00000
__size_of_I2CStart             (abs)        00000
__size_of_I2CStop              (abs)        00000
__size_of_I2CWait              (abs)        00000
__size_of_ISR                  (abs)        00000
__size_of_SIM800Command        (abs)        00000
__size_of_SIM800DeleteSms      (abs)        00000
__size_of_SIM800LClear         (abs)        00000
__size_of_SIM800ReadSms        (abs)        00000
__size_of_SIM800SendSms        (abs)        00000
__size_of_SIM800init           (abs)        00000
__size_of_SYSTEMInit           (abs)        00000
__size_of_USARTHandleRxInt     (abs)        00000
__size_of_USARTInit            (abs)        00000
__size_of_USARTWriteChar       (abs)        00000
__size_of_USARTWriteLine       (abs)        00000
__size_of_USARTWriteString     (abs)        00000
__size_of___lwdiv              (abs)        00000
__size_of___wmul               (abs)        00000
__size_of_main                 (abs)        00000
_bufque                        bssBANK0     0005B
_chkcount                      bssBANK0     0005C
_i                             bssBANK0     0005D
_main                          maintext     00688
_password                      bssBANK0     00057
_password_empty                bssBANK0     00064
_task                          bssBANK0     0005E
_ver                           bssBANK0     0005F
btemp                          (abs)        0007E
clear_ram0                     clrtext      009E7
end_of_initialization          cinit        0002E
int$flags                      (abs)        0007E
intlevel0                      functab      00000
intlevel1                      functab      00000
intlevel2                      functab      00000
intlevel3                      functab      00000
intlevel4                      functab      00000
intlevel5                      functab      00000
reset_vec                      reset_vec    00000
stackhi                        (abs)        02063
stacklo                        (abs)        02048
start                          init         00016
start_initialization           cinit        00018
wtemp0                         (abs)        0007E


FUNCTION INFORMATION:

 *************** function _main *****************
 Defined at:
		line 15 in file "main.c"
 Parameters:    Size  Location     Type
		None
 Auto vars:     Size  Location     Type
		None
 Return value:  Size  Location     Type
                  1    wreg      void 
 Registers used:
		wreg, fsr0l, fsr0h, fsr1l, fsr1h, status,2, status,0, pclath, cstack
 Tracked objects:
		On entry : 
		On exit  : 
		Unchanged: 
 Data sizes:     COMMON   BANK0   BANK1   BANK2
      Params:         0       0       0       0
      Locals:         0       0       0       0
      Temps:          0       2       0       0
      Totals:         0       2       0       0
Total ram usage:        2 bytes
 Hardware stack levels required when called:    8
 This function calls:
		_EEPROMCheckPassword
		_EEPROMSearchNumber
		_EEPROMUpdatePassword
		_EEPROMUpdateVersion
		_GPIOGreenLedBlink
		_GPIOPortInit
		_GPIORedLedBlink
		_I2CInit
		_SIM800Command
		_SIM800DeleteSms
		_SIM800LClear
		_SIM800ReadSms
		_SIM800init
		_SYSTEMInit
		_USARTInit
		_USARTWriteLine
 This function is called by:
		Startup code after reset
 This function uses a non-reentrant model


 *************** function _USARTInit *****************
 Defined at:
		line 6 in file "usart.c"
 Parameters:    Size  Location     Type
  baud_rate       2    7[BANK0 ] unsigned int 
 Auto vars:     Size  Location     Type
		None
 Return value:  Size  Location     Type
                  1    wreg      void 
 Registers used:
		wreg, fsr0l, fsr0h, status,2, status,0
 Tracked objects:
		On entry : 
		On exit  : 
		Unchanged: 
 Data sizes:     COMMON   BANK0   BANK1   BANK2
      Params:         0       2       0       0
      Locals:         0       0       0       0
      Temps:          0       0       0       0
      Totals:         0       2       0       0
Total ram usage:        2 bytes
 Hardware stack levels used:    1
 Hardware stack levels required when called:    2
 This function calls:
		Nothing
 This function is called by:
		_main
 This function uses a non-reentrant model


 *************** function _SYSTEMInit *****************
 Defined at:
		line 24 in file "system.c"
 Parameters:    Size  Location     Type
  freq            1    wreg     unsigned char 
 Auto vars:     Size  Location     Type
  freq            1    7[BANK0 ] unsigned char 
 Return value:  Size  Location     Type
                  1    wreg      void 
 Registers used:
		wreg, fsr0l, fsr0h, status,2, status,0
 Tracked objects:
		On entry : 
		On exit  : 
		Unchanged: 
 Data sizes:     COMMON   BANK0   BANK1   BANK2
      Params:         0       0       0       0
      Locals:         0       1       0       0
      Temps:          0       0       0       0
      Totals:         0       1       0       0
Total ram usage:        1 bytes
 Hardware stack levels used:    1
 Hardware stack levels required when called:    2
 This function calls:
		Nothing
 This function is called by:
		_main
 This function uses a non-reentrant model


 *************** function _SIM800init *****************
 Defined at:
		line 7 in file "sim800l.c"
 Parameters:    Size  Location     Type
		None
 Auto vars:     Size  Location     Type
		None
 Return value:  Size  Location     Type
                  1    wreg      unsigned char 
 Registers used:
		wreg, fsr0l, fsr0h, status,2, status,0, pclath, cstack
 Tracked objects:
		On entry : 
		On exit  : 
		Unchanged: 
 Data sizes:     COMMON   BANK0   BANK1   BANK2
      Params:         0       0       0       0
      Locals:         0       0       0       0
      Temps:          0       2       0       0
      Totals:         0       2       0       0
Total ram usage:        2 bytes
 Hardware stack levels used:    1
 Hardware stack levels required when called:    5
 This function calls:
		_USARTWriteLine
 This function is called by:
		_main
 This function uses a non-reentrant model


 *************** function _SIM800ReadSms *****************
 Defined at:
		line 49 in file "sim800l.c"
 Parameters:    Size  Location     Type
  mem             2   13[BANK0 ] PTR const unsigned char 
		 -> SIM800L.smsmem(5), SIM800L(140), 
 Auto vars:     Size  Location     Type
		None
 Return value:  Size  Location     Type
                  1    wreg      unsigned char 
 Registers used:
		wreg, fsr0l, fsr0h, status,2, status,0, pclath, cstack
 Tracked objects:
		On entry : 
		On exit  : 
		Unchanged: 
 Data sizes:     COMMON   BANK0   BANK1   BANK2
      Params:         0       2       0       0
      Locals:         0       0       0       0
      Temps:          0       2       0       0
      Totals:         0       4       0       0
Total ram usage:        4 bytes
 Hardware stack levels used:    1
 Hardware stack levels required when called:    5
 This function calls:
		_USARTWriteLine
		_USARTWriteString
 This function is called by:
		_main
 This function uses a non-reentrant model


 *************** function _SIM800LClear *****************
 Defined at:
		line 161 in file "sim800l.c"
 Parameters:    Size  Location     Type
		None
 Auto vars:     Size  Location     Type
  i               1   11[BANK0 ] unsigned char 
 Return value:  Size  Location     Type
                  1    wreg      void 
 Registers used:
		wreg, fsr1l, fsr1h, status,2, status,0
 Tracked objects:
		On entry : 
		On exit  : 
		Unchanged: 
 Data sizes:     COMMON   BANK0   BANK1   BANK2
      Params:         0       0       0       0
      Locals:         0       1       0       0
      Temps:          0       4       0       0
      Totals:         0       5       0       0
Total ram usage:        5 bytes
 Hardware stack levels used:    1
 Hardware stack levels required when called:    2
 This function calls:
		Nothing
 This function is called by:
		_main
 This function uses a non-reentrant model


 *************** function _SIM800DeleteSms *****************
 Defined at:
		line 60 in file "sim800l.c"
 Parameters:    Size  Location     Type
  index           2   13[BANK0 ] PTR const unsigned char 
		 -> STR_30(2), 
  flag            2   15[BANK0 ] PTR const unsigned char 
		 -> STR_31(2), 
 Auto vars:     Size  Location     Type
		None
 Return value:  Size  Location     Type
                  1    wreg      unsigned char 
 Registers used:
		wreg, fsr0l, fsr0h, status,2, status,0, pclath, cstack
 Tracked objects:
		On entry : 
		On exit  : 
		Unchanged: 
 Data sizes:     COMMON   BANK0   BANK1   BANK2
      Params:         0       4       0       0
      Locals:         0       0       0       0
      Temps:          0       2       0       0
      Totals:         0       6       0       0
Total ram usage:        6 bytes
 Hardware stack levels used:    1
 Hardware stack levels required when called:    5
 This function calls:
		_USARTWriteChar
		_USARTWriteLine
		_USARTWriteString
 This function is called by:
		_main
 This function uses a non-reentrant model


 *************** function _SIM800Command *****************
 Defined at:
		line 72 in file "sim800l.c"
 Parameters:    Size  Location     Type
		None
 Auto vars:     Size  Location     Type
  add             1   47[BANK0 ] unsigned char 
 Return value:  Size  Location     Type
                  1    wreg      unsigned char 
 Registers used:
		wreg, fsr0l, fsr0h, fsr1l, fsr1h, status,2, status,0, pclath, cstack
 Tracked objects:
		On entry : 
		On exit  : 
		Unchanged: 
 Data sizes:     COMMON   BANK0   BANK1   BANK2
      Params:         0       0       0       0
      Locals:         0       1       0       0
      Temps:          0      11       0       0
      Totals:         0      12       0       0
Total ram usage:       12 bytes
 Hardware stack levels used:    1
 Hardware stack levels required when called:    7
 This function calls:
		_EEPROMAdd
		_EEPROMCheckPassword
		_EEPROMDeleteNumber
		_EEPROMEraseAll
		_EEPROMSearchNumber
		_EEPROMUpdatePassword
		_EepromRead
		_GPIOGreenLedBlink
		_GPIORedLedBlink
		_SIM800SendSms
 This function is called by:
		_main
 This function uses a non-reentrant model


 *************** function _SIM800SendSms *****************
 Defined at:
		line 31 in file "sim800l.c"
 Parameters:    Size  Location     Type
  nmbr            2   13[BANK0 ] PTR const unsigned char 
		 -> SIM800L.sender_cell(15), SIM800L.cell(15), SIM800L(140), 
  msg             2   15[BANK0 ] PTR const unsigned char 
		 -> STR_24(26), STR_23(24), STR_21(24), STR_19(26), 
		 -> STR_18(22), STR_16(20), STR_15(25), STR_13(27), 
  msg2            2   17[BANK0 ] PTR const unsigned char 
		 -> ver(5), SIM800L.csq(5), STR_20(1), STR_17(1), 
		 -> STR_14(1), SIM800L.cell(15), SIM800L(140), 
 Auto vars:     Size  Location     Type
		None
 Return value:  Size  Location     Type
                  1    wreg      unsigned char 
 Registers used:
		wreg, fsr0l, fsr0h, status,2, status,0, pclath, cstack
 Tracked objects:
		On entry : 
		On exit  : 
		Unchanged: 
 Data sizes:     COMMON   BANK0   BANK1   BANK2
      Params:         0       6       0       0
      Locals:         0       0       0       0
      Temps:          0       2       0       0
      Totals:         0       8       0       0
Total ram usage:        8 bytes
 Hardware stack levels used:    1
 Hardware stack levels required when called:    5
 This function calls:
		_USARTWriteChar
		_USARTWriteLine
		_USARTWriteString
 This function is called by:
		_SIM800Command
 This function uses a non-reentrant model


 *************** function _USARTWriteLine *****************
 Defined at:
		line 67 in file "usart.c"
 Parameters:    Size  Location     Type
  str             2   11[BANK0 ] PTR const unsigned char 
		 -> STR_29(6), STR_28(9), STR_27(9), STR_11(9), 
		 -> STR_9(9), STR_8(14), STR_6(10), STR_5(14), 
		 -> STR_4(12), STR_3(7), STR_2(5), STR_1(3), 
 Auto vars:     Size  Location     Type
		None
 Return value:  Size  Location     Type
                  1    wreg      void 
 Registers used:
		wreg, fsr0l, fsr0h, status,2, status,0, pclath, cstack
 Tracked objects:
		On entry : 
		On exit  : 
		Unchanged: 
 Data sizes:     COMMON   BANK0   BANK1   BANK2
      Params:         0       2       0       0
      Locals:         0       0       0       0
      Temps:          0       0       0       0
      Totals:         0       2       0       0
Total ram usage:        2 bytes
 Hardware stack levels used:    1
 Hardware stack levels required when called:    4
 This function calls:
		_USARTWriteChar
		_USARTWriteString
 This function is called by:
		_SIM800init
		_SIM800SendSms
		_SIM800ReadSms
		_SIM800DeleteSms
		_main
		_EEPROMPrint
 This function uses a non-reentrant model


 *************** function _USARTWriteString *****************
 Defined at:
		line 58 in file "usart.c"
 Parameters:    Size  Location     Type
  str             2    8[BANK0 ] PTR const unsigned char 
		 -> STR_31(2), STR_30(2), STR_29(6), STR_28(9), 
		 -> STR_27(9), SIM800L.smsmem(5), STR_24(26), ver(5), 
		 -> SIM800L.csq(5), STR_23(24), STR_21(24), STR_20(1), 
		 -> STR_19(26), STR_18(22), STR_17(1), STR_16(20), 
		 -> STR_15(25), SIM800L.sender_cell(15), STR_14(1), STR_13(27), 
		 -> SIM800L.cell(15), SIM800L(140), STR_12(3), STR_11(9), 
		 -> STR_10(3), STR_9(9), STR_8(14), STR_7(4), 
		 -> STR_6(10), STR_5(14), STR_4(12), STR_3(7), 
		 -> STR_2(5), STR_1(3), 
 Auto vars:     Size  Location     Type
		None
 Return value:  Size  Location     Type
                  1    wreg      void 
 Registers used:
		wreg, fsr0l, fsr0h, status,2, status,0, pclath, cstack
 Tracked objects:
		On entry : 
		On exit  : 
		Unchanged: 
 Data sizes:     COMMON   BANK0   BANK1   BANK2
      Params:         0       2       0       0
      Locals:         0       0       0       0
      Temps:          0       1       0       0
      Totals:         0       3       0       0
Total ram usage:        3 bytes
 Hardware stack levels used:    1
 Hardware stack levels required when called:    3
 This function calls:
		_USARTWriteChar
 This function is called by:
		_SIM800SendSms
		_SIM800ReadSms
		_SIM800DeleteSms
		_USARTWriteLine
 This function uses a non-reentrant model


 *************** function _USARTWriteChar *****************
 Defined at:
		line 52 in file "usart.c"
 Parameters:    Size  Location     Type
  ch              1    wreg     unsigned char 
 Auto vars:     Size  Location     Type
  ch              1    7[BANK0 ] unsigned char 
 Return value:  Size  Location     Type
                  1    wreg      void 
 Registers used:
		wreg
 Tracked objects:
		On entry : 
		On exit  : 
		Unchanged: 
 Data sizes:     COMMON   BANK0   BANK1   BANK2
      Params:         0       0       0       0
      Locals:         0       1       0       0
      Temps:          0       0       0       0
      Totals:         0       1       0       0
Total ram usage:        1 bytes
 Hardware stack levels used:    1
 Hardware stack levels required when called:    2
 This function calls:
		Nothing
 This function is called by:
		_SIM800SendSms
		_SIM800DeleteSms
		_USARTWriteString
		_USARTWriteLine
		_EEPROMPrint
		_USARTWriteInt
		_USARTGotoNewLine
 This function uses a non-reentrant model


 *************** function _GPIORedLedBlink *****************
 Defined at:
		line 27 in file "gpio.c"
 Parameters:    Size  Location     Type
  times           1    wreg     unsigned char 
 Auto vars:     Size  Location     Type
  times           1    9[BANK0 ] unsigned char 
  i               1   10[BANK0 ] unsigned char 
 Return value:  Size  Location     Type
                  1    wreg      void 
 Registers used:
		wreg, status,2, status,0
 Tracked objects:
		On entry : 
		On exit  : 
		Unchanged: 
 Data sizes:     COMMON   BANK0   BANK1   BANK2
      Params:         0       0       0       0
      Locals:         0       2       0       0
      Temps:          0       2       0       0
      Totals:         0       4       0       0
Total ram usage:        4 bytes
 Hardware stack levels used:    1
 Hardware stack levels required when called:    2
 This function calls:
		Nothing
 This function is called by:
		_SIM800Command
		_main
 This function uses a non-reentrant model


 *************** function _GPIOGreenLedBlink *****************
 Defined at:
		line 51 in file "gpio.c"
 Parameters:    Size  Location     Type
  times           1    wreg     unsigned char 
 Auto vars:     Size  Location     Type
  times           1    9[BANK0 ] unsigned char 
  i               1   10[BANK0 ] unsigned char 
 Return value:  Size  Location     Type
                  1    wreg      void 
 Registers used:
		wreg, status,2, status,0
 Tracked objects:
		On entry : 
		On exit  : 
		Unchanged: 
 Data sizes:     COMMON   BANK0   BANK1   BANK2
      Params:         0       0       0       0
      Locals:         0       2       0       0
      Temps:          0       2       0       0
      Totals:         0       4       0       0
Total ram usage:        4 bytes
 Hardware stack levels used:    1
 Hardware stack levels required when called:    2
 This function calls:
		Nothing
 This function is called by:
		_SIM800Command
		_main
 This function uses a non-reentrant model


 *************** function _EEPROMUpdatePassword *****************
 Defined at:
		line 243 in file "eeprom.c"
 Parameters:    Size  Location     Type
  pass            2   11[BANK0 ] PTR const unsigned char 
		 -> STR_26(5), SIM800L.password(5), STR_22(5), SIM800L(140), 
 Auto vars:     Size  Location     Type
		None
 Return value:  Size  Location     Type
                  1    wreg      void 
 Registers used:
		wreg, fsr0l, fsr0h, status,2, status,0, pclath, cstack
 Tracked objects:
		On entry : 
		On exit  : 
		Unchanged: 
 Data sizes:     COMMON   BANK0   BANK1   BANK2
      Params:         0       2       0       0
      Locals:         0       0       0       0
      Temps:          0       3       0       0
      Totals:         0       5       0       0
Total ram usage:        5 bytes
 Hardware stack levels used:    1
 Hardware stack levels required when called:    5
 This function calls:
		_EepromWrite
 This function is called by:
		_SIM800Command
		_main
 This function uses a non-reentrant model


 *************** function _EEPROMSearchNumber *****************
 Defined at:
		line 174 in file "eeprom.c"
 Parameters:    Size  Location     Type
  nmbr            2   17[BANK0 ] PTR const unsigned char 
		 -> SIM800L.sender_cell(15), SIM800L.cell(15), SIM800L(140), 
  nmbrLenght      1   19[BANK0 ] unsigned char 
 Auto vars:     Size  Location     Type
  count           2   32[BANK0 ] unsigned int 
  aux             2   30[BANK0 ] unsigned int 
  result          2   28[BANK0 ] unsigned int 
 Return value:  Size  Location     Type
                  2   17[BANK0 ] unsigned int 
 Registers used:
		wreg, fsr1l, fsr1h, status,2, status,0, pclath, cstack
 Tracked objects:
		On entry : 
		On exit  : 
		Unchanged: 
 Data sizes:     COMMON   BANK0   BANK1   BANK2
      Params:         0       3       0       0
      Locals:         0       6       0       0
      Temps:          0       8       0       0
      Totals:         0      17       0       0
Total ram usage:       17 bytes
 Hardware stack levels used:    1
 Hardware stack levels required when called:    5
 This function calls:
		_EepromRead
		___lwdiv
 This function is called by:
		_SIM800Command
		_main
 This function uses a non-reentrant model


 *************** function ___lwdiv *****************
 Defined at:
		line 6 in file "C:\Program Files (x86)\Microchip\xc8\v1.44\sources\common\lwdiv.c"
 Parameters:    Size  Location     Type
  divisor         2    7[BANK0 ] unsigned int 
  dividend        2    9[BANK0 ] unsigned int 
 Auto vars:     Size  Location     Type
  quotient        2   12[BANK0 ] unsigned int 
  counter         1   14[BANK0 ] unsigned char 
 Return value:  Size  Location     Type
                  2    7[BANK0 ] unsigned int 
 Registers used:
		wreg, status,2, status,0
 Tracked objects:
		On entry : 
		On exit  : 
		Unchanged: 
 Data sizes:     COMMON   BANK0   BANK1   BANK2
      Params:         0       4       0       0
      Locals:         0       3       0       0
      Temps:          0       1       0       0
      Totals:         0       8       0       0
Total ram usage:        8 bytes
 Hardware stack levels used:    1
 Hardware stack levels required when called:    2
 This function calls:
		Nothing
 This function is called by:
		_EEPROMSearchNumber
 This function uses a non-reentrant model


 *************** function _EEPROMEraseAll *****************
 Defined at:
		line 202 in file "eeprom.c"
 Parameters:    Size  Location     Type
		None
 Auto vars:     Size  Location     Type
  i               2   12[BANK0 ] unsigned int 
 Return value:  Size  Location     Type
                  1    wreg      void 
 Registers used:
		wreg, status,2, status,0, pclath, cstack
 Tracked objects:
		On entry : 
		On exit  : 
		Unchanged: 
 Data sizes:     COMMON   BANK0   BANK1   BANK2
      Params:         0       0       0       0
      Locals:         0       2       0       0
      Temps:          0       1       0       0
      Totals:         0       3       0       0
Total ram usage:        3 bytes
 Hardware stack levels used:    1
 Hardware stack levels required when called:    5
 This function calls:
		_EepromWrite
 This function is called by:
		_SIM800Command
 This function uses a non-reentrant model


 *************** function _EEPROMDeleteNumber *****************
 Defined at:
		line 161 in file "eeprom.c"
 Parameters:    Size  Location     Type
  position        2   13[BANK0 ] unsigned int 
 Auto vars:     Size  Location     Type
  address         2   16[BANK0 ] unsigned int 
  count           1   18[BANK0 ] unsigned char 
 Return value:  Size  Location     Type
                  1    wreg      unsigned char 
 Registers used:
		wreg, status,2, status,0, pclath, cstack
 Tracked objects:
		On entry : 
		On exit  : 
		Unchanged: 
 Data sizes:     COMMON   BANK0   BANK1   BANK2
      Params:         0       2       0       0
      Locals:         0       3       0       0
      Temps:          0       1       0       0
      Totals:         0       6       0       0
Total ram usage:        6 bytes
 Hardware stack levels used:    1
 Hardware stack levels required when called:    5
 This function calls:
		_EepromWrite
		___wmul
 This function is called by:
		_SIM800Command
 This function uses a non-reentrant model


 *************** function _EEPROMCheckPassword *****************
 Defined at:
		line 268 in file "eeprom.c"
 Parameters:    Size  Location     Type
  pass            2   17[BANK0 ] PTR const unsigned char 
		 -> password_empty(4), SIM800L.command(25), SIM800L(140), 
 Auto vars:     Size  Location     Type
		None
 Return value:  Size  Location     Type
                  1    wreg      unsigned char 
 Registers used:
		wreg, fsr1l, fsr1h, status,2, status,0, pclath, cstack
 Tracked objects:
		On entry : 
		On exit  : 
		Unchanged: 
 Data sizes:     COMMON   BANK0   BANK1   BANK2
      Params:         0       2       0       0
      Locals:         0       0       0       0
      Temps:          0       1       0       0
      Totals:         0       3       0       0
Total ram usage:        3 bytes
 Hardware stack levels used:    1
 Hardware stack levels required when called:    5
 This function calls:
		_EepromRead
 This function is called by:
		_SIM800Command
		_main
 This function uses a non-reentrant model


 *************** function _EEPROMAdd *****************
 Defined at:
		line 226 in file "eeprom.c"
 Parameters:    Size  Location     Type
  nmbr            2   27[BANK0 ] PTR const unsigned char 
		 -> SIM800L.cell(15), SIM800L(140), 
  nmbrLenght      1   29[BANK0 ] unsigned char 
 Auto vars:     Size  Location     Type
  empty           2   34[BANK0 ] unsigned int 
  found           2   31[BANK0 ] unsigned int 
  aux             1   33[BANK0 ] unsigned char 
 Return value:  Size  Location     Type
                  1    wreg      unsigned char 
 Registers used:
		wreg, fsr1l, fsr1h, status,2, status,0, pclath, cstack
 Tracked objects:
		On entry : 
		On exit  : 
		Unchanged: 
 Data sizes:     COMMON   BANK0   BANK1   BANK2
      Params:         0       3       0       0
      Locals:         0       5       0       0
      Temps:          0       1       0       0
      Totals:         0       9       0       0
Total ram usage:        9 bytes
 Hardware stack levels used:    1
 Hardware stack levels required when called:    6
 This function calls:
		_EEPROMSaveNumber
		_EepromRead
		___wmul
 This function is called by:
		_SIM800Command
 This function uses a non-reentrant model


 *************** function _EepromRead *****************
 Defined at:
		line 108 in file "eeprom.c"
 Parameters:    Size  Location     Type
  address         2   13[BANK0 ] unsigned int 
 Auto vars:     Size  Location     Type
  data            1   16[BANK0 ] unsigned char 
 Return value:  Size  Location     Type
                  1    wreg      unsigned char 
 Registers used:
		wreg, status,2, status,0, pclath, cstack
 Tracked objects:
		On entry : 
		On exit  : 
		Unchanged: 
 Data sizes:     COMMON   BANK0   BANK1   BANK2
      Params:         0       2       0       0
      Locals:         0       1       0       0
      Temps:          0       1       0       0
      Totals:         0       4       0       0
Total ram usage:        4 bytes
 Hardware stack levels used:    1
 Hardware stack levels required when called:    4
 This function calls:
		_I2CNak
		_I2CRead
		_I2CRestart
		_I2CSend
		_I2CStart
		_I2CStop
 This function is called by:
		_EEPROMSearchNumber
		_EEPROMAdd
		_EEPROMCheckPassword
		_SIM800Command
		_EEPROMPrint
 This function uses a non-reentrant model


 *************** function _I2CRestart *****************
 Defined at:
		line 51 in file "I2C.c"
 Parameters:    Size  Location     Type
		None
 Auto vars:     Size  Location     Type
		None
 Return value:  Size  Location     Type
                  1    wreg      void 
 Registers used:
		None
 Tracked objects:
		On entry : 
		On exit  : 
		Unchanged: 
 Data sizes:     COMMON   BANK0   BANK1   BANK2
      Params:         0       0       0       0
      Locals:         0       0       0       0
      Temps:          0       0       0       0
      Totals:         0       0       0       0
Total ram usage:        0 bytes
 Hardware stack levels used:    1
 Hardware stack levels required when called:    2
 This function calls:
		Nothing
 This function is called by:
		_EepromRead
 This function uses a non-reentrant model


 *************** function _I2CRead *****************
 Defined at:
		line 115 in file "I2C.c"
 Parameters:    Size  Location     Type
		None
 Auto vars:     Size  Location     Type
  temp            1    8[BANK0 ] unsigned char 
 Return value:  Size  Location     Type
                  1    wreg      unsigned char 
 Registers used:
		wreg, status,2, status,0, pclath, cstack
 Tracked objects:
		On entry : 
		On exit  : 
		Unchanged: 
 Data sizes:     COMMON   BANK0   BANK1   BANK2
      Params:         0       0       0       0
      Locals:         0       1       0       0
      Temps:          0       1       0       0
      Totals:         0       2       0       0
Total ram usage:        2 bytes
 Hardware stack levels used:    1
 Hardware stack levels required when called:    3
 This function calls:
		_I2CWait
 This function is called by:
		_EepromRead
 This function uses a non-reentrant model


 *************** function _I2CNak *****************
 Defined at:
		line 76 in file "I2C.c"
 Parameters:    Size  Location     Type
		None
 Auto vars:     Size  Location     Type
		None
 Return value:  Size  Location     Type
                  1    wreg      void 
 Registers used:
		None
 Tracked objects:
		On entry : 
		On exit  : 
		Unchanged: 
 Data sizes:     COMMON   BANK0   BANK1   BANK2
      Params:         0       0       0       0
      Locals:         0       0       0       0
      Temps:          0       0       0       0
      Totals:         0       0       0       0
Total ram usage:        0 bytes
 Hardware stack levels used:    1
 Hardware stack levels required when called:    2
 This function calls:
		Nothing
 This function is called by:
		_EepromRead
 This function uses a non-reentrant model


 *************** function _EEPROMSaveNumber *****************
 Defined at:
		line 134 in file "eeprom.c"
 Parameters:    Size  Location     Type
  nmbr            2   13[BANK0 ] PTR const unsigned char 
		 -> SIM800L.cell(15), SIM800L(140), 
  nmbrLenght      1   15[BANK0 ] unsigned char 
  position        2   16[BANK0 ] unsigned int 
 Auto vars:     Size  Location     Type
  address         2   25[BANK0 ] unsigned int 
  count           2   23[BANK0 ] unsigned int 
  result          2   21[BANK0 ] unsigned int 
 Return value:  Size  Location     Type
                  1    wreg      unsigned char 
 Registers used:
		wreg, fsr1l, fsr1h, status,2, status,0, pclath, cstack
 Tracked objects:
		On entry : 
		On exit  : 
		Unchanged: 
 Data sizes:     COMMON   BANK0   BANK1   BANK2
      Params:         0       5       0       0
      Locals:         0       6       0       0
      Temps:          0       3       0       0
      Totals:         0      14       0       0
Total ram usage:       14 bytes
 Hardware stack levels used:    1
 Hardware stack levels required when called:    5
 This function calls:
		_EepromWrite
		___wmul
 This function is called by:
		_EEPROMAdd
 This function uses a non-reentrant model


 *************** function ___wmul *****************
 Defined at:
		line 15 in file "C:\Program Files (x86)\Microchip\xc8\v1.44\sources\common\Umul16.c"
 Parameters:    Size  Location     Type
  multiplier      2    7[BANK0 ] unsigned int 
  multiplicand    2    9[BANK0 ] unsigned int 
 Auto vars:     Size  Location     Type
  product         2   11[BANK0 ] unsigned int 
 Return value:  Size  Location     Type
                  2    7[BANK0 ] unsigned int 
 Registers used:
		wreg, status,2, status,0
 Tracked objects:
		On entry : 
		On exit  : 
		Unchanged: 
 Data sizes:     COMMON   BANK0   BANK1   BANK2
      Params:         0       4       0       0
      Locals:         0       2       0       0
      Temps:          0       0       0       0
      Totals:         0       6       0       0
Total ram usage:        6 bytes
 Hardware stack levels used:    1
 Hardware stack levels required when called:    2
 This function calls:
		Nothing
 This function is called by:
		_EEPROMSaveNumber
		_EEPROMDeleteNumber
		_EEPROMAdd
		_EEPROMPrint
 This function uses a non-reentrant model


 *************** function _I2CInit *****************
 Defined at:
		line 9 in file "I2C.c"
 Parameters:    Size  Location     Type
		None
 Auto vars:     Size  Location     Type
		None
 Return value:  Size  Location     Type
                  1    wreg      void 
 Registers used:
		wreg
 Tracked objects:
		On entry : 
		On exit  : 
		Unchanged: 
 Data sizes:     COMMON   BANK0   BANK1   BANK2
      Params:         0       0       0       0
      Locals:         0       0       0       0
      Temps:          0       0       0       0
      Totals:         0       0       0       0
Total ram usage:        0 bytes
 Hardware stack levels used:    1
 Hardware stack levels required when called:    2
 This function calls:
		Nothing
 This function is called by:
		_main
 This function uses a non-reentrant model


 *************** function _GPIOPortInit *****************
 Defined at:
		line 5 in file "gpio.c"
 Parameters:    Size  Location     Type
		None
 Auto vars:     Size  Location     Type
		None
 Return value:  Size  Location     Type
                  1    wreg      void 
 Registers used:
		status,2
 Tracked objects:
		On entry : 
		On exit  : 
		Unchanged: 
 Data sizes:     COMMON   BANK0   BANK1   BANK2
      Params:         0       0       0       0
      Locals:         0       0       0       0
      Temps:          0       0       0       0
      Totals:         0       0       0       0
Total ram usage:        0 bytes
 Hardware stack levels used:    1
 Hardware stack levels required when called:    2
 This function calls:
		Nothing
 This function is called by:
		_main
 This function uses a non-reentrant model


 *************** function _EEPROMUpdateVersion *****************
 Defined at:
		line 255 in file "eeprom.c"
 Parameters:    Size  Location     Type
  ver             2   11[BANK0 ] PTR const unsigned char 
		 -> STR_25(5), 
 Auto vars:     Size  Location     Type
		None
 Return value:  Size  Location     Type
                  1    wreg      void 
 Registers used:
		wreg, fsr0l, fsr0h, status,2, status,0, pclath, cstack
 Tracked objects:
		On entry : 
		On exit  : 
		Unchanged: 
 Data sizes:     COMMON   BANK0   BANK1   BANK2
      Params:         0       2       0       0
      Locals:         0       0       0       0
      Temps:          0       3       0       0
      Totals:         0       5       0       0
Total ram usage:        5 bytes
 Hardware stack levels used:    1
 Hardware stack levels required when called:    5
 This function calls:
		_EepromWrite
 This function is called by:
		_main
 This function uses a non-reentrant model


 *************** function _EepromWrite *****************
 Defined at:
		line 84 in file "eeprom.c"
 Parameters:    Size  Location     Type
  address         2    8[BANK0 ] unsigned int 
  data            1   10[BANK0 ] unsigned char 
 Auto vars:     Size  Location     Type
		None
 Return value:  Size  Location     Type
                  1    wreg      void 
 Registers used:
		wreg, status,2, status,0, pclath, cstack
 Tracked objects:
		On entry : 
		On exit  : 
		Unchanged: 
 Data sizes:     COMMON   BANK0   BANK1   BANK2
      Params:         0       3       0       0
      Locals:         0       0       0       0
      Temps:          0       0       0       0
      Totals:         0       3       0       0
Total ram usage:        3 bytes
 Hardware stack levels used:    1
 Hardware stack levels required when called:    4
 This function calls:
		_I2CSend
		_I2CStart
		_I2CStop
 This function is called by:
		_EEPROMSaveNumber
		_EEPROMDeleteNumber
		_EEPROMEraseAll
		_EEPROMUpdatePassword
		_EEPROMUpdateVersion
 This function uses a non-reentrant model


 *************** function _I2CStop *****************
 Defined at:
		line 38 in file "I2C.c"
 Parameters:    Size  Location     Type
		None
 Auto vars:     Size  Location     Type
		None
 Return value:  Size  Location     Type
                  1    wreg      void 
 Registers used:
		None
 Tracked objects:
		On entry : 
		On exit  : 
		Unchanged: 
 Data sizes:     COMMON   BANK0   BANK1   BANK2
      Params:         0       0       0       0
      Locals:         0       0       0       0
      Temps:          0       0       0       0
      Totals:         0       0       0       0
Total ram usage:        0 bytes
 Hardware stack levels used:    1
 Hardware stack levels required when called:    2
 This function calls:
		Nothing
 This function is called by:
		_EepromWrite
		_EepromRead
 This function uses a non-reentrant model


 *************** function _I2CStart *****************
 Defined at:
		line 25 in file "I2C.c"
 Parameters:    Size  Location     Type
		None
 Auto vars:     Size  Location     Type
		None
 Return value:  Size  Location     Type
                  1    wreg      void 
 Registers used:
		None
 Tracked objects:
		On entry : 
		On exit  : 
		Unchanged: 
 Data sizes:     COMMON   BANK0   BANK1   BANK2
      Params:         0       0       0       0
      Locals:         0       0       0       0
      Temps:          0       0       0       0
      Totals:         0       0       0       0
Total ram usage:        0 bytes
 Hardware stack levels used:    1
 Hardware stack levels required when called:    2
 This function calls:
		Nothing
 This function is called by:
		_EepromWrite
		_EepromRead
 This function uses a non-reentrant model


 *************** function _I2CSend *****************
 Defined at:
		line 102 in file "I2C.c"
 Parameters:    Size  Location     Type
  dat             1    wreg     unsigned char 
 Auto vars:     Size  Location     Type
  dat             1    7[BANK0 ] unsigned char 
 Return value:  Size  Location     Type
                  1    wreg      void 
 Registers used:
		wreg, status,2, status,0, pclath, cstack
 Tracked objects:
		On entry : 
		On exit  : 
		Unchanged: 
 Data sizes:     COMMON   BANK0   BANK1   BANK2
      Params:         0       0       0       0
      Locals:         0       1       0       0
      Temps:          0       0       0       0
      Totals:         0       1       0       0
Total ram usage:        1 bytes
 Hardware stack levels used:    1
 Hardware stack levels required when called:    3
 This function calls:
		_I2CWait
 This function is called by:
		_EepromWrite
		_EepromRead
 This function uses a non-reentrant model


 *************** function _I2CWait *****************
 Defined at:
		line 89 in file "I2C.c"
 Parameters:    Size  Location     Type
		None
 Auto vars:     Size  Location     Type
		None
 Return value:  Size  Location     Type
                  1    wreg      void 
 Registers used:
		wreg, status,2
 Tracked objects:
		On entry : 
		On exit  : 
		Unchanged: 
 Data sizes:     COMMON   BANK0   BANK1   BANK2
      Params:         0       0       0       0
      Locals:         0       0       0       0
      Temps:          0       0       0       0
      Totals:         0       0       0       0
Total ram usage:        0 bytes
 Hardware stack levels used:    1
 Hardware stack levels required when called:    2
 This function calls:
		Nothing
 This function is called by:
		_I2CSend
		_I2CRead
 This function uses a non-reentrant model


 *************** function _ISR *****************
 Defined at:
		line 6 in file "isr.c"
 Parameters:    Size  Location     Type
		None
 Auto vars:     Size  Location     Type
		None
 Return value:  Size  Location     Type
                  1    wreg      void 
 Registers used:
		wreg, fsr0l, fsr0h, fsr1l, fsr1h, status,2, status,0, pclath, cstack
 Tracked objects:
		On entry : 
		On exit  : 
		Unchanged: 
 Data sizes:     COMMON   BANK0   BANK1   BANK2
      Params:         0       0       0       0
      Locals:         0       0       0       0
      Temps:          1       0       0       0
      Totals:         1       0       0       0
Total ram usage:        1 bytes
 Hardware stack levels used:    1
 Hardware stack levels required when called:    1
 This function calls:
		_USARTHandleRxInt
 This function is called by:
		Interrupt level 1
 This function uses a non-reentrant model


 *************** function _USARTHandleRxInt *****************
 Defined at:
		line 74 in file "usart.c"
 Parameters:    Size  Location     Type
		None
 Auto vars:     Size  Location     Type
  ci              1    6[BANK0 ] unsigned char 
  end             1    1[BANK0 ] unsigned char 
  ci              1    2[BANK0 ] unsigned char 
  ci              1    5[BANK0 ] unsigned char 
  ci              1    4[BANK0 ] unsigned char 
  ci              1    3[BANK0 ] unsigned char 
  data            1    0[BANK0 ] unsigned char 
 Return value:  Size  Location     Type
                  1    wreg      void 
 Registers used:
		wreg, fsr0l, fsr0h, fsr1l, fsr1h, status,2, status,0
 Tracked objects:
		On entry : 
		On exit  : 
		Unchanged: 
 Data sizes:     COMMON   BANK0   BANK1   BANK2
      Params:         0       0       0       0
      Locals:         0       7       0       0
      Temps:         11       0       0       0
      Totals:        11       7       0       0
Total ram usage:       18 bytes
 Hardware stack levels used:    1
 This function calls:
		Nothing
 This function is called by:
		_ISR
 This function uses a non-reentrant model



MODULE INFORMATION

Module		Function		Class		Link	Load	Size
usart.c
		_USARTWriteString		CODE           	0A22	0000	24
		_USARTWriteLine		CODE           	0A01	0000	17
		_USARTWriteChar		CODE           	09CA	0000	9
		_USARTHandleRxInt		CODE           	0032	0000	816
		_USARTInit     		CODE           	0C75	0000	75

usart.c estimated size: 941

I2C.c
		_I2CNak        		CODE           	09BC	0000	7
		_I2CStop       		CODE           	09B2	0000	6
		_I2CRead       		CODE           	09F3	0000	15
		_I2CRestart    		CODE           	09B7	0000	6
		_I2CStart      		CODE           	09AD	0000	6
		_I2CWait       		CODE           	09C2	0000	9
		_I2CInit       		CODE           	09DC	0000	12
		_I2CSend       		CODE           	09D2	0000	11

I2C.c estimated size: 72

C:\Program Files (x86)\Microchip\xc8\v1.44\sources\common\lwdiv.c
		___lwdiv       		CODE           	0B3B	0000	54

C:\Program Files (x86)\Microchip\xc8\v1.44\sources\common\lwdiv.c estimated size: 54

eeprom.c
		_EepromWrite   		CODE           	0A39	0000	28
		_EEPROMSaveNumber		CODE           	0D9C	0000	118
		_EEPROMCheckPassword		CODE           	0799	0000	85
		_EEPROMDeleteNumber		CODE           	0B70	0000	55
		_EEPROMAdd     		CODE           	0C2C	0000	74
		_EEPROMSearchNumber		CODE           	0F7B	0000	134
		_EEPROMEraseAll		CODE           	0A70	0000	37
		_EepromRead    		CODE           	0B10	0000	44
		_EEPROMUpdatePassword		CODE           	0F01	0000	123
		_EEPROMUpdateVersion		CODE           	0E87	0000	123

eeprom.c estimated size: 821

sim800l.c
		_SIM800Command 		CODE           	0361	0000	808
		_SIM800SendSms 		CODE           	0CBF	0000	106
		_SIM800init    		CODE           	0E11	0000	119
		_SIM800LClear  		CODE           	0D28	0000	117
		_SIM800DeleteSms		CODE           	0BA6	0000	63
		_SIM800ReadSms 		CODE           	0BE4	0000	73

sim800l.c estimated size: 1286

C:\Program Files (x86)\Microchip\xc8\v1.44\sources\common\Umul16.c
		___wmul        		CODE           	0A54	0000	29

C:\Program Files (x86)\Microchip\xc8\v1.44\sources\common\Umul16.c estimated size: 29

isr.c
		_ISR           		CODE           	0004	0000	19

isr.c estimated size: 19

shared
		__initialization		CODE           	0018	0000	23

shared estimated size: 23

gpio.c
		_GPIOGreenLedBlink		CODE           	0ABC	0000	43
		_GPIORedLedBlink		CODE           	0AE6	0000	43
		_GPIOPortInit  		CODE           	0A11	0000	18

gpio.c estimated size: 104

main.c
		_main          		CODE           	0688	0000	274

main.c estimated size: 274

system.c
		_SYSTEMInit    		CODE           	0A94	0000	41

system.c estimated size: 41

