Microchip MPLAB XC8 Compiler V1.33 ()

Linker command line:

--edf=C:\Program Files (x86)\Microchip\xc8\v1.33\dat\en_msgs.txt -cs \
  -h+dist/default/production\GateOpener.git.production.sym \
  --cmf=dist/default/production\GateOpener.git.production.cmf -z -Q16F1828 \
  -oC:\Users\e882742\AppData\Local\Temp\saa8.6 \
  -Mdist/default/production/GateOpener.git.production.map -E1 -ver=XC8 \
  -ASTACK=0202Bh-02051h -pstack=STACK -ACONST=00h-0FFhx16 \
  -ACODE=00h-07FFhx2 -ASTRCODE=00h-0FFFh -AENTRY=00h-0FFhx16 \
  -ASTRING=00h-0FFhx16 -ACOMMON=070h-07Fh -ABANK0=020h-06Fh \
  -ABANK1=0A0h-0EFh -ABANK2=0120h-016Fh -ABIGRAM=02000h-020EFh \
  -ARAM=020h-06Fh,0A0h-0EFh,0120h-016Fh \
  -AABS1=020h-07Fh,0A0h-0EFh,0120h-016Fh -ASFR0=00h-01Fh -ASFR1=080h-09Fh \
  -ASFR2=0100h-011Fh -ASFR3=0180h-01EFh -ASFR4=0200h-026Fh \
  -ASFR5=0280h-02EFh -ASFR6=0300h-036Fh -ASFR7=0380h-03EFh \
  -ASFR8=0400h-046Fh -ASFR9=0480h-04EFh -ASFR10=0500h-056Fh \
  -ASFR11=0580h-05EFh -ASFR12=0600h-066Fh -ASFR13=0680h-06EFh \
  -ASFR14=0700h-076Fh -ASFR15=0780h-07EFh -ASFR16=0800h-086Fh \
  -ASFR17=0880h-08EFh -ASFR18=0900h-096Fh -ASFR19=0980h-09EFh \
  -ASFR20=0A00h-0A6Fh -ASFR21=0A80h-0AEFh -ASFR22=0B00h-0B6Fh \
  -ASFR23=0B80h-0BEFh -ASFR24=0C00h-0C6Fh -ASFR25=0C80h-0CEFh \
  -ASFR26=0D00h-0D6Fh -ASFR27=0D80h-0DEFh -ASFR28=0E00h-0E6Fh \
  -ASFR29=0E80h-0EEFh -ASFR30=0F00h-0F6Fh -ASFR31=0F80h-0FEFh \
  -preset_vec=00h,intentry=04h,init,end_init -ppowerup=CODE -pcinit=CODE \
  -pfunctab=CODE -ACONFIG=08007h-08008h -pconfig=CONFIG -DCONFIG=2 \
  -AIDLOC=08000h-08003h -pidloc=IDLOC -DIDLOC=2 -AEEDATA=00h-0FFh/0F000h \
  -peeprom_data=EEDATA -DEEDATA=2 -DCODE=2 -DSTRCODE=2 -DSTRING=2 -DCONST=2 \
  -DENTRY=2 -k C:\Users\e882742\AppData\Local\Temp\saa8.obj \
  dist/default/production\GateOpener.git.production.obj 

Object code version is 3.11

Machine type is 16F1828



                Name                               Link     Load   Length Selector   Space Scale
C:\Users\e882742\AppData\Local\Temp\saa8.obj
                end_init                             16       16        2        8       0
                reset_vec                             0        0        2        0       0
                config                             8007     8007        2    1000E       0
dist/default/production\GateOpener.git.production.obj
                cinit                                18       18       16        8       0
                intentry                              4        4       12        8       0
                text25                               2E       2E      218        8       0
                text23                              F07      F07        9     1E0E       0
                text22                              5FB      5FB       66      B24       0
                text21                              F2C      F2C       13     1E58       0
                text20                              483      483       3D        8       0
                text19                              FD2      FD2       2E     1FA4       0
                text18                              FAD      FAD       25     1F5A       0
                text17                              F8F      F8F       1E     1F1E       0
                text16                              3E2      3E2       A1        8       0
                text15                              7D4      7D4       2C      B24       0
                text14                              F57      F57       1C     1EAE       0
                text13                              339      339       A9        8       0
                text12                              F1C      F1C       10     1E38       0
                text11                              4C0      4C0       2E        8       0
                text10                              EFF      EFF        8     1DFE       0
                text9                               F3F      F3F       18     1E7E       0
                text8                               4EE      4EE       12        8       0
                text7                               6BA      6BA       4C      B24       0
                text6                               796      796       3E      B24       0
                text5                               592      592       69      B24       0
                text4                               661      661       59      B24       0
                text3                               F73      F73       1C     1EE6       0
                text2                               750      750       46      B24       0
                text1                               706      706       4A      B24       0
                maintext                            246      246       F3        8       0
                cstackBANK0                          20       20       23       20       1
                cstackCOMMON                         70       70        C       70       1
                clrtext                             F10      F10        C     1E20       0
                bssBANK0                             43       43        8       20       1
                stringtext                          500      500       92        A       0

TOTAL           Name                               Link     Load   Length     Space
        CLASS   STACK          

        CLASS   CONST          

        CLASS   CODE           
                end_init                             16       16        2         0
                cinit                                18       18       16         0
                intentry                              4        4       12         0
                reset_vec                             0        0        2         0
                text25                               2E       2E      218         0
                text23                              F07      F07        9         0
                text22                              5FB      5FB       66         0
                text21                              F2C      F2C       13         0
                text20                              483      483       3D         0
                text19                              FD2      FD2       2E         0
                text18                              FAD      FAD       25         0
                text17                              F8F      F8F       1E         0
                text16                              3E2      3E2       A1         0
                text15                              7D4      7D4       2C         0
                text14                              F57      F57       1C         0
                text13                              339      339       A9         0
                text12                              F1C      F1C       10         0
                text11                              4C0      4C0       2E         0
                text10                              EFF      EFF        8         0
                text9                               F3F      F3F       18         0
                text8                               4EE      4EE       12         0
                text7                               6BA      6BA       4C         0
                text6                               796      796       3E         0
                text5                               592      592       69         0
                text4                               661      661       59         0
                text3                               F73      F73       1C         0
                text2                               750      750       46         0
                text1                               706      706       4A         0
                maintext                            246      246       F3         0
                clrtext                             F10      F10        C         0

        CLASS   STRCODE        
                stringtext                          500      500       92         0

        CLASS   ENTRY          

        CLASS   STRING         

        CLASS   COMMON         
                cstackCOMMON                         70       70        C         1

        CLASS   BANK0          
                cstackBANK0                          20       20       23         1
                bssBANK0                             43       43        8         1

        CLASS   BANK1          

        CLASS   BANK2          

        CLASS   BIGRAM         

        CLASS   RAM            

        CLASS   ABS1           
                abs_s1                               7E       7E        2         1
                abs_s1                               A2       A2       4E         1
                abs_s1                              120      120       50         1
                abs_s1                             2052     2052        0         1

        CLASS   SFR0           

        CLASS   SFR1           

        CLASS   SFR2           

        CLASS   SFR3           

        CLASS   SFR4           

        CLASS   SFR5           

        CLASS   SFR6           

        CLASS   SFR7           

        CLASS   SFR8           

        CLASS   SFR9           

        CLASS   SFR10          

        CLASS   SFR11          

        CLASS   SFR12          

        CLASS   SFR13          

        CLASS   SFR14          

        CLASS   SFR15          

        CLASS   SFR16          

        CLASS   SFR17          

        CLASS   SFR18          

        CLASS   SFR19          

        CLASS   SFR20          

        CLASS   SFR21          

        CLASS   SFR22          

        CLASS   SFR23          

        CLASS   SFR24          

        CLASS   SFR25          

        CLASS   SFR26          

        CLASS   SFR27          

        CLASS   SFR28          

        CLASS   SFR29          

        CLASS   SFR30          

        CLASS   SFR31          

        CLASS   CONFIG         
                config                             8007     8007        2         0

        CLASS   IDLOC          

        CLASS   EEDATA         

        CLASS   BANK31         

        CLASS   BANK30         

        CLASS   BANK29         

        CLASS   BANK28         

        CLASS   BANK27         

        CLASS   BANK26         

        CLASS   BANK25         

        CLASS   BANK24         

        CLASS   BANK23         

        CLASS   BANK22         

        CLASS   BANK21         

        CLASS   BANK20         

        CLASS   BANK19         

        CLASS   BANK18         

        CLASS   BANK17         

        CLASS   BANK16         

        CLASS   BANK15         

        CLASS   BANK14         

        CLASS   BANK13         

        CLASS   BANK12         

        CLASS   BANK11         

        CLASS   BANK10         

        CLASS   BANK9          

        CLASS   BANK8          

        CLASS   BANK7          

        CLASS   BANK6          

        CLASS   BANK5          

        CLASS   BANK4          

        CLASS   BANK3          



SEGMENTS        Name                           Load    Length   Top    Selector   Space  Class     Delta

                reset_vec                      000000  000002  000002         0       0  CODE        2
                intentry                       000004  0004FC  000500         8       0  CODE        2
                cstackBANK0                    000020  00002B  00004B        20       1  BANK0       1
                cstackCOMMON                   000070  00000C  00007C        70       1  COMMON      1
                stringtext                     000500  000092  000592         A       0  STRCODE     2
                text5                          000592  00026E  000800       B24       0  CODE        2
                text10                         000EFF  000008  000F07      1DFE       0  CODE        2
                text23                         000F07  000009  000F10      1E0E       0  CODE        2
                clrtext                        000F10  00000C  000F1C      1E20       0  CODE        2
                text12                         000F1C  000010  000F2C      1E38       0  CODE        2
                text21                         000F2C  000013  000F3F      1E58       0  CODE        2
                text9                          000F3F  000018  000F57      1E7E       0  CODE        2
                text14                         000F57  00001C  000F73      1EAE       0  CODE        2
                text3                          000F73  00001C  000F8F      1EE6       0  CODE        2
                text17                         000F8F  00001E  000FAD      1F1E       0  CODE        2
                text18                         000FAD  000025  000FD2      1F5A       0  CODE        2
                text19                         000FD2  00002E  001000      1FA4       0  CODE        2
                config                         008007  000002  008009     1000E       0  CONFIG      2


UNUSED ADDRESS RANGES

        Name                Unused          Largest block    Delta
        BANK0            0004B-0006F              25           1
        BANK1            000A0-000A1               2           1
        BIGRAM           02000-020EF              F0           1
        CODE             00002-00003               2           2
                         00800-00EFE             6FF
        COMMON           0007C-0007D               2           1
        CONST            00002-00003               2           2
                         00800-00EFE             100
        EEDATA           0F000-0F0FF             100           2
        ENTRY            00002-00003               2           2
                         00800-00EFE             100
        IDLOC            08000-08003               4           2
        RAM              0004B-0006F              25           1
                         000A0-000A1               2
        SFR0             00000-0001F              20           1
        SFR1             00080-0009F              20           1
        SFR10            00500-0056F              70           1
        SFR11            00580-005EF              70           1
        SFR12            00600-0066F              70           1
        SFR13            00680-006EF              70           1
        SFR14            00700-0076F              70           1
        SFR15            00780-007EF              70           1
        SFR16            00800-0086F              70           1
        SFR17            00880-008EF              70           1
        SFR18            00900-0096F              70           1
        SFR19            00980-009EF              70           1
        SFR2             00100-0011F              20           1
        SFR20            00A00-00A6F              70           1
        SFR21            00A80-00AEF              70           1
        SFR22            00B00-00B6F              70           1
        SFR23            00B80-00BEF              70           1
        SFR24            00C00-00C6F              70           1
        SFR25            00C80-00CEF              70           1
        SFR26            00D00-00D6F              70           1
        SFR27            00D80-00DEF              70           1
        SFR28            00E00-00E6F              70           1
        SFR29            00E80-00EEF              70           1
        SFR3             00180-001EF              70           1
        SFR30            00F00-00F6F              70           1
        SFR31            00F80-00FEF              70           1
        SFR4             00200-0026F              70           1
        SFR5             00280-002EF              70           1
        SFR6             00300-0036F              70           1
        SFR7             00380-003EF              70           1
        SFR8             00400-0046F              70           1
        SFR9             00480-004EF              70           1
        STACK            0202B-02051              27           1
        STRCODE          00002-00003               2           2
                         00800-00EFE             6FF
        STRING           00002-00003               2           2
                         00800-00EFE             100

                                  Symbol Table

?___wmul                      cstackBANK0  00024
EEPROMSaveNumber@address      cstackBANK0  00038
EEPROMSaveNumber@count        cstackBANK0  0003A
EEPROMSaveNumber@nmbr         cstackBANK0  0002E
EEPROMSaveNumber@nmbrLenght   cstackBANK0  00030
EEPROMSaveNumber@position     cstackBANK0  00031
EEPROMSaveNumber@result       cstackBANK0  00037
EEPROMSaveNumber@value        cstackBANK0  0003B
EEPROMSearchNumber@aux        cstackBANK0  0003C
EEPROMSearchNumber@convNmbr   cstackBANK0  00036
EEPROMSearchNumber@count      cstackBANK0  0003F
EEPROMSearchNumber@nmbr       cstackBANK0  0002F
EEPROMSearchNumber@nmbrLenght cstackBANK0  00031
EEPROMSearchNumber@result     cstackBANK0  0003E
EEPROMSearchNumber@value      cstackBANK0  0003B
EepromOpCode@address          cstackBANK0  00024
EepromOpCode@i                cstackBANK0  0002A
EepromOpCode@opcode           cstackBANK0  00029
EepromRead@address            cstackBANK0  0002B
EepromRead@data               cstackBANK0  0002E
EepromReceive@b               cstackBANK0  00026
EepromReceive@i               cstackBANK0  00027
EepromSend@b                  cstackBANK0  00026
EepromSend@i                  cstackBANK0  00027
EepromWrite@address           cstackBANK0  0002B
EepromWrite@data              cstackBANK0  0002D
GPIORedLedBlink@i             cstackBANK0  00028
GPIORedLedBlink@times         cstackBANK0  00027
SIM800DeleteSms@flag          cstackBANK0  0002B
SIM800DeleteSms@index         cstackBANK0  00029
SIM800ReadSms@mem             cstackBANK0  00029
SIM800SendSms@msg             cstackBANK0  0002B
SIM800SendSms@nmbr            cstackBANK0  00029
SYSTEMInit@freq               cstackBANK0  00024
USARTClearSIM800L@i           cstackBANK0  00028
USARTHandleRxInt@ci           cstackBANK0  00021
USARTHandleRxInt@ci_575       cstackBANK0  00022
USARTHandleRxInt@ci_576       cstackBANK0  00023
USARTHandleRxInt@data         cstackBANK0  00020
USARTInit@baud_rate           cstackBANK0  00024
USARTWriteChar@ch             cstackBANK0  00024
USARTWriteInt@F3213           bssBANK0     00043
USARTWriteLine@str            cstackBANK0  00027
USARTWriteString@str          cstackBANK0  00025
_ANSELB                       (abs)        0018D
_APFCON0bits                  (abs)        0011D
_BAUDCONbits                  (abs)        0019F
_EEPROMEraseAll               text20       00483
_EEPROMSaveNumber             text16       003E2
_EEPROMSearchNumber           text13       00339
_EepromEnd                    text23       00F07
_EepromOpCode                 text22       005FB
_EepromRead                   text14       00F57
_EepromReceive                text15       007D4
_EepromSend                   text19       00FD2
_EepromStart                  text21       00F2C
_EepromWrite                  text18       00FAD
_GIE                          (abs)        0005F
_GPIOPortInit                 text12       00F1C
_GPIORedLedBlink              text11       004C0
_ISR                          intentry     00004
_LATAbits                     (abs)        0010C
_LATBbits                     (abs)        0010D
_LATCbits                     (abs)        0010E
_OSCCON                       (abs)        00099
_PEIE                         (abs)        0005E
_PIR1bits                     (abs)        00011
_PORTBbits                    (abs)        0000D
_RCIE                         (abs)        0048D
_RCIF                         (abs)        0008D
_RCREG                        (abs)        00199
_RCSTAbits                    (abs)        0019D
_SIM800DeleteSms              text7        006BA
_SIM800L                      (abs)        02052
_SIM800ReadSms                text6        00796
_SIM800SendSms                text5        00592
_SIM800init                   text4        00661
_SPBRG                        (abs)        0019B
_SYSTEMInit                   text3        00F73
_TRISA4                       (abs)        00464
_TRISB4                       (abs)        0046C
_TRISB6                       (abs)        0046E
_TRISB7                       (abs)        0046F
_TRISC0                       (abs)        00470
_TRISC1                       (abs)        00471
_TRISC2                       (abs)        00472
_TRISC4                       (abs)        00474
_TRISC5                       (abs)        00475
_TRISC6                       (abs)        00476
_TRISC7                       (abs)        00477
_TXREG                        (abs)        0019A
_TXSTAbits                    (abs)        0019E
_USARTClearSIM800L            text2        00750
_USARTHandleRxInt             text25       0002E
_USARTInit                    text1        00706
_USARTWriteChar               text10       00EFF
_USARTWriteLine               text8        004EE
_USARTWriteString             text9        00F3F
__CFG_BOREN$OFF               (abs)        00000
__CFG_BORV$LO                 (abs)        00000
__CFG_CLKOUTEN$OFF            (abs)        00000
__CFG_CP$OFF                  (abs)        00000
__CFG_CPD$OFF                 (abs)        00000
__CFG_FCMEN$ON                (abs)        00000
__CFG_FOSC$INTOSC             (abs)        00000
__CFG_IESO$ON                 (abs)        00000
__CFG_LVP$ON                  (abs)        00000
__CFG_MCLRE$OFF               (abs)        00000
__CFG_PLLEN$OFF               (abs)        00000
__CFG_PWRTE$OFF               (abs)        00000
__CFG_STVREN$ON               (abs)        00000
__CFG_WDTE$OFF                (abs)        00000
__CFG_WRT$OFF                 (abs)        00000
__Habs1                       abs1         00000
__Hbank0                      bank0        00000
__Hbank1                      bank1        00000
__Hbank10                     bank10       00000
__Hbank11                     bank11       00000
__Hbank12                     bank12       00000
__Hbank13                     bank13       00000
__Hbank14                     bank14       00000
__Hbank15                     bank15       00000
__Hbank16                     bank16       00000
__Hbank17                     bank17       00000
__Hbank18                     bank18       00000
__Hbank19                     bank19       00000
__Hbank2                      bank2        00000
__Hbank20                     bank20       00000
__Hbank21                     bank21       00000
__Hbank22                     bank22       00000
__Hbank23                     bank23       00000
__Hbank24                     bank24       00000
__Hbank25                     bank25       00000
__Hbank26                     bank26       00000
__Hbank27                     bank27       00000
__Hbank28                     bank28       00000
__Hbank29                     bank29       00000
__Hbank3                      bank3        00000
__Hbank30                     bank30       00000
__Hbank31                     bank31       00000
__Hbank4                      bank4        00000
__Hbank5                      bank5        00000
__Hbank6                      bank6        00000
__Hbank7                      bank7        00000
__Hbank8                      bank8        00000
__Hbank9                      bank9        00000
__Hbigram                     bigram       00000
__HbssBANK0                   bssBANK0     00000
__Hcinit                      cinit        0002E
__Hclrtext                    clrtext      00000
__Hcode                       code         00000
__Hcommon                     common       00000
__Hconfig                     config       08009
__HcstackBANK0                cstackBANK0  00000
__HcstackCOMMON               cstackCOMMON 00000
__Heeprom_data                eeprom_data  00000
__Hend_init                   end_init     00018
__Hfunctab                    functab      00000
__Hidloc                      idloc        00000
__Hinit                       init         00016
__Hintentry                   intentry     00016
__Hmaintext                   maintext     00000
__Hpowerup                    powerup      00000
__Hram                        ram          00000
__Hreset_vec                  reset_vec    00002
__Hsfr0                       sfr0         00000
__Hsfr1                       sfr1         00000
__Hsfr10                      sfr10        00000
__Hsfr11                      sfr11        00000
__Hsfr12                      sfr12        00000
__Hsfr13                      sfr13        00000
__Hsfr14                      sfr14        00000
__Hsfr15                      sfr15        00000
__Hsfr16                      sfr16        00000
__Hsfr17                      sfr17        00000
__Hsfr18                      sfr18        00000
__Hsfr19                      sfr19        00000
__Hsfr2                       sfr2         00000
__Hsfr20                      sfr20        00000
__Hsfr21                      sfr21        00000
__Hsfr22                      sfr22        00000
__Hsfr23                      sfr23        00000
__Hsfr24                      sfr24        00000
__Hsfr25                      sfr25        00000
__Hsfr26                      sfr26        00000
__Hsfr27                      sfr27        00000
__Hsfr28                      sfr28        00000
__Hsfr29                      sfr29        00000
__Hsfr3                       sfr3         00000
__Hsfr30                      sfr30        00000
__Hsfr31                      sfr31        00000
__Hsfr4                       sfr4         00000
__Hsfr5                       sfr5         00000
__Hsfr6                       sfr6         00000
__Hsfr7                       sfr7         00000
__Hsfr8                       sfr8         00000
__Hsfr9                       sfr9         00000
__Hspace_0                    (abs)        08009
__Hspace_1                    (abs)        0007C
__Hspace_2                    (abs)        00000
__Hspace_3                    (abs)        00000
__Hstack                      stack        00000
__Hstrings                    strings      00000
__Hstringtext                 stringtext   00000
__Htext                       text         00000
__Labs1                       abs1         00000
__Lbank0                      bank0        00000
__Lbank1                      bank1        00000
__Lbank10                     bank10       00000
__Lbank11                     bank11       00000
__Lbank12                     bank12       00000
__Lbank13                     bank13       00000
__Lbank14                     bank14       00000
__Lbank15                     bank15       00000
__Lbank16                     bank16       00000
__Lbank17                     bank17       00000
__Lbank18                     bank18       00000
__Lbank19                     bank19       00000
__Lbank2                      bank2        00000
__Lbank20                     bank20       00000
__Lbank21                     bank21       00000
__Lbank22                     bank22       00000
__Lbank23                     bank23       00000
__Lbank24                     bank24       00000
__Lbank25                     bank25       00000
__Lbank26                     bank26       00000
__Lbank27                     bank27       00000
__Lbank28                     bank28       00000
__Lbank29                     bank29       00000
__Lbank3                      bank3        00000
__Lbank30                     bank30       00000
__Lbank31                     bank31       00000
__Lbank4                      bank4        00000
__Lbank5                      bank5        00000
__Lbank6                      bank6        00000
__Lbank7                      bank7        00000
__Lbank8                      bank8        00000
__Lbank9                      bank9        00000
__Lbigram                     bigram       00000
__LbssBANK0                   bssBANK0     00000
__Lcinit                      cinit        00018
__Lclrtext                    clrtext      00000
__Lcode                       code         00000
__Lcommon                     common       00000
__Lconfig                     config       08007
__LcstackBANK0                cstackBANK0  00000
__LcstackCOMMON               cstackCOMMON 00000
__Leeprom_data                eeprom_data  00000
__Lend_init                   end_init     00016
__Lfunctab                    functab      00000
__Lidloc                      idloc        00000
__Linit                       init         00016
__Lintentry                   intentry     00004
__Lmaintext                   maintext     00000
__Lpowerup                    powerup      00000
__Lram                        ram          00000
__Lreset_vec                  reset_vec    00000
__Lsfr0                       sfr0         00000
__Lsfr1                       sfr1         00000
__Lsfr10                      sfr10        00000
__Lsfr11                      sfr11        00000
__Lsfr12                      sfr12        00000
__Lsfr13                      sfr13        00000
__Lsfr14                      sfr14        00000
__Lsfr15                      sfr15        00000
__Lsfr16                      sfr16        00000
__Lsfr17                      sfr17        00000
__Lsfr18                      sfr18        00000
__Lsfr19                      sfr19        00000
__Lsfr2                       sfr2         00000
__Lsfr20                      sfr20        00000
__Lsfr21                      sfr21        00000
__Lsfr22                      sfr22        00000
__Lsfr23                      sfr23        00000
__Lsfr24                      sfr24        00000
__Lsfr25                      sfr25        00000
__Lsfr26                      sfr26        00000
__Lsfr27                      sfr27        00000
__Lsfr28                      sfr28        00000
__Lsfr29                      sfr29        00000
__Lsfr3                       sfr3         00000
__Lsfr30                      sfr30        00000
__Lsfr31                      sfr31        00000
__Lsfr4                       sfr4         00000
__Lsfr5                       sfr5         00000
__Lsfr6                       sfr6         00000
__Lsfr7                       sfr7         00000
__Lsfr8                       sfr8         00000
__Lsfr9                       sfr9         00000
__Lspace_0                    (abs)        00000
__Lspace_1                    (abs)        00000
__Lspace_2                    (abs)        00000
__Lspace_3                    (abs)        00000
__Lstack                      stack        00000
__Lstrings                    strings      00000
__Lstringtext                 stringtext   00000
__Ltext                       text         00000
__S0                          (abs)        08009
__S1                          (abs)        0007C
__S2                          (abs)        00000
__S3                          (abs)        00000
___int_sp                     stack        00000
___latbits                    (abs)        00001
___sp                         stack        00000
___wmul                       text17       00F8F
___wmul@multiplicand          cstackBANK0  00026
___wmul@multiplier            cstackBANK0  00024
___wmul@product               cstackBANK0  00028
__end_of_EEPROMEraseAll       text20       004C0
__end_of_EEPROMSaveNumber     text16       00483
__end_of_EEPROMSearchNumber   text13       003E2
__end_of_EepromEnd            text23       00F10
__end_of_EepromOpCode         text22       00661
__end_of_EepromRead           text14       00F73
__end_of_EepromReceive        text15       00800
__end_of_EepromSend           text19       01000
__end_of_EepromStart          text21       00F3F
__end_of_EepromWrite          text18       00FD2
__end_of_GPIOPortInit         text12       00F2C
__end_of_GPIORedLedBlink      text11       004EE
__end_of_ISR                  intentry     00016
__end_of_SIM800DeleteSms      text7        00706
__end_of_SIM800ReadSms        text6        007D4
__end_of_SIM800SendSms        text5        005FB
__end_of_SIM800init           text4        006BA
__end_of_SYSTEMInit           text3        00F8F
__end_of_USARTClearSIM800L    text2        00796
__end_of_USARTHandleRxInt     text25       00246
__end_of_USARTInit            text1        00750
__end_of_USARTWriteChar       text10       00F07
__end_of_USARTWriteLine       text8        00500
__end_of_USARTWriteString     text9        00F57
__end_of___wmul               text17       00FAD
__end_of__initialization      cinit        0002A
__end_of__stringdata          stringtext   00592
__end_of_main                 maintext     00339
__initialization              cinit        00018
__pbssBANK0                   bssBANK0     00043
__pbssBIGRAM                  (abs)        02052
__pcstackBANK0                cstackBANK0  00020
__pcstackCOMMON               cstackCOMMON 00070
__pintentry                   intentry     00004
__pmaintext                   maintext     00246
__pstringtext                 stringtext   00500
__ptext1                      text1        00706
__ptext10                     text10       00EFF
__ptext11                     text11       004C0
__ptext12                     text12       00F1C
__ptext13                     text13       00339
__ptext14                     text14       00F57
__ptext15                     text15       007D4
__ptext16                     text16       003E2
__ptext17                     text17       00F8F
__ptext18                     text18       00FAD
__ptext19                     text19       00FD2
__ptext2                      text2        00750
__ptext20                     text20       00483
__ptext21                     text21       00F2C
__ptext22                     text22       005FB
__ptext23                     text23       00F07
__ptext25                     text25       0002E
__ptext3                      text3        00F73
__ptext4                      text4        00661
__ptext5                      text5        00592
__ptext6                      text6        00796
__ptext7                      text7        006BA
__ptext8                      text8        004EE
__ptext9                      text9        00F3F
__size_of_EEPROMEraseAll      (abs)        00000
__size_of_EEPROMSaveNumber    (abs)        00000
__size_of_EEPROMSearchNumber  (abs)        00000
__size_of_EepromEnd           (abs)        00000
__size_of_EepromOpCode        (abs)        00000
__size_of_EepromRead          (abs)        00000
__size_of_EepromReceive       (abs)        00000
__size_of_EepromSend          (abs)        00000
__size_of_EepromStart         (abs)        00000
__size_of_EepromWrite         (abs)        00000
__size_of_GPIOPortInit        (abs)        00000
__size_of_GPIORedLedBlink     (abs)        00000
__size_of_ISR                 (abs)        00000
__size_of_SIM800DeleteSms     (abs)        00000
__size_of_SIM800ReadSms       (abs)        00000
__size_of_SIM800SendSms       (abs)        00000
__size_of_SIM800init          (abs)        00000
__size_of_SYSTEMInit          (abs)        00000
__size_of_USARTClearSIM800L   (abs)        00000
__size_of_USARTHandleRxInt    (abs)        00000
__size_of_USARTInit           (abs)        00000
__size_of_USARTWriteChar      (abs)        00000
__size_of_USARTWriteLine      (abs)        00000
__size_of_USARTWriteString    (abs)        00000
__size_of___wmul              (abs)        00000
__size_of_main                (abs)        00000
__stringdata                  stringtext   00500
_bufque                       bssBANK0     00048
_i                            bssBANK0     00049
_main                         maintext     00246
_task                         bssBANK0     0004A
btemp                         (abs)        0007E
clear_ram0                    clrtext      00F10
end_of_initialization         cinit        0002A
intlevel0                     functab      00000
intlevel1                     functab      00000
intlevel2                     functab      00000
intlevel3                     functab      00000
intlevel4                     functab      00000
intlevel5                     functab      00000
ltemp                         (abs)        0007E
ltemp0                        (abs)        0007E
ltemp1                        (abs)        00082
ltemp2                        (abs)        00086
ltemp3                        (abs)        00080
pic14e$flags                  (abs)        0007E
reset_vec                     reset_vec    00000
stackhi                       (abs)        02051
stacklo                       (abs)        0202B
start                         init         00016
start_initialization          cinit        00018
ttemp                         (abs)        0007E
ttemp0                        (abs)        0007E
ttemp1                        (abs)        00081
ttemp2                        (abs)        00084
ttemp3                        (abs)        00087
ttemp4                        (abs)        0007F
wtemp                         (abs)        0007E
wtemp0                        (abs)        0007E
wtemp1                        (abs)        00080
wtemp2                        (abs)        00082
wtemp3                        (abs)        00084
wtemp4                        (abs)        00086
wtemp5                        (abs)        00088
wtemp6                        (abs)        0007F


FUNCTION INFORMATION:

 *************** function _main *****************
 Defined at:
		line 16 in file "main.c"
 Parameters:    Size  Location     Type
		None
 Auto vars:     Size  Location     Type
		None
 Return value:  Size  Location     Type
		None               void
 Registers used:
		wreg, fsr0l, fsr0h, fsr1l, fsr1h, status,2, status,0, pclath, cstack
 Tracked objects:
		On entry : 
		On exit  : 
		Unchanged: 
 Data sizes:     COMMON   BANK0   BANK1   BANK2
      Params:         0       0       0       0
      Locals:         0       0       0       0
      Temps:          0       3       0       0
      Totals:         0       3       0       0
Total ram usage:        3 bytes
 Hardware stack levels required when called:    6
 This function calls:
		_EEPROMEraseAll
		_EEPROMSaveNumber
		_EEPROMSearchNumber
		_GPIOPortInit
		_GPIORedLedBlink
		_SIM800DeleteSms
		_SIM800ReadSms
		_SIM800SendSms
		_SIM800init
		_SYSTEMInit
		_USARTClearSIM800L
		_USARTInit
		_USARTWriteLine
 This function is called by:
		Startup code after reset
 This function uses a non-reentrant model


 *************** function _USARTInit *****************
 Defined at:
		line 6 in file "usart.c"
 Parameters:    Size  Location     Type
  baud_rate       2    4[BANK0 ] unsigned int 
 Auto vars:     Size  Location     Type
		None
 Return value:  Size  Location     Type
		None               void
 Registers used:
		wreg, fsr0l, fsr0h, status,2, status,0
 Tracked objects:
		On entry : 
		On exit  : 
		Unchanged: 
 Data sizes:     COMMON   BANK0   BANK1   BANK2
      Params:         0       2       0       0
      Locals:         0       0       0       0
      Temps:          0       0       0       0
      Totals:         0       2       0       0
Total ram usage:        2 bytes
 Hardware stack levels used:    1
 Hardware stack levels required when called:    2
 This function calls:
		Nothing
 This function is called by:
		_main
 This function uses a non-reentrant model


 *************** function _USARTClearSIM800L *****************
 Defined at:
		line 190 in file "usart.c"
 Parameters:    Size  Location     Type
		None
 Auto vars:     Size  Location     Type
  i               1    8[BANK0 ] unsigned char 
 Return value:  Size  Location     Type
		None               void
 Registers used:
		wreg, fsr1l, fsr1h, status,2, status,0
 Tracked objects:
		On entry : 
		On exit  : 
		Unchanged: 
 Data sizes:     COMMON   BANK0   BANK1   BANK2
      Params:         0       0       0       0
      Locals:         0       1       0       0
      Temps:          0       4       0       0
      Totals:         0       5       0       0
Total ram usage:        5 bytes
 Hardware stack levels used:    1
 Hardware stack levels required when called:    2
 This function calls:
		Nothing
 This function is called by:
		_main
 This function uses a non-reentrant model


 *************** function _SYSTEMInit *****************
 Defined at:
		line 5 in file "system.c"
 Parameters:    Size  Location     Type
  freq            1    wreg     unsigned char 
 Auto vars:     Size  Location     Type
  freq            1    4[BANK0 ] unsigned char 
 Return value:  Size  Location     Type
		None               void
 Registers used:
		wreg, fsr0l, fsr0h, status,2, status,0
 Tracked objects:
		On entry : 
		On exit  : 
		Unchanged: 
 Data sizes:     COMMON   BANK0   BANK1   BANK2
      Params:         0       0       0       0
      Locals:         0       1       0       0
      Temps:          0       0       0       0
      Totals:         0       1       0       0
Total ram usage:        1 bytes
 Hardware stack levels used:    1
 Hardware stack levels required when called:    2
 This function calls:
		Nothing
 This function is called by:
		_main
 This function uses a non-reentrant model


 *************** function _SIM800init *****************
 Defined at:
		line 7 in file "sim800l.c"
 Parameters:    Size  Location     Type
		None
 Auto vars:     Size  Location     Type
		None
 Return value:  Size  Location     Type
                  1    wreg      unsigned char 
 Registers used:
		wreg, fsr0l, fsr0h, status,2, status,0, pclath, cstack
 Tracked objects:
		On entry : 
		On exit  : 
		Unchanged: 
 Data sizes:     COMMON   BANK0   BANK1   BANK2
      Params:         0       0       0       0
      Locals:         0       0       0       0
      Temps:          0       3       0       0
      Totals:         0       3       0       0
Total ram usage:        3 bytes
 Hardware stack levels used:    1
 Hardware stack levels required when called:    5
 This function calls:
		_USARTWriteLine
 This function is called by:
		_main
 This function uses a non-reentrant model


 *************** function _SIM800SendSms *****************
 Defined at:
		line 34 in file "sim800l.c"
 Parameters:    Size  Location     Type
  nmbr            2    9[BANK0 ] PTR const unsigned char 
		 -> STR_8(14), SIM800L.cell(15), SIM800L(158), 
  msg             2   11[BANK0 ] PTR const unsigned char 
		 -> STR_9(17), STR_5(22), SIM800L.csq(5), SIM800L(158), 
 Auto vars:     Size  Location     Type
		None
 Return value:  Size  Location     Type
                  1    wreg      unsigned char 
 Registers used:
		wreg, fsr0l, fsr0h, status,2, status,0, pclath, cstack
 Tracked objects:
		On entry : 
		On exit  : 
		Unchanged: 
 Data sizes:     COMMON   BANK0   BANK1   BANK2
      Params:         0       4       0       0
      Locals:         0       0       0       0
      Temps:          0       3       0       0
      Totals:         0       7       0       0
Total ram usage:        7 bytes
 Hardware stack levels used:    1
 Hardware stack levels required when called:    5
 This function calls:
		_USARTWriteChar
		_USARTWriteLine
		_USARTWriteString
 This function is called by:
		_main
 This function uses a non-reentrant model


 *************** function _SIM800ReadSms *****************
 Defined at:
		line 50 in file "sim800l.c"
 Parameters:    Size  Location     Type
  mem             2    9[BANK0 ] PTR const unsigned char 
		 -> SIM800L.smsmem(5), SIM800L(158), 
 Auto vars:     Size  Location     Type
		None
 Return value:  Size  Location     Type
                  1    wreg      unsigned char 
 Registers used:
		wreg, fsr0l, fsr0h, status,2, status,0, pclath, cstack
 Tracked objects:
		On entry : 
		On exit  : 
		Unchanged: 
 Data sizes:     COMMON   BANK0   BANK1   BANK2
      Params:         0       2       0       0
      Locals:         0       0       0       0
      Temps:          0       3       0       0
      Totals:         0       5       0       0
Total ram usage:        5 bytes
 Hardware stack levels used:    1
 Hardware stack levels required when called:    5
 This function calls:
		_USARTWriteLine
		_USARTWriteString
 This function is called by:
		_main
 This function uses a non-reentrant model


 *************** function _SIM800DeleteSms *****************
 Defined at:
		line 60 in file "sim800l.c"
 Parameters:    Size  Location     Type
  index           2    9[BANK0 ] PTR const unsigned char 
		 -> STR_6(2), 
  flag            2   11[BANK0 ] PTR const unsigned char 
		 -> STR_7(2), 
 Auto vars:     Size  Location     Type
		None
 Return value:  Size  Location     Type
                  1    wreg      unsigned char 
 Registers used:
		wreg, fsr0l, fsr0h, status,2, status,0, pclath, cstack
 Tracked objects:
		On entry : 
		On exit  : 
		Unchanged: 
 Data sizes:     COMMON   BANK0   BANK1   BANK2
      Params:         0       4       0       0
      Locals:         0       0       0       0
      Temps:          0       3       0       0
      Totals:         0       7       0       0
Total ram usage:        7 bytes
 Hardware stack levels used:    1
 Hardware stack levels required when called:    5
 This function calls:
		_USARTWriteChar
		_USARTWriteLine
		_USARTWriteString
 This function is called by:
		_main
 This function uses a non-reentrant model


 *************** function _USARTWriteLine *****************
 Defined at:
		line 66 in file "usart.c"
 Parameters:    Size  Location     Type
  str             2    7[BANK0 ] PTR const unsigned char 
		 -> STR_20(9), STR_19(14), STR_17(9), STR_16(14), 
		 -> STR_14(10), STR_13(14), STR_12(5), STR_11(7), 
		 -> STR_10(5), STR_4(6), STR_3(9), 
 Auto vars:     Size  Location     Type
		None
 Return value:  Size  Location     Type
		None               void
 Registers used:
		wreg, fsr0l, fsr0h, status,2, status,0, pclath, cstack
 Tracked objects:
		On entry : 
		On exit  : 
		Unchanged: 
 Data sizes:     COMMON   BANK0   BANK1   BANK2
      Params:         0       2       0       0
      Locals:         0       0       0       0
      Temps:          0       0       0       0
      Totals:         0       2       0       0
Total ram usage:        2 bytes
 Hardware stack levels used:    1
 Hardware stack levels required when called:    4
 This function calls:
		_USARTWriteChar
		_USARTWriteString
 This function is called by:
		_main
		_SIM800init
		_SIM800SendSms
		_SIM800ReadSms
		_SIM800DeleteSms
		_SIM800sendCommand
 This function uses a non-reentrant model


 *************** function _USARTWriteString *****************
 Defined at:
		line 57 in file "usart.c"
 Parameters:    Size  Location     Type
  str             2    5[BANK0 ] PTR const unsigned char 
		 -> STR_21(3), STR_20(9), STR_19(14), STR_18(3), 
		 -> STR_17(9), STR_16(14), STR_15(4), STR_14(10), 
		 -> STR_13(14), STR_12(5), STR_11(7), STR_10(5), 
		 -> STR_9(17), STR_8(14), STR_7(2), STR_6(2), 
		 -> SIM800L.smsmem(5), STR_5(22), SIM800L.csq(5), SIM800L.cell(15), 
		 -> STR_4(6), SIM800L(158), STR_3(9), 
 Auto vars:     Size  Location     Type
		None
 Return value:  Size  Location     Type
		None               void
 Registers used:
		wreg, fsr0l, fsr0h, status,2, status,0, pclath, cstack
 Tracked objects:
		On entry : 
		On exit  : 
		Unchanged: 
 Data sizes:     COMMON   BANK0   BANK1   BANK2
      Params:         0       2       0       0
      Locals:         0       0       0       0
      Temps:          0       0       0       0
      Totals:         0       2       0       0
Total ram usage:        2 bytes
 Hardware stack levels used:    1
 Hardware stack levels required when called:    3
 This function calls:
		_USARTWriteChar
 This function is called by:
		_SIM800SendSms
		_SIM800ReadSms
		_SIM800DeleteSms
		_USARTWriteLine
 This function uses a non-reentrant model


 *************** function _USARTWriteChar *****************
 Defined at:
		line 51 in file "usart.c"
 Parameters:    Size  Location     Type
  ch              1    wreg     unsigned char 
 Auto vars:     Size  Location     Type
  ch              1    4[BANK0 ] unsigned char 
 Return value:  Size  Location     Type
		None               void
 Registers used:
		wreg
 Tracked objects:
		On entry : 
		On exit  : 
		Unchanged: 
 Data sizes:     COMMON   BANK0   BANK1   BANK2
      Params:         0       0       0       0
      Locals:         0       1       0       0
      Temps:          0       0       0       0
      Totals:         0       1       0       0
Total ram usage:        1 bytes
 Hardware stack levels used:    1
 Hardware stack levels required when called:    2
 This function calls:
		Nothing
 This function is called by:
		_SIM800SendSms
		_SIM800DeleteSms
		_USARTWriteString
		_USARTWriteLine
		_USARTWriteInt
		_USARTGotoNewLine
 This function uses a non-reentrant model


 *************** function _GPIORedLedBlink *****************
 Defined at:
		line 26 in file "gpio.c"
 Parameters:    Size  Location     Type
  times           1    wreg     unsigned char 
 Auto vars:     Size  Location     Type
  times           1    7[BANK0 ] unsigned char 
  i               1    8[BANK0 ] unsigned char 
 Return value:  Size  Location     Type
		None               void
 Registers used:
		wreg, status,2, status,0
 Tracked objects:
		On entry : 
		On exit  : 
		Unchanged: 
 Data sizes:     COMMON   BANK0   BANK1   BANK2
      Params:         0       0       0       0
      Locals:         0       2       0       0
      Temps:          0       3       0       0
      Totals:         0       5       0       0
Total ram usage:        5 bytes
 Hardware stack levels used:    1
 Hardware stack levels required when called:    2
 This function calls:
		Nothing
 This function is called by:
		_main
 This function uses a non-reentrant model


 *************** function _GPIOPortInit *****************
 Defined at:
		line 5 in file "gpio.c"
 Parameters:    Size  Location     Type
		None
 Auto vars:     Size  Location     Type
		None
 Return value:  Size  Location     Type
		None               void
 Registers used:
		status,2
 Tracked objects:
		On entry : 
		On exit  : 
		Unchanged: 
 Data sizes:     COMMON   BANK0   BANK1   BANK2
      Params:         0       0       0       0
      Locals:         0       0       0       0
      Temps:          0       0       0       0
      Totals:         0       0       0       0
Total ram usage:        0 bytes
 Hardware stack levels used:    1
 Hardware stack levels required when called:    2
 This function calls:
		Nothing
 This function is called by:
		_main
 This function uses a non-reentrant model


 *************** function _EEPROMSearchNumber *****************
 Defined at:
		line 139 in file "eeprom.c"
 Parameters:    Size  Location     Type
  nmbr            2   15[BANK0 ] PTR const unsigned char 
		 -> SIM800L.cell(15), SIM800L(158), 
  nmbrLenght      1   17[BANK0 ] unsigned char 
 Auto vars:     Size  Location     Type
  convNmbr        5   22[BANK0 ] unsigned char [5]
  aux             2   28[BANK0 ] unsigned int 
  count           1   31[BANK0 ] unsigned char 
  result          1   30[BANK0 ] unsigned char 
  value           1   27[BANK0 ] unsigned char 
 Return value:  Size  Location     Type
                  1    wreg      unsigned char 
 Registers used:
		wreg, fsr1l, fsr1h, status,2, status,0, pclath, cstack
 Tracked objects:
		On entry : 
		On exit  : 
		Unchanged: 
 Data sizes:     COMMON   BANK0   BANK1   BANK2
      Params:         0       3       0       0
      Locals:         0      10       0       0
      Temps:          0       4       0       0
      Totals:         0      17       0       0
Total ram usage:       17 bytes
 Hardware stack levels used:    1
 Hardware stack levels required when called:    4
 This function calls:
		_EepromRead
 This function is called by:
		_main
 This function uses a non-reentrant model


 *************** function _EepromRead *****************
 Defined at:
		line 94 in file "eeprom.c"
 Parameters:    Size  Location     Type
  address         2   11[BANK0 ] unsigned int 
 Auto vars:     Size  Location     Type
  data            1   14[BANK0 ] unsigned char 
 Return value:  Size  Location     Type
                  1    wreg      unsigned char 
 Registers used:
		wreg, status,2, status,0, pclath, cstack
 Tracked objects:
		On entry : 
		On exit  : 
		Unchanged: 
 Data sizes:     COMMON   BANK0   BANK1   BANK2
      Params:         0       2       0       0
      Locals:         0       1       0       0
      Temps:          0       1       0       0
      Totals:         0       4       0       0
Total ram usage:        4 bytes
 Hardware stack levels used:    1
 Hardware stack levels required when called:    3
 This function calls:
		_EepromEnd
		_EepromOpCode
		_EepromReceive
		_EepromStart
 This function is called by:
		_EEPROMSearchNumber
 This function uses a non-reentrant model


 *************** function _EepromReceive *****************
 Defined at:
		line 39 in file "eeprom.c"
 Parameters:    Size  Location     Type
		None
 Auto vars:     Size  Location     Type
  i               1    7[BANK0 ] char 
  b               1    6[BANK0 ] unsigned char 
 Return value:  Size  Location     Type
                  1    wreg      unsigned char 
 Registers used:
		wreg, status,2, status,0
 Tracked objects:
		On entry : 
		On exit  : 
		Unchanged: 
 Data sizes:     COMMON   BANK0   BANK1   BANK2
      Params:         0       0       0       0
      Locals:         0       2       0       0
      Temps:          0       2       0       0
      Totals:         0       4       0       0
Total ram usage:        4 bytes
 Hardware stack levels used:    1
 Hardware stack levels required when called:    2
 This function calls:
		Nothing
 This function is called by:
		_EepromRead
 This function uses a non-reentrant model


 *************** function _EEPROMSaveNumber *****************
 Defined at:
		line 105 in file "eeprom.c"
 Parameters:    Size  Location     Type
  nmbr            2   14[BANK0 ] PTR const unsigned char 
		 -> STR_2(11), STR_1(11), 
  nmbrLenght      1   16[BANK0 ] unsigned char 
  position        2   17[BANK0 ] unsigned int 
 Auto vars:     Size  Location     Type
  address         2   24[BANK0 ] unsigned int 
  value           1   27[BANK0 ] unsigned char 
  count           1   26[BANK0 ] unsigned char 
  result          1   23[BANK0 ] unsigned char 
 Return value:  Size  Location     Type
                  1    wreg      unsigned char 
 Registers used:
		wreg, fsr0l, fsr0h, status,2, status,0, pclath, cstack
 Tracked objects:
		On entry : 
		On exit  : 
		Unchanged: 
 Data sizes:     COMMON   BANK0   BANK1   BANK2
      Params:         0       5       0       0
      Locals:         0       5       0       0
      Temps:          0       4       0       0
      Totals:         0      14       0       0
Total ram usage:       14 bytes
 Hardware stack levels used:    1
 Hardware stack levels required when called:    4
 This function calls:
		_EepromWrite
		___wmul
 This function is called by:
		_main
 This function uses a non-reentrant model


 *************** function ___wmul *****************
 Defined at:
		line 15 in file "C:\Program Files (x86)\Microchip\xc8\v1.33\sources\common\Umul16.c"
 Parameters:    Size  Location     Type
  multiplier      2    4[BANK0 ] unsigned int 
  multiplicand    2    6[BANK0 ] unsigned int 
 Auto vars:     Size  Location     Type
  product         2    8[BANK0 ] unsigned int 
 Return value:  Size  Location     Type
                  2    4[BANK0 ] unsigned int 
 Registers used:
		wreg, status,2, status,0
 Tracked objects:
		On entry : 
		On exit  : 
		Unchanged: 
 Data sizes:     COMMON   BANK0   BANK1   BANK2
      Params:         0       4       0       0
      Locals:         0       2       0       0
      Temps:          0       0       0       0
      Totals:         0       6       0       0
Total ram usage:        6 bytes
 Hardware stack levels used:    1
 Hardware stack levels required when called:    2
 This function calls:
		Nothing
 This function is called by:
		_EEPROMSaveNumber
 This function uses a non-reentrant model


 *************** function _EepromWrite *****************
 Defined at:
		line 82 in file "eeprom.c"
 Parameters:    Size  Location     Type
  address         2   11[BANK0 ] unsigned int 
  data            1   13[BANK0 ] unsigned char 
 Auto vars:     Size  Location     Type
		None
 Return value:  Size  Location     Type
		None               void
 Registers used:
		wreg, status,2, status,0, pclath, cstack
 Tracked objects:
		On entry : 
		On exit  : 
		Unchanged: 
 Data sizes:     COMMON   BANK0   BANK1   BANK2
      Params:         0       3       0       0
      Locals:         0       0       0       0
      Temps:          0       0       0       0
      Totals:         0       3       0       0
Total ram usage:        3 bytes
 Hardware stack levels used:    1
 Hardware stack levels required when called:    3
 This function calls:
		_EepromEnd
		_EepromOpCode
		_EepromSend
		_EepromStart
 This function is called by:
		_EEPROMSaveNumber
 This function uses a non-reentrant model


 *************** function _EepromSend *****************
 Defined at:
		line 26 in file "eeprom.c"
 Parameters:    Size  Location     Type
  b               1    wreg     unsigned char 
 Auto vars:     Size  Location     Type
  b               1    6[BANK0 ] unsigned char 
  i               1    7[BANK0 ] char 
 Return value:  Size  Location     Type
		None               void
 Registers used:
		wreg, status,2, status,0
 Tracked objects:
		On entry : 
		On exit  : 
		Unchanged: 
 Data sizes:     COMMON   BANK0   BANK1   BANK2
      Params:         0       0       0       0
      Locals:         0       2       0       0
      Temps:          0       2       0       0
      Totals:         0       4       0       0
Total ram usage:        4 bytes
 Hardware stack levels used:    1
 Hardware stack levels required when called:    2
 This function calls:
		Nothing
 This function is called by:
		_EepromWrite
 This function uses a non-reentrant model


 *************** function _EEPROMEraseAll *****************
 Defined at:
		line 181 in file "eeprom.c"
 Parameters:    Size  Location     Type
		None
 Auto vars:     Size  Location     Type
		None
 Return value:  Size  Location     Type
		None               void
 Registers used:
		wreg, status,2, status,0, pclath, cstack
 Tracked objects:
		On entry : 
		On exit  : 
		Unchanged: 
 Data sizes:     COMMON   BANK0   BANK1   BANK2
      Params:         0       0       0       0
      Locals:         0       0       0       0
      Temps:          0       3       0       0
      Totals:         0       3       0       0
Total ram usage:        3 bytes
 Hardware stack levels used:    1
 Hardware stack levels required when called:    3
 This function calls:
		_EepromEnd
		_EepromOpCode
		_EepromStart
 This function is called by:
		_main
 This function uses a non-reentrant model


 *************** function _EepromStart *****************
 Defined at:
		line 5 in file "eeprom.c"
 Parameters:    Size  Location     Type
		None
 Auto vars:     Size  Location     Type
		None
 Return value:  Size  Location     Type
		None               void
 Registers used:
		wreg
 Tracked objects:
		On entry : 
		On exit  : 
		Unchanged: 
 Data sizes:     COMMON   BANK0   BANK1   BANK2
      Params:         0       0       0       0
      Locals:         0       0       0       0
      Temps:          0       1       0       0
      Totals:         0       1       0       0
Total ram usage:        1 bytes
 Hardware stack levels used:    1
 Hardware stack levels required when called:    2
 This function calls:
		Nothing
 This function is called by:
		_EepromWrite
		_EepromRead
		_EEPROMEraseAll
 This function uses a non-reentrant model


 *************** function _EepromOpCode *****************
 Defined at:
		line 55 in file "eeprom.c"
 Parameters:    Size  Location     Type
  opcode          1    wreg     unsigned char 
  address         2    4[BANK0 ] unsigned int 
 Auto vars:     Size  Location     Type
  opcode          1    9[BANK0 ] unsigned char 
  i               1   10[BANK0 ] char 
 Return value:  Size  Location     Type
		None               void
 Registers used:
		wreg, status,2, status,0
 Tracked objects:
		On entry : 
		On exit  : 
		Unchanged: 
 Data sizes:     COMMON   BANK0   BANK1   BANK2
      Params:         0       2       0       0
      Locals:         0       2       0       0
      Temps:          0       3       0       0
      Totals:         0       7       0       0
Total ram usage:        7 bytes
 Hardware stack levels used:    1
 Hardware stack levels required when called:    2
 This function calls:
		Nothing
 This function is called by:
		_EepromWrite
		_EepromRead
		_EEPROMEraseAll
 This function uses a non-reentrant model


 *************** function _EepromEnd *****************
 Defined at:
		line 19 in file "eeprom.c"
 Parameters:    Size  Location     Type
		None
 Auto vars:     Size  Location     Type
		None
 Return value:  Size  Location     Type
		None               void
 Registers used:
		wreg
 Tracked objects:
		On entry : 
		On exit  : 
		Unchanged: 
 Data sizes:     COMMON   BANK0   BANK1   BANK2
      Params:         0       0       0       0
      Locals:         0       0       0       0
      Temps:          0       1       0       0
      Totals:         0       1       0       0
Total ram usage:        1 bytes
 Hardware stack levels used:    1
 Hardware stack levels required when called:    2
 This function calls:
		Nothing
 This function is called by:
		_EepromWrite
		_EepromRead
		_EEPROMEraseAll
 This function uses a non-reentrant model


 *************** function _ISR *****************
 Defined at:
		line 6 in file "isr.c"
 Parameters:    Size  Location     Type
		None
 Auto vars:     Size  Location     Type
		None
 Return value:  Size  Location     Type
		None               void
 Registers used:
		wreg, fsr0l, fsr0h, fsr1l, fsr1h, status,2, status,0, pclath, cstack
 Tracked objects:
		On entry : 
		On exit  : 
		Unchanged: 
 Data sizes:     COMMON   BANK0   BANK1   BANK2
      Params:         0       0       0       0
      Locals:         0       0       0       0
      Temps:          1       0       0       0
      Totals:         1       0       0       0
Total ram usage:        1 bytes
 Hardware stack levels used:    1
 Hardware stack levels required when called:    1
 This function calls:
		_USARTHandleRxInt
 This function is called by:
		Interrupt level 1
 This function uses a non-reentrant model


 *************** function _USARTHandleRxInt *****************
 Defined at:
		line 73 in file "usart.c"
 Parameters:    Size  Location     Type
		None
 Auto vars:     Size  Location     Type
  ci              1    3[BANK0 ] unsigned char 
  ci              1    2[BANK0 ] unsigned char 
  ci              1    1[BANK0 ] unsigned char 
  data            1    0[BANK0 ] unsigned char 
 Return value:  Size  Location     Type
		None               void
 Registers used:
		wreg, fsr0l, fsr0h, fsr1l, fsr1h, status,2, status,0
 Tracked objects:
		On entry : 
		On exit  : 
		Unchanged: 
 Data sizes:     COMMON   BANK0   BANK1   BANK2
      Params:         0       0       0       0
      Locals:         0       4       0       0
      Temps:         11       0       0       0
      Totals:        11       4       0       0
Total ram usage:       15 bytes
 Hardware stack levels used:    1
 This function calls:
		Nothing
 This function is called by:
		_ISR
 This function uses a non-reentrant model



MODULE INFORMATION

Module		Function		Class		Link	Load	Size
C:\Program Files (x86)\Microchip\xc8\v1.33\sources\common\Umul16.c
		___wmul        		CODE           	0F8F	0000	30

C:\Program Files (x86)\Microchip\xc8\v1.33\sources\common\Umul16.c estimated size: 30

usart.c
		_USARTWriteStri		CODE           	0F3F	0000	24
		_USARTWriteLine		CODE           	04EE	0000	18
		_USARTWriteChar		CODE           	0EFF	0000	8
		_USARTHandleRxI		CODE           	002E	0000	536
		_USARTClearSIM8		CODE           	0750	0000	70
		_USARTInit     		CODE           	0706	0000	74

usart.c estimated size: 730

eeprom.c
		_EepromWrite   		CODE           	0FAD	0000	37
		_EEPROMSaveNumb		CODE           	03E2	0000	161
		_EepromSend    		CODE           	0FD2	0000	46
		_EepromStart   		CODE           	0F2C	0000	19
		_EEPROMSearchNu		CODE           	0339	0000	169
		_EepromOpCode  		CODE           	05FB	0000	102
		_EEPROMEraseAll		CODE           	0483	0000	61
		_EepromRead    		CODE           	0F57	0000	28
		_EepromEnd     		CODE           	0F07	0000	9
		_EepromReceive 		CODE           	07D4	0000	44

eeprom.c estimated size: 676

sim800l.c
		_SIM800SendSms 		CODE           	0592	0000	105
		_SIM800init    		CODE           	0661	0000	89
		_SIM800DeleteSm		CODE           	06BA	0000	76
		_SIM800ReadSms 		CODE           	0796	0000	62

sim800l.c estimated size: 332

isr.c
		_ISR           		CODE           	0004	0000	18

isr.c estimated size: 18

shared
		__stringdata   		STRCODE        	0500	0000	146
		__initializatio		CODE           	0018	0000	18

shared estimated size: 164

gpio.c
		_GPIORedLedBlin		CODE           	04C0	0000	46
		_GPIOPortInit  		CODE           	0F1C	0000	16

gpio.c estimated size: 62

main.c
		_main          		CODE           	0246	0000	243

main.c estimated size: 243

system.c
		_SYSTEMInit    		CODE           	0F73	0000	28

system.c estimated size: 28

