Microchip MPLAB XC8 Compiler V1.38 ()

Linker command line:

--edf=C:\Program Files (x86)\Microchip\xc8\v1.38\dat\en_msgs.txt -cs \
  -h+dist/default/production\trunk.production.sym \
  --cmf=dist/default/production\trunk.production.cmf -z -Q16F1828 \
  -oC:\Users\e882742\AppData\Local\Temp\s12f8.2 \
  -Mdist/default/production/trunk.production.map -E1 -ver=XC8 \
  -ASTACK=02044h-02063h -pstack=STACK -ACODE=00h-07FFhx2 \
  -ASTRCODE=00h-0FFFh -ASTRING=00h-0FFhx16 -ACONST=00h-0FFhx16 \
  -AENTRY=00h-0FFhx16 -ACOMMON=070h-07Fh -ABANK0=020h-06Fh \
  -ABANK1=0A0h-0EFh -ABANK2=0120h-016Fh -ABIGRAM=02000h-020EFh \
  -ARAM=020h-06Fh,0A0h-0EFh,0120h-016Fh \
  -AABS1=020h-07Fh,0A0h-0EFh,0120h-016Fh -ASFR0=00h-01Fh -ASFR1=080h-09Fh \
  -ASFR2=0100h-011Fh -ASFR3=0180h-01EFh -ASFR4=0200h-026Fh \
  -ASFR5=0280h-02EFh -ASFR6=0300h-036Fh -ASFR7=0380h-03EFh \
  -ASFR8=0400h-046Fh -ASFR9=0480h-04EFh -ASFR10=0500h-056Fh \
  -ASFR11=0580h-05EFh -ASFR12=0600h-066Fh -ASFR13=0680h-06EFh \
  -ASFR14=0700h-076Fh -ASFR15=0780h-07EFh -ASFR16=0800h-086Fh \
  -ASFR17=0880h-08EFh -ASFR18=0900h-096Fh -ASFR19=0980h-09EFh \
  -ASFR20=0A00h-0A6Fh -ASFR21=0A80h-0AEFh -ASFR22=0B00h-0B6Fh \
  -ASFR23=0B80h-0BEFh -ASFR24=0C00h-0C6Fh -ASFR25=0C80h-0CEFh \
  -ASFR26=0D00h-0D6Fh -ASFR27=0D80h-0DEFh -ASFR28=0E00h-0E6Fh \
  -ASFR29=0E80h-0EEFh -ASFR30=0F00h-0F6Fh -ASFR31=0F80h-0FEFh \
  -preset_vec=00h,intentry=04h,init,end_init -ppowerup=CODE -pcinit=CODE \
  -pfunctab=CODE -ACONFIG=08007h-08008h -pconfig=CONFIG -DCONFIG=2 \
  -AIDLOC=08000h-08003h -pidloc=IDLOC -DIDLOC=2 -AEEDATA=00h-0FFh/0F000h \
  -peeprom_data=EEDATA -DEEDATA=2 -DCODE=2 -DSTRCODE=2 -DSTRING=2 -DCONST=2 \
  -DENTRY=2 -k C:\Users\e882742\AppData\Local\Temp\s12f8.obj \
  dist/default/production\trunk.production.obj 

Object code version is 3.11

Machine type is 16F1828



                Name                               Link     Load   Length Selector   Space Scale
C:\Users\e882742\AppData\Local\Temp\s12f8.obj
                end_init                             16       16        2        8       0
                reset_vec                             0        0        2        0       0
                config                             8007     8007        2    1000E       0
dist/default/production\trunk.production.obj
                cinit                                18       18       1A        8       0
                intentry                              4        4       12        8       0
                text36                               32       32      334        8       0
                text34                              8BE      8BE        8     117C       0
                text33                              8CE      8CE        A     119C       0
                text32                              8A9      8A9        5     1152       0
                text31                              8AE      8AE        5     115C       0
                text30                              927      927       1B     124E       0
                text29                              DDF      DDF       7E     1BBE       0
                text28                              8FF      8FF       11     11FE       0
                text27                              8D8      8D8        B     11B0       0
                text26                              942      942       1C     1284       0
                text25                              CED      CED       75     19DA       0
                text24                              8B8      8B8        6     1170       0
                text23                              7F2      7F2        E      EDA       0
                text22                              8B3      8B3        5     1166       0
                text21                              9AB      9AB       2B     1356       0
                text20                              ADA      ADA       49     15B4       0
                text19                              BB8      BB8       54     1770       0
                text18                              A63      A63       37     14C6       0
                text17                              95E      95E       25     12BC       0
                text16                              A2E      A2E       35     145C       0
                text15                              76D      76D       85      EDA       0
                text14                              E5D      E5D       7E     1CBA       0
                text13                              9D6      9D6       2C     13AC       0
                text12                              A02      A02       2C     1404       0
                text11                              8C6      8C6        8     118C       0
                text10                              910      910       17     1220       0
                text9                               8EF      8EF       10     11DE       0
                text8                               C0C      C0C       6D     1818       0
                text7                               366      366      2D2        8       0
                text6                               A9A      A9A       40     1534       0
                text5                               C79      C79       74     18F2       0
                text4                               B6D      B6D       4B     16DA       0
                text3                               D62      D62       7D     1AC4       0
                text2                               983      983       28     1306       0
                text1                               B23      B23       4A     1646       0
                maintext                            EDB      EDB      125     1DB6       0
                cstackBANK0                          20       20       33       20       1
                cstackCOMMON                         70       70        C       70       1
                clrtext                             8E3      8E3        C     11C6       0
                bssBANK0                             53       53       11       20       1
                bssCOMMON                            7C       7C        1       70       1
                stringtext                          638      638      135      C70       0

TOTAL           Name                               Link     Load   Length     Space
        CLASS   STACK          

        CLASS   CODE           
                end_init                             16       16        2         0
                cinit                                18       18       1A         0
                intentry                              4        4       12         0
                reset_vec                             0        0        2         0
                text36                               32       32      334         0
                text34                              8BE      8BE        8         0
                text33                              8CE      8CE        A         0
                text32                              8A9      8A9        5         0
                text31                              8AE      8AE        5         0
                text30                              927      927       1B         0
                text29                              DDF      DDF       7E         0
                text28                              8FF      8FF       11         0
                text27                              8D8      8D8        B         0
                text26                              942      942       1C         0
                text25                              CED      CED       75         0
                text24                              8B8      8B8        6         0
                text23                              7F2      7F2        E         0
                text22                              8B3      8B3        5         0
                text21                              9AB      9AB       2B         0
                text20                              ADA      ADA       49         0
                text19                              BB8      BB8       54         0
                text18                              A63      A63       37         0
                text17                              95E      95E       25         0
                text16                              A2E      A2E       35         0
                text15                              76D      76D       85         0
                text14                              E5D      E5D       7E         0
                text13                              9D6      9D6       2C         0
                text12                              A02      A02       2C         0
                text11                              8C6      8C6        8         0
                text10                              910      910       17         0
                text9                               8EF      8EF       10         0
                text8                               C0C      C0C       6D         0
                text7                               366      366      2D2         0
                text6                               A9A      A9A       40         0
                text5                               C79      C79       74         0
                text4                               B6D      B6D       4B         0
                text3                               D62      D62       7D         0
                text2                               983      983       28         0
                text1                               B23      B23       4A         0
                maintext                            EDB      EDB      125         0
                clrtext                             8E3      8E3        C         0

        CLASS   STRCODE        
                stringtext                          638      638      135         0

        CLASS   STRING         

        CLASS   CONST          

        CLASS   ENTRY          

        CLASS   COMMON         
                cstackCOMMON                         70       70        C         1
                bssCOMMON                            7C       7C        1         1

        CLASS   BANK0          
                cstackBANK0                          20       20       33         1
                bssBANK0                             53       53       11         1

        CLASS   BANK1          

        CLASS   BANK2          

        CLASS   BIGRAM         

        CLASS   RAM            

        CLASS   ABS1           
                abs_s1                               7E       7E        2         1
                abs_s1                               B4       B4       3C         1
                abs_s1                              120      120       50         1
                abs_s1                             2064     2064        0         1

        CLASS   SFR0           

        CLASS   SFR1           

        CLASS   SFR2           

        CLASS   SFR3           

        CLASS   SFR4           

        CLASS   SFR5           

        CLASS   SFR6           

        CLASS   SFR7           

        CLASS   SFR8           

        CLASS   SFR9           

        CLASS   SFR10          

        CLASS   SFR11          

        CLASS   SFR12          

        CLASS   SFR13          

        CLASS   SFR14          

        CLASS   SFR15          

        CLASS   SFR16          

        CLASS   SFR17          

        CLASS   SFR18          

        CLASS   SFR19          

        CLASS   SFR20          

        CLASS   SFR21          

        CLASS   SFR22          

        CLASS   SFR23          

        CLASS   SFR24          

        CLASS   SFR25          

        CLASS   SFR26          

        CLASS   SFR27          

        CLASS   SFR28          

        CLASS   SFR29          

        CLASS   SFR30          

        CLASS   SFR31          

        CLASS   CONFIG         
                config                             8007     8007        2         0

        CLASS   IDLOC          

        CLASS   EEDATA         

        CLASS   BANK31         

        CLASS   BANK30         

        CLASS   BANK29         

        CLASS   BANK28         

        CLASS   BANK27         

        CLASS   BANK26         

        CLASS   BANK25         

        CLASS   BANK24         

        CLASS   BANK23         

        CLASS   BANK22         

        CLASS   BANK21         

        CLASS   BANK20         

        CLASS   BANK19         

        CLASS   BANK18         

        CLASS   BANK17         

        CLASS   BANK16         

        CLASS   BANK15         

        CLASS   BANK14         

        CLASS   BANK13         

        CLASS   BANK12         

        CLASS   BANK11         

        CLASS   BANK10         

        CLASS   BANK9          

        CLASS   BANK8          

        CLASS   BANK7          

        CLASS   BANK6          

        CLASS   BANK5          

        CLASS   BANK4          

        CLASS   BANK3          



SEGMENTS        Name                           Load    Length   Top    Selector   Space  Class     Delta

                reset_vec                      000000  000002  000002         0       0  CODE        2
                intentry                       000004  000634  000638         8       0  CODE        2
                cstackBANK0                    000020  000044  000064        20       1  BANK0       1
                cstackCOMMON                   000070  00000D  00007D        70       1  COMMON      1
                stringtext                     000638  000135  00076D       C70       0  STRCODE     2
                text15                         00076D  000093  000800       EDA       0  CODE        2
                text32                         0008A9  000005  0008AE      1152       0  CODE        2
                text31                         0008AE  000005  0008B3      115C       0  CODE        2
                text22                         0008B3  000005  0008B8      1166       0  CODE        2
                text24                         0008B8  000006  0008BE      1170       0  CODE        2
                text34                         0008BE  000008  0008C6      117C       0  CODE        2
                text11                         0008C6  000008  0008CE      118C       0  CODE        2
                text33                         0008CE  00000A  0008D8      119C       0  CODE        2
                text27                         0008D8  00000B  0008E3      11B0       0  CODE        2
                clrtext                        0008E3  00000C  0008EF      11C6       0  CODE        2
                text9                          0008EF  000010  0008FF      11DE       0  CODE        2
                text28                         0008FF  000011  000910      11FE       0  CODE        2
                text10                         000910  000017  000927      1220       0  CODE        2
                text30                         000927  00001B  000942      124E       0  CODE        2
                text26                         000942  00001C  00095E      1284       0  CODE        2
                text17                         00095E  000025  000983      12BC       0  CODE        2
                text2                          000983  000028  0009AB      1306       0  CODE        2
                text21                         0009AB  00002B  0009D6      1356       0  CODE        2
                text13                         0009D6  00002C  000A02      13AC       0  CODE        2
                text12                         000A02  00002C  000A2E      1404       0  CODE        2
                text16                         000A2E  000035  000A63      145C       0  CODE        2
                text18                         000A63  000037  000A9A      14C6       0  CODE        2
                text6                          000A9A  000040  000ADA      1534       0  CODE        2
                text20                         000ADA  000049  000B23      15B4       0  CODE        2
                text1                          000B23  00004A  000B6D      1646       0  CODE        2
                text4                          000B6D  00004B  000BB8      16DA       0  CODE        2
                text19                         000BB8  000054  000C0C      1770       0  CODE        2
                text8                          000C0C  00006D  000C79      1818       0  CODE        2
                text5                          000C79  000074  000CED      18F2       0  CODE        2
                text25                         000CED  000075  000D62      19DA       0  CODE        2
                text3                          000D62  00007D  000DDF      1AC4       0  CODE        2
                text29                         000DDF  00007E  000E5D      1BBE       0  CODE        2
                text14                         000E5D  00007E  000EDB      1CBA       0  CODE        2
                maintext                       000EDB  000125  001000      1DB6       0  CODE        2
                config                         008007  000002  008009     1000E       0  CONFIG      2


UNUSED ADDRESS RANGES

        Name                Unused          Largest block    Delta
        BANK0            00064-0006F               C           1
        BANK1            000A0-000B3              14           1
        BIGRAM           02000-020EF              F0           1
        CODE             00002-00003               2           2
                         00800-008A8              A9
        COMMON           0007D-0007D               1           1
        CONST            00002-00003               2           2
                         00800-008A8              A9
        EEDATA           0F000-0F0FF             100           2
        ENTRY            00002-00003               2           2
                         00800-008A8              A9
        IDLOC            08000-08003               4           2
        RAM              00064-0006F               C           1
                         000A0-000B3              14
        SFR0             00000-0001F              20           1
        SFR1             00080-0009F              20           1
        SFR10            00500-0056F              70           1
        SFR11            00580-005EF              70           1
        SFR12            00600-0066F              70           1
        SFR13            00680-006EF              70           1
        SFR14            00700-0076F              70           1
        SFR15            00780-007EF              70           1
        SFR16            00800-0086F              70           1
        SFR17            00880-008EF              70           1
        SFR18            00900-0096F              70           1
        SFR19            00980-009EF              70           1
        SFR2             00100-0011F              20           1
        SFR20            00A00-00A6F              70           1
        SFR21            00A80-00AEF              70           1
        SFR22            00B00-00B6F              70           1
        SFR23            00B80-00BEF              70           1
        SFR24            00C00-00C6F              70           1
        SFR25            00C80-00CEF              70           1
        SFR26            00D00-00D6F              70           1
        SFR27            00D80-00DEF              70           1
        SFR28            00E00-00E6F              70           1
        SFR29            00E80-00EEF              70           1
        SFR3             00180-001EF              70           1
        SFR30            00F00-00F6F              70           1
        SFR31            00F80-00FEF              70           1
        SFR4             00200-0026F              70           1
        SFR5             00280-002EF              70           1
        SFR6             00300-0036F              70           1
        SFR7             00380-003EF              70           1
        SFR8             00400-0046F              70           1
        SFR9             00480-004EF              70           1
        STACK            02044-02063              20           1
        STRCODE          00002-00003               2           2
                         00800-008A8              A9
        STRING           00002-00003               2           2
                         00800-008A8              A9

                                  Symbol Table

?_EEPROMSearchNumber           cstackBANK0  00031
?___lwdiv                      cstackBANK0  00027
?___wmul                       cstackBANK0  00027
EEPROMAdd@aux                  cstackBANK0  00041
EEPROMAdd@empty                cstackBANK0  00042
EEPROMAdd@found                cstackBANK0  0003F
EEPROMAdd@nmbr                 cstackBANK0  0003B
EEPROMAdd@nmbrLenght           cstackBANK0  0003D
EEPROMCheckPassword@pass       cstackBANK0  00031
EEPROMDeleteNumber@address     cstackBANK0  00031
EEPROMDeleteNumber@count       cstackBANK0  00033
EEPROMDeleteNumber@position    cstackBANK0  0002D
EEPROMEraseAll@i               cstackBANK0  0002D
EEPROMSaveNumber@address       cstackBANK0  00039
EEPROMSaveNumber@count         cstackBANK0  00037
EEPROMSaveNumber@nmbr          cstackBANK0  0002D
EEPROMSaveNumber@nmbrLenght    cstackBANK0  0002F
EEPROMSaveNumber@position      cstackBANK0  00030
EEPROMSaveNumber@result        cstackBANK0  00035
EEPROMSearchNumber@aux         cstackBANK0  0003E
EEPROMSearchNumber@count       cstackBANK0  00040
EEPROMSearchNumber@nmbr        cstackBANK0  00031
EEPROMSearchNumber@nmbrLenght  cstackBANK0  00033
EEPROMSearchNumber@result      cstackBANK0  0003C
EEPROMUpdatePassword@pass      cstackBANK0  0002B
EEPROMUpdateVersion@ver        cstackBANK0  0002B
EepromRead@address             cstackBANK0  0002D
EepromRead@data                cstackBANK0  00030
EepromWrite@address            cstackBANK0  00028
EepromWrite@data               cstackBANK0  0002A
GPIOGreenLedBlink@i            cstackBANK0  0002B
GPIOGreenLedBlink@times        cstackBANK0  0002A
GPIORedLedBlink@i              cstackBANK0  0002B
GPIORedLedBlink@times          cstackBANK0  0002A
I2CRead@temp                   cstackBANK0  00028
I2CSend@dat                    cstackBANK0  00027
SIM800Command@add              cstackBANK0  0004F
SIM800DeleteSms@flag           cstackBANK0  0002F
SIM800DeleteSms@index          cstackBANK0  0002D
SIM800LClear@i                 cstackBANK0  0002B
SIM800ReadSms@mem              cstackBANK0  0002D
SIM800SendSms@msg              cstackBANK0  0002F
SIM800SendSms@msg2             cstackBANK0  00031
SIM800SendSms@nmbr             cstackBANK0  0002D
SYSTEMInit@freq                cstackBANK0  00027
USARTHandleRxInt@ci            cstackBANK0  00023
USARTHandleRxInt@ci_602        cstackBANK0  00024
USARTHandleRxInt@ci_603        cstackBANK0  00025
USARTHandleRxInt@ci_604        cstackBANK0  00022
USARTHandleRxInt@ci_605        cstackBANK0  00026
USARTHandleRxInt@data          cstackBANK0  00020
USARTHandleRxInt@end           cstackBANK0  00021
USARTInit@baud_rate            cstackBANK0  00027
USARTWriteChar@ch              cstackBANK0  00027
USARTWriteInt@F3228            bssBANK0     00053
USARTWriteLine@str             cstackBANK0  0002B
USARTWriteString@str           cstackBANK0  00028
_ACKDT                         (abs)        010B5
_ACKEN                         (abs)        010B4
_ANSELB                        (abs)        0018D
_APFCON0bits                   (abs)        0011D
_BAUDCONbits                   (abs)        0019F
_BF                            (abs)        010A0
_CREN                          (abs)        00CEC
_EEPROMAdd                     text20       00ADA
_EEPROMCheckPassword           text19       00BB8
_EEPROMDeleteNumber            text18       00A63
_EEPROMEraseAll                text17       0095E
_EEPROMSaveNumber              text25       00CED
_EEPROMSearchNumber            text15       0076D
_EEPROMUpdatePassword          text14       00E5D
_EEPROMUpdateVersion           text29       00DDF
_EepromRead                    text21       009AB
_EepromWrite                   text30       00927
_GIE                           (abs)        0005F
_GPIOGreenLedBlink             text13       009D6
_GPIOPortInit                  text28       008FF
_GPIORedLedBlink               text12       00A02
_I2CInit                       text27       008D8
_I2CNak                        text24       008B8
_I2CRead                       text23       007F2
_I2CRestart                    text22       008B3
_I2CSend                       text33       008CE
_I2CStart                      text32       008A9
_I2CStop                       text31       008AE
_I2CWait                       text34       008BE
_ISR                           intentry     00004
_LATAbits                      (abs)        0010C
_LATBbits                      (abs)        0010D
_LATCbits                      (abs)        0010E
_OSCCON                        (abs)        00099
_PEIE                          (abs)        0005E
_PEN                           (abs)        010B2
_PIR1bits                      (abs)        00011
_PORTBbits                     (abs)        0000D
_RCEN                          (abs)        010B3
_RCIE                          (abs)        0048D
_RCIF                          (abs)        0008D
_RCREG                         (abs)        00199
_RCSTAbits                     (abs)        0019D
_RSEN                          (abs)        010B1
_SEN                           (abs)        010B0
_SIM800Command                 text7        00366
_SIM800DeleteSms               text6        00A9A
_SIM800L                       (abs)        02064
_SIM800LClear                  text5        00C79
_SIM800ReadSms                 text4        00B6D
_SIM800SendSms                 text8        00C0C
_SIM800init                    text3        00D62
_SPBRG                         (abs)        0019B
_SSPADD                        (abs)        00212
_SSPBUF                        (abs)        00211
_SSPCON                        (abs)        00215
_SSPCON2                       (abs)        00216
_SSPSTAT                       (abs)        00214
_SYSTEMInit                    text2        00983
_TRISA4                        (abs)        00464
_TRISA5                        (abs)        00465
_TRISB4                        (abs)        0046C
_TRISB6                        (abs)        0046E
_TRISB7                        (abs)        0046F
_TRISC0                        (abs)        00470
_TRISC1                        (abs)        00471
_TRISC2                        (abs)        00472
_TRISC4                        (abs)        00474
_TRISC5                        (abs)        00475
_TRISC6                        (abs)        00476
_TRISC7                        (abs)        00477
_TXREG                         (abs)        0019A
_TXSTAbits                     (abs)        0019E
_USARTHandleRxInt              text36       00032
_USARTInit                     text1        00B23
_USARTWriteChar                text11       008C6
_USARTWriteLine                text9        008EF
_USARTWriteString              text10       00910
_WDTCONbits                    (abs)        00097
__CFG_BOREN$ON                 (abs)        00000
__CFG_BORV$LO                  (abs)        00000
__CFG_CLKOUTEN$OFF             (abs)        00000
__CFG_CP$ON                    (abs)        00000
__CFG_CPD$ON                   (abs)        00000
__CFG_FCMEN$ON                 (abs)        00000
__CFG_FOSC$INTOSC              (abs)        00000
__CFG_IESO$ON                  (abs)        00000
__CFG_LVP$OFF                  (abs)        00000
__CFG_MCLRE$OFF                (abs)        00000
__CFG_PLLEN$ON                 (abs)        00000
__CFG_PWRTE$ON                 (abs)        00000
__CFG_STVREN$ON                (abs)        00000
__CFG_WDTE$ON                  (abs)        00000
__CFG_WRT$OFF                  (abs)        00000
__Habs1                        abs1         00000
__Hbank0                       bank0        00000
__Hbank1                       bank1        00000
__Hbank10                      bank10       00000
__Hbank11                      bank11       00000
__Hbank12                      bank12       00000
__Hbank13                      bank13       00000
__Hbank14                      bank14       00000
__Hbank15                      bank15       00000
__Hbank16                      bank16       00000
__Hbank17                      bank17       00000
__Hbank18                      bank18       00000
__Hbank19                      bank19       00000
__Hbank2                       bank2        00000
__Hbank20                      bank20       00000
__Hbank21                      bank21       00000
__Hbank22                      bank22       00000
__Hbank23                      bank23       00000
__Hbank24                      bank24       00000
__Hbank25                      bank25       00000
__Hbank26                      bank26       00000
__Hbank27                      bank27       00000
__Hbank28                      bank28       00000
__Hbank29                      bank29       00000
__Hbank3                       bank3        00000
__Hbank30                      bank30       00000
__Hbank31                      bank31       00000
__Hbank4                       bank4        00000
__Hbank5                       bank5        00000
__Hbank6                       bank6        00000
__Hbank7                       bank7        00000
__Hbank8                       bank8        00000
__Hbank9                       bank9        00000
__Hbigram                      bigram       00000
__HbssBANK0                    bssBANK0     00000
__HbssCOMMON                   bssCOMMON    00000
__Hcinit                       cinit        00032
__Hclrtext                     clrtext      00000
__Hcode                        code         00000
__Hcommon                      common       00000
__Hconfig                      config       08009
__HcstackBANK0                 cstackBANK0  00000
__HcstackCOMMON                cstackCOMMON 00000
__Heeprom_data                 eeprom_data  00000
__Hend_init                    end_init     00018
__Hfunctab                     functab      00000
__Hidloc                       idloc        00000
__Hinit                        init         00016
__Hintentry                    intentry     00016
__Hmaintext                    maintext     00000
__Hpowerup                     powerup      00000
__Hram                         ram          00000
__Hreset_vec                   reset_vec    00002
__Hsfr0                        sfr0         00000
__Hsfr1                        sfr1         00000
__Hsfr10                       sfr10        00000
__Hsfr11                       sfr11        00000
__Hsfr12                       sfr12        00000
__Hsfr13                       sfr13        00000
__Hsfr14                       sfr14        00000
__Hsfr15                       sfr15        00000
__Hsfr16                       sfr16        00000
__Hsfr17                       sfr17        00000
__Hsfr18                       sfr18        00000
__Hsfr19                       sfr19        00000
__Hsfr2                        sfr2         00000
__Hsfr20                       sfr20        00000
__Hsfr21                       sfr21        00000
__Hsfr22                       sfr22        00000
__Hsfr23                       sfr23        00000
__Hsfr24                       sfr24        00000
__Hsfr25                       sfr25        00000
__Hsfr26                       sfr26        00000
__Hsfr27                       sfr27        00000
__Hsfr28                       sfr28        00000
__Hsfr29                       sfr29        00000
__Hsfr3                        sfr3         00000
__Hsfr30                       sfr30        00000
__Hsfr31                       sfr31        00000
__Hsfr4                        sfr4         00000
__Hsfr5                        sfr5         00000
__Hsfr6                        sfr6         00000
__Hsfr7                        sfr7         00000
__Hsfr8                        sfr8         00000
__Hsfr9                        sfr9         00000
__Hspace_0                     (abs)        08009
__Hspace_1                     (abs)        0007D
__Hspace_2                     (abs)        00000
__Hspace_3                     (abs)        00000
__Hstack                       stack        00000
__Hstrings                     strings      00000
__Hstringtext                  stringtext   00000
__Htext                        text         00000
__Labs1                        abs1         00000
__Lbank0                       bank0        00000
__Lbank1                       bank1        00000
__Lbank10                      bank10       00000
__Lbank11                      bank11       00000
__Lbank12                      bank12       00000
__Lbank13                      bank13       00000
__Lbank14                      bank14       00000
__Lbank15                      bank15       00000
__Lbank16                      bank16       00000
__Lbank17                      bank17       00000
__Lbank18                      bank18       00000
__Lbank19                      bank19       00000
__Lbank2                       bank2        00000
__Lbank20                      bank20       00000
__Lbank21                      bank21       00000
__Lbank22                      bank22       00000
__Lbank23                      bank23       00000
__Lbank24                      bank24       00000
__Lbank25                      bank25       00000
__Lbank26                      bank26       00000
__Lbank27                      bank27       00000
__Lbank28                      bank28       00000
__Lbank29                      bank29       00000
__Lbank3                       bank3        00000
__Lbank30                      bank30       00000
__Lbank31                      bank31       00000
__Lbank4                       bank4        00000
__Lbank5                       bank5        00000
__Lbank6                       bank6        00000
__Lbank7                       bank7        00000
__Lbank8                       bank8        00000
__Lbank9                       bank9        00000
__Lbigram                      bigram       00000
__LbssBANK0                    bssBANK0     00000
__LbssCOMMON                   bssCOMMON    00000
__Lcinit                       cinit        00018
__Lclrtext                     clrtext      00000
__Lcode                        code         00000
__Lcommon                      common       00000
__Lconfig                      config       08007
__LcstackBANK0                 cstackBANK0  00000
__LcstackCOMMON                cstackCOMMON 00000
__Leeprom_data                 eeprom_data  00000
__Lend_init                    end_init     00016
__Lfunctab                     functab      00000
__Lidloc                       idloc        00000
__Linit                        init         00016
__Lintentry                    intentry     00004
__Lmaintext                    maintext     00000
__Lpowerup                     powerup      00000
__Lram                         ram          00000
__Lreset_vec                   reset_vec    00000
__Lsfr0                        sfr0         00000
__Lsfr1                        sfr1         00000
__Lsfr10                       sfr10        00000
__Lsfr11                       sfr11        00000
__Lsfr12                       sfr12        00000
__Lsfr13                       sfr13        00000
__Lsfr14                       sfr14        00000
__Lsfr15                       sfr15        00000
__Lsfr16                       sfr16        00000
__Lsfr17                       sfr17        00000
__Lsfr18                       sfr18        00000
__Lsfr19                       sfr19        00000
__Lsfr2                        sfr2         00000
__Lsfr20                       sfr20        00000
__Lsfr21                       sfr21        00000
__Lsfr22                       sfr22        00000
__Lsfr23                       sfr23        00000
__Lsfr24                       sfr24        00000
__Lsfr25                       sfr25        00000
__Lsfr26                       sfr26        00000
__Lsfr27                       sfr27        00000
__Lsfr28                       sfr28        00000
__Lsfr29                       sfr29        00000
__Lsfr3                        sfr3         00000
__Lsfr30                       sfr30        00000
__Lsfr31                       sfr31        00000
__Lsfr4                        sfr4         00000
__Lsfr5                        sfr5         00000
__Lsfr6                        sfr6         00000
__Lsfr7                        sfr7         00000
__Lsfr8                        sfr8         00000
__Lsfr9                        sfr9         00000
__Lspace_0                     (abs)        00000
__Lspace_1                     (abs)        00000
__Lspace_2                     (abs)        00000
__Lspace_3                     (abs)        00000
__Lstack                       stack        00000
__Lstrings                     strings      00000
__Lstringtext                  stringtext   00000
__Ltext                        text         00000
__S0                           (abs)        08009
__S1                           (abs)        0007D
__S2                           (abs)        00000
__S3                           (abs)        00000
___int_sp                      stack        00000
___latbits                     (abs)        00001
___lwdiv                       text16       00A2E
___lwdiv@counter               cstackBANK0  0002E
___lwdiv@dividend              cstackBANK0  00029
___lwdiv@divisor               cstackBANK0  00027
___lwdiv@quotient              cstackBANK0  0002C
___sp                          stack        00000
___wmul                        text26       00942
___wmul@multiplicand           cstackBANK0  00029
___wmul@multiplier             cstackBANK0  00027
___wmul@product                cstackBANK0  0002B
__end_of_EEPROMAdd             text20       00B23
__end_of_EEPROMCheckPassword   text19       00C0C
__end_of_EEPROMDeleteNumber    text18       00A9A
__end_of_EEPROMEraseAll        text17       00983
__end_of_EEPROMSaveNumber      text25       00D62
__end_of_EEPROMSearchNumber    text15       007F2
__end_of_EEPROMUpdatePassword  text14       00EDB
__end_of_EEPROMUpdateVersion   text29       00E5D
__end_of_EepromRead            text21       009D6
__end_of_EepromWrite           text30       00942
__end_of_GPIOGreenLedBlink     text13       00A02
__end_of_GPIOPortInit          text28       00910
__end_of_GPIORedLedBlink       text12       00A2E
__end_of_I2CInit               text27       008E3
__end_of_I2CNak                text24       008BE
__end_of_I2CRead               text23       00800
__end_of_I2CRestart            text22       008B8
__end_of_I2CSend               text33       008D8
__end_of_I2CStart              text32       008AE
__end_of_I2CStop               text31       008B3
__end_of_I2CWait               text34       008C6
__end_of_ISR                   intentry     00016
__end_of_SIM800Command         text7        00638
__end_of_SIM800DeleteSms       text6        00ADA
__end_of_SIM800LClear          text5        00CED
__end_of_SIM800ReadSms         text4        00BB8
__end_of_SIM800SendSms         text8        00C79
__end_of_SIM800init            text3        00DDF
__end_of_SYSTEMInit            text2        009AB
__end_of_USARTHandleRxInt      text36       00366
__end_of_USARTInit             text1        00B6D
__end_of_USARTWriteChar        text11       008CE
__end_of_USARTWriteLine        text9        008FF
__end_of_USARTWriteString      text10       00927
__end_of___lwdiv               text16       00A63
__end_of___wmul                text26       0095E
__end_of__initialization       cinit        0002E
__end_of_main                  maintext     01000
__initialization               cinit        00018
__pbssBANK0                    bssBANK0     00053
__pbssBIGRAM                   (abs)        02064
__pbssCOMMON                   bssCOMMON    0007C
__pcstackBANK0                 cstackBANK0  00020
__pcstackCOMMON                cstackCOMMON 00070
__pintentry                    intentry     00004
__pmaintext                    maintext     00EDB
__pstringtext                  stringtext   00638
__ptext1                       text1        00B23
__ptext10                      text10       00910
__ptext11                      text11       008C6
__ptext12                      text12       00A02
__ptext13                      text13       009D6
__ptext14                      text14       00E5D
__ptext15                      text15       0076D
__ptext16                      text16       00A2E
__ptext17                      text17       0095E
__ptext18                      text18       00A63
__ptext19                      text19       00BB8
__ptext2                       text2        00983
__ptext20                      text20       00ADA
__ptext21                      text21       009AB
__ptext22                      text22       008B3
__ptext23                      text23       007F2
__ptext24                      text24       008B8
__ptext25                      text25       00CED
__ptext26                      text26       00942
__ptext27                      text27       008D8
__ptext28                      text28       008FF
__ptext29                      text29       00DDF
__ptext3                       text3        00D62
__ptext30                      text30       00927
__ptext31                      text31       008AE
__ptext32                      text32       008A9
__ptext33                      text33       008CE
__ptext34                      text34       008BE
__ptext36                      text36       00032
__ptext4                       text4        00B6D
__ptext5                       text5        00C79
__ptext6                       text6        00A9A
__ptext7                       text7        00366
__ptext8                       text8        00C0C
__ptext9                       text9        008EF
__size_of_EEPROMAdd            (abs)        00000
__size_of_EEPROMCheckPassword  (abs)        00000
__size_of_EEPROMDeleteNumber   (abs)        00000
__size_of_EEPROMEraseAll       (abs)        00000
__size_of_EEPROMSaveNumber     (abs)        00000
__size_of_EEPROMSearchNumber   (abs)        00000
__size_of_EEPROMUpdatePassword (abs)        00000
__size_of_EEPROMUpdateVersion  (abs)        00000
__size_of_EepromRead           (abs)        00000
__size_of_EepromWrite          (abs)        00000
__size_of_GPIOGreenLedBlink    (abs)        00000
__size_of_GPIOPortInit         (abs)        00000
__size_of_GPIORedLedBlink      (abs)        00000
__size_of_I2CInit              (abs)        00000
__size_of_I2CNak               (abs)        00000
__size_of_I2CRead              (abs)        00000
__size_of_I2CRestart           (abs)        00000
__size_of_I2CSend              (abs)        00000
__size_of_I2CStart             (abs)        00000
__size_of_I2CStop              (abs)        00000
__size_of_I2CWait              (abs)        00000
__size_of_ISR                  (abs)        00000
__size_of_SIM800Command        (abs)        00000
__size_of_SIM800DeleteSms      (abs)        00000
__size_of_SIM800LClear         (abs)        00000
__size_of_SIM800ReadSms        (abs)        00000
__size_of_SIM800SendSms        (abs)        00000
__size_of_SIM800init           (abs)        00000
__size_of_SYSTEMInit           (abs)        00000
__size_of_USARTHandleRxInt     (abs)        00000
__size_of_USARTInit            (abs)        00000
__size_of_USARTWriteChar       (abs)        00000
__size_of_USARTWriteLine       (abs)        00000
__size_of_USARTWriteString     (abs)        00000
__size_of___lwdiv              (abs)        00000
__size_of___wmul               (abs)        00000
__size_of_main                 (abs)        00000
_bufque                        bssBANK0     0005C
_chkcount                      bssBANK0     0005D
_i                             bssBANK0     0005E
_main                          maintext     00EDB
_password                      bssBANK0     00058
_password_empty                bssBANK0     00060
_task                          bssBANK0     0005F
btemp                          (abs)        0007E
clear_ram0                     clrtext      008E3
end_of_initialization          cinit        0002E
int$flags                      (abs)        0007E
intlevel0                      functab      00000
intlevel1                      functab      00000
intlevel2                      functab      00000
intlevel3                      functab      00000
intlevel4                      functab      00000
intlevel5                      functab      00000
ltemp                          (abs)        0007E
ltemp0                         (abs)        0007E
ltemp1                         (abs)        00082
ltemp2                         (abs)        00086
ltemp3                         (abs)        00080
reset_vec                      reset_vec    00000
stackhi                        (abs)        02063
stacklo                        (abs)        02044
start                          init         00016
start_initialization           cinit        00018
ttemp                          (abs)        0007E
ttemp0                         (abs)        0007E
ttemp1                         (abs)        00081
ttemp2                         (abs)        00084
ttemp3                         (abs)        00087
ttemp4                         (abs)        0007F
wtemp                          (abs)        0007E
wtemp0                         (abs)        0007E
wtemp1                         (abs)        00080
wtemp2                         (abs)        00082
wtemp3                         (abs)        00084
wtemp4                         (abs)        00086
wtemp5                         (abs)        00088
wtemp6                         (abs)        0007F


FUNCTION INFORMATION:

 *************** function _main *****************
 Defined at:
		line 14 in file "main.c"
 Parameters:    Size  Location     Type
		None
 Auto vars:     Size  Location     Type
		None
 Return value:  Size  Location     Type
                  1    wreg      void 
 Registers used:
		wreg, fsr0l, fsr0h, fsr1l, fsr1h, status,2, status,0, pclath, cstack
 Tracked objects:
		On entry : 
		On exit  : 
		Unchanged: 
 Data sizes:     COMMON   BANK0   BANK1   BANK2
      Params:         0       0       0       0
      Locals:         0       0       0       0
      Temps:          0       3       0       0
      Totals:         0       3       0       0
Total ram usage:        3 bytes
 Hardware stack levels required when called:    8
 This function calls:
		_EEPROMCheckPassword
		_EEPROMSearchNumber
		_EEPROMUpdatePassword
		_EEPROMUpdateVersion
		_GPIOGreenLedBlink
		_GPIOPortInit
		_GPIORedLedBlink
		_I2CInit
		_SIM800Command
		_SIM800DeleteSms
		_SIM800LClear
		_SIM800ReadSms
		_SIM800SendSms
		_SIM800init
		_SYSTEMInit
		_USARTInit
		_USARTWriteLine
 This function is called by:
		Startup code after reset
 This function uses a non-reentrant model


 *************** function _USARTInit *****************
 Defined at:
		line 6 in file "usart.c"
 Parameters:    Size  Location     Type
  baud_rate       2    7[BANK0 ] unsigned int 
 Auto vars:     Size  Location     Type
		None
 Return value:  Size  Location     Type
                  1    wreg      void 
 Registers used:
		wreg, fsr0l, fsr0h, status,2, status,0
 Tracked objects:
		On entry : 
		On exit  : 
		Unchanged: 
 Data sizes:     COMMON   BANK0   BANK1   BANK2
      Params:         0       2       0       0
      Locals:         0       0       0       0
      Temps:          0       0       0       0
      Totals:         0       2       0       0
Total ram usage:        2 bytes
 Hardware stack levels used:    1
 Hardware stack levels required when called:    2
 This function calls:
		Nothing
 This function is called by:
		_main
 This function uses a non-reentrant model


 *************** function _SYSTEMInit *****************
 Defined at:
		line 24 in file "system.c"
 Parameters:    Size  Location     Type
  freq            1    wreg     unsigned char 
 Auto vars:     Size  Location     Type
  freq            1    7[BANK0 ] unsigned char 
 Return value:  Size  Location     Type
                  1    wreg      void 
 Registers used:
		wreg, fsr0l, fsr0h, status,2, status,0
 Tracked objects:
		On entry : 
		On exit  : 
		Unchanged: 
 Data sizes:     COMMON   BANK0   BANK1   BANK2
      Params:         0       0       0       0
      Locals:         0       1       0       0
      Temps:          0       0       0       0
      Totals:         0       1       0       0
Total ram usage:        1 bytes
 Hardware stack levels used:    1
 Hardware stack levels required when called:    2
 This function calls:
		Nothing
 This function is called by:
		_main
 This function uses a non-reentrant model


 *************** function _SIM800init *****************
 Defined at:
		line 7 in file "sim800l.c"
 Parameters:    Size  Location     Type
		None
 Auto vars:     Size  Location     Type
		None
 Return value:  Size  Location     Type
                  1    wreg      unsigned char 
 Registers used:
		wreg, fsr0l, fsr0h, status,2, status,0, pclath, cstack
 Tracked objects:
		On entry : 
		On exit  : 
		Unchanged: 
 Data sizes:     COMMON   BANK0   BANK1   BANK2
      Params:         0       0       0       0
      Locals:         0       0       0       0
      Temps:          0       3       0       0
      Totals:         0       3       0       0
Total ram usage:        3 bytes
 Hardware stack levels used:    1
 Hardware stack levels required when called:    5
 This function calls:
		_USARTWriteLine
 This function is called by:
		_main
 This function uses a non-reentrant model


 *************** function _SIM800ReadSms *****************
 Defined at:
		line 49 in file "sim800l.c"
 Parameters:    Size  Location     Type
  mem             2   13[BANK0 ] PTR const unsigned char 
		 -> SIM800L.smsmem(5), SIM800L(140), 
 Auto vars:     Size  Location     Type
		None
 Return value:  Size  Location     Type
                  1    wreg      unsigned char 
 Registers used:
		wreg, fsr0l, fsr0h, status,2, status,0, pclath, cstack
 Tracked objects:
		On entry : 
		On exit  : 
		Unchanged: 
 Data sizes:     COMMON   BANK0   BANK1   BANK2
      Params:         0       2       0       0
      Locals:         0       0       0       0
      Temps:          0       3       0       0
      Totals:         0       5       0       0
Total ram usage:        5 bytes
 Hardware stack levels used:    1
 Hardware stack levels required when called:    5
 This function calls:
		_USARTWriteLine
		_USARTWriteString
 This function is called by:
		_main
 This function uses a non-reentrant model


 *************** function _SIM800LClear *****************
 Defined at:
		line 156 in file "sim800l.c"
 Parameters:    Size  Location     Type
		None
 Auto vars:     Size  Location     Type
  i               1   11[BANK0 ] unsigned char 
 Return value:  Size  Location     Type
                  1    wreg      void 
 Registers used:
		wreg, fsr1l, fsr1h, status,2, status,0
 Tracked objects:
		On entry : 
		On exit  : 
		Unchanged: 
 Data sizes:     COMMON   BANK0   BANK1   BANK2
      Params:         0       0       0       0
      Locals:         0       1       0       0
      Temps:          0       4       0       0
      Totals:         0       5       0       0
Total ram usage:        5 bytes
 Hardware stack levels used:    1
 Hardware stack levels required when called:    2
 This function calls:
		Nothing
 This function is called by:
		_main
 This function uses a non-reentrant model


 *************** function _SIM800DeleteSms *****************
 Defined at:
		line 60 in file "sim800l.c"
 Parameters:    Size  Location     Type
  index           2   13[BANK0 ] PTR const unsigned char 
		 -> STR_32(2), 
  flag            2   15[BANK0 ] PTR const unsigned char 
		 -> STR_33(2), 
 Auto vars:     Size  Location     Type
		None
 Return value:  Size  Location     Type
                  1    wreg      unsigned char 
 Registers used:
		wreg, fsr0l, fsr0h, status,2, status,0, pclath, cstack
 Tracked objects:
		On entry : 
		On exit  : 
		Unchanged: 
 Data sizes:     COMMON   BANK0   BANK1   BANK2
      Params:         0       4       0       0
      Locals:         0       0       0       0
      Temps:          0       3       0       0
      Totals:         0       7       0       0
Total ram usage:        7 bytes
 Hardware stack levels used:    1
 Hardware stack levels required when called:    5
 This function calls:
		_USARTWriteChar
		_USARTWriteLine
		_USARTWriteString
 This function is called by:
		_main
 This function uses a non-reentrant model


 *************** function _SIM800Command *****************
 Defined at:
		line 72 in file "sim800l.c"
 Parameters:    Size  Location     Type
		None
 Auto vars:     Size  Location     Type
  add             1   47[BANK0 ] unsigned char 
 Return value:  Size  Location     Type
                  1    wreg      unsigned char 
 Registers used:
		wreg, fsr0l, fsr0h, fsr1l, fsr1h, status,2, status,0, pclath, cstack
 Tracked objects:
		On entry : 
		On exit  : 
		Unchanged: 
 Data sizes:     COMMON   BANK0   BANK1   BANK2
      Params:         0       0       0       0
      Locals:         0       1       0       0
      Temps:          0      11       0       0
      Totals:         0      12       0       0
Total ram usage:       12 bytes
 Hardware stack levels used:    1
 Hardware stack levels required when called:    7
 This function calls:
		_EEPROMAdd
		_EEPROMCheckPassword
		_EEPROMDeleteNumber
		_EEPROMEraseAll
		_EEPROMSearchNumber
		_EEPROMUpdatePassword
		_GPIOGreenLedBlink
		_GPIORedLedBlink
		_SIM800SendSms
 This function is called by:
		_main
 This function uses a non-reentrant model


 *************** function _SIM800SendSms *****************
 Defined at:
		line 31 in file "sim800l.c"
 Parameters:    Size  Location     Type
  nmbr            2   13[BANK0 ] PTR const unsigned char 
		 -> STR_26(11), SIM800L.sender_cell(15), SIM800L.cell(15), SIM800L(140), 
  msg             2   15[BANK0 ] PTR const unsigned char 
		 -> STR_27(15), STR_23(24), STR_21(25), STR_19(29), 
		 -> STR_18(28), STR_16(27), STR_15(23), STR_13(27), 
  msg2            2   17[BANK0 ] PTR const unsigned char 
		 -> STR_28(1), SIM800L.csq(5), STR_20(1), STR_17(1), 
		 -> STR_14(1), SIM800L.cell(15), SIM800L(140), 
 Auto vars:     Size  Location     Type
		None
 Return value:  Size  Location     Type
                  1    wreg      unsigned char 
 Registers used:
		wreg, fsr0l, fsr0h, status,2, status,0, pclath, cstack
 Tracked objects:
		On entry : 
		On exit  : 
		Unchanged: 
 Data sizes:     COMMON   BANK0   BANK1   BANK2
      Params:         0       6       0       0
      Locals:         0       0       0       0
      Temps:          0       3       0       0
      Totals:         0       9       0       0
Total ram usage:        9 bytes
 Hardware stack levels used:    1
 Hardware stack levels required when called:    5
 This function calls:
		_USARTWriteChar
		_USARTWriteLine
		_USARTWriteString
 This function is called by:
		_SIM800Command
		_main
 This function uses a non-reentrant model


 *************** function _USARTWriteLine *****************
 Defined at:
		line 67 in file "usart.c"
 Parameters:    Size  Location     Type
  str             2   11[BANK0 ] PTR const unsigned char 
		 -> STR_31(6), STR_30(9), STR_29(9), STR_11(9), 
		 -> STR_9(9), STR_8(14), STR_6(10), STR_5(14), 
		 -> STR_4(12), STR_3(7), STR_2(5), STR_1(3), 
 Auto vars:     Size  Location     Type
		None
 Return value:  Size  Location     Type
                  1    wreg      void 
 Registers used:
		wreg, fsr0l, fsr0h, status,2, status,0, pclath, cstack
 Tracked objects:
		On entry : 
		On exit  : 
		Unchanged: 
 Data sizes:     COMMON   BANK0   BANK1   BANK2
      Params:         0       2       0       0
      Locals:         0       0       0       0
      Temps:          0       0       0       0
      Totals:         0       2       0       0
Total ram usage:        2 bytes
 Hardware stack levels used:    1
 Hardware stack levels required when called:    4
 This function calls:
		_USARTWriteChar
		_USARTWriteString
 This function is called by:
		_SIM800init
		_SIM800SendSms
		_SIM800ReadSms
		_SIM800DeleteSms
		_main
		_EEPROMPrint
 This function uses a non-reentrant model


 *************** function _USARTWriteString *****************
 Defined at:
		line 58 in file "usart.c"
 Parameters:    Size  Location     Type
  str             2    8[BANK0 ] PTR const unsigned char 
		 -> STR_33(2), STR_32(2), STR_31(6), STR_30(9), 
		 -> STR_29(9), STR_28(1), STR_27(15), STR_26(11), 
		 -> SIM800L.smsmem(5), SIM800L.csq(5), STR_23(24), STR_21(25), 
		 -> STR_20(1), STR_19(29), STR_18(28), STR_17(1), 
		 -> STR_16(27), STR_15(23), SIM800L.sender_cell(15), STR_14(1), 
		 -> STR_13(27), SIM800L.cell(15), SIM800L(140), STR_12(3), 
		 -> STR_11(9), STR_10(3), STR_9(9), STR_8(14), 
		 -> STR_7(4), STR_6(10), STR_5(14), STR_4(12), 
		 -> STR_3(7), STR_2(5), STR_1(3), 
 Auto vars:     Size  Location     Type
		None
 Return value:  Size  Location     Type
                  1    wreg      void 
 Registers used:
		wreg, fsr0l, fsr0h, status,2, status,0, pclath, cstack
 Tracked objects:
		On entry : 
		On exit  : 
		Unchanged: 
 Data sizes:     COMMON   BANK0   BANK1   BANK2
      Params:         0       2       0       0
      Locals:         0       0       0       0
      Temps:          0       1       0       0
      Totals:         0       3       0       0
Total ram usage:        3 bytes
 Hardware stack levels used:    1
 Hardware stack levels required when called:    3
 This function calls:
		_USARTWriteChar
 This function is called by:
		_SIM800SendSms
		_SIM800ReadSms
		_SIM800DeleteSms
		_USARTWriteLine
 This function uses a non-reentrant model


 *************** function _USARTWriteChar *****************
 Defined at:
		line 52 in file "usart.c"
 Parameters:    Size  Location     Type
  ch              1    wreg     unsigned char 
 Auto vars:     Size  Location     Type
  ch              1    7[BANK0 ] unsigned char 
 Return value:  Size  Location     Type
                  1    wreg      void 
 Registers used:
		wreg
 Tracked objects:
		On entry : 
		On exit  : 
		Unchanged: 
 Data sizes:     COMMON   BANK0   BANK1   BANK2
      Params:         0       0       0       0
      Locals:         0       1       0       0
      Temps:          0       0       0       0
      Totals:         0       1       0       0
Total ram usage:        1 bytes
 Hardware stack levels used:    1
 Hardware stack levels required when called:    2
 This function calls:
		Nothing
 This function is called by:
		_SIM800SendSms
		_SIM800DeleteSms
		_USARTWriteString
		_USARTWriteLine
		_EEPROMPrint
		_USARTWriteInt
		_USARTGotoNewLine
 This function uses a non-reentrant model


 *************** function _GPIORedLedBlink *****************
 Defined at:
		line 27 in file "gpio.c"
 Parameters:    Size  Location     Type
  times           1    wreg     unsigned char 
 Auto vars:     Size  Location     Type
  times           1   10[BANK0 ] unsigned char 
  i               1   11[BANK0 ] unsigned char 
 Return value:  Size  Location     Type
                  1    wreg      void 
 Registers used:
		wreg, status,2, status,0
 Tracked objects:
		On entry : 
		On exit  : 
		Unchanged: 
 Data sizes:     COMMON   BANK0   BANK1   BANK2
      Params:         0       0       0       0
      Locals:         0       2       0       0
      Temps:          0       3       0       0
      Totals:         0       5       0       0
Total ram usage:        5 bytes
 Hardware stack levels used:    1
 Hardware stack levels required when called:    2
 This function calls:
		Nothing
 This function is called by:
		_SIM800Command
		_main
 This function uses a non-reentrant model


 *************** function _GPIOGreenLedBlink *****************
 Defined at:
		line 51 in file "gpio.c"
 Parameters:    Size  Location     Type
  times           1    wreg     unsigned char 
 Auto vars:     Size  Location     Type
  times           1   10[BANK0 ] unsigned char 
  i               1   11[BANK0 ] unsigned char 
 Return value:  Size  Location     Type
                  1    wreg      void 
 Registers used:
		wreg, status,2, status,0
 Tracked objects:
		On entry : 
		On exit  : 
		Unchanged: 
 Data sizes:     COMMON   BANK0   BANK1   BANK2
      Params:         0       0       0       0
      Locals:         0       2       0       0
      Temps:          0       3       0       0
      Totals:         0       5       0       0
Total ram usage:        5 bytes
 Hardware stack levels used:    1
 Hardware stack levels required when called:    2
 This function calls:
		Nothing
 This function is called by:
		_SIM800Command
		_main
 This function uses a non-reentrant model


 *************** function _EEPROMUpdatePassword *****************
 Defined at:
		line 243 in file "eeprom.c"
 Parameters:    Size  Location     Type
  pass            2   11[BANK0 ] PTR const unsigned char 
		 -> STR_25(5), SIM800L.password(5), STR_22(5), SIM800L(140), 
 Auto vars:     Size  Location     Type
		None
 Return value:  Size  Location     Type
                  1    wreg      void 
 Registers used:
		wreg, fsr0l, fsr0h, status,2, status,0, pclath, cstack
 Tracked objects:
		On entry : 
		On exit  : 
		Unchanged: 
 Data sizes:     COMMON   BANK0   BANK1   BANK2
      Params:         0       2       0       0
      Locals:         0       0       0       0
      Temps:          0       3       0       0
      Totals:         0       5       0       0
Total ram usage:        5 bytes
 Hardware stack levels used:    1
 Hardware stack levels required when called:    5
 This function calls:
		_EepromWrite
 This function is called by:
		_SIM800Command
		_main
 This function uses a non-reentrant model


 *************** function _EEPROMSearchNumber *****************
 Defined at:
		line 174 in file "eeprom.c"
 Parameters:    Size  Location     Type
  nmbr            2   17[BANK0 ] PTR const unsigned char 
		 -> SIM800L.sender_cell(15), SIM800L.cell(15), SIM800L(140), 
  nmbrLenght      1   19[BANK0 ] unsigned char 
 Auto vars:     Size  Location     Type
  count           2   32[BANK0 ] unsigned int 
  aux             2   30[BANK0 ] unsigned int 
  result          2   28[BANK0 ] unsigned int 
 Return value:  Size  Location     Type
                  2   17[BANK0 ] unsigned int 
 Registers used:
		wreg, fsr1l, fsr1h, status,2, status,0, pclath, cstack
 Tracked objects:
		On entry : 
		On exit  : 
		Unchanged: 
 Data sizes:     COMMON   BANK0   BANK1   BANK2
      Params:         0       3       0       0
      Locals:         0       6       0       0
      Temps:          0       8       0       0
      Totals:         0      17       0       0
Total ram usage:       17 bytes
 Hardware stack levels used:    1
 Hardware stack levels required when called:    5
 This function calls:
		_EepromRead
		___lwdiv
 This function is called by:
		_SIM800Command
		_main
 This function uses a non-reentrant model


 *************** function ___lwdiv *****************
 Defined at:
		line 6 in file "C:\Program Files (x86)\Microchip\xc8\v1.38\sources\common\lwdiv.c"
 Parameters:    Size  Location     Type
  divisor         2    7[BANK0 ] unsigned int 
  dividend        2    9[BANK0 ] unsigned int 
 Auto vars:     Size  Location     Type
  quotient        2   12[BANK0 ] unsigned int 
  counter         1   14[BANK0 ] unsigned char 
 Return value:  Size  Location     Type
                  2    7[BANK0 ] unsigned int 
 Registers used:
		wreg, status,2, status,0
 Tracked objects:
		On entry : 
		On exit  : 
		Unchanged: 
 Data sizes:     COMMON   BANK0   BANK1   BANK2
      Params:         0       4       0       0
      Locals:         0       3       0       0
      Temps:          0       1       0       0
      Totals:         0       8       0       0
Total ram usage:        8 bytes
 Hardware stack levels used:    1
 Hardware stack levels required when called:    2
 This function calls:
		Nothing
 This function is called by:
		_EEPROMSearchNumber
 This function uses a non-reentrant model


 *************** function _EEPROMEraseAll *****************
 Defined at:
		line 202 in file "eeprom.c"
 Parameters:    Size  Location     Type
		None
 Auto vars:     Size  Location     Type
  i               2   13[BANK0 ] unsigned int 
 Return value:  Size  Location     Type
                  1    wreg      void 
 Registers used:
		wreg, status,2, status,0, pclath, cstack
 Tracked objects:
		On entry : 
		On exit  : 
		Unchanged: 
 Data sizes:     COMMON   BANK0   BANK1   BANK2
      Params:         0       0       0       0
      Locals:         0       2       0       0
      Temps:          0       2       0       0
      Totals:         0       4       0       0
Total ram usage:        4 bytes
 Hardware stack levels used:    1
 Hardware stack levels required when called:    5
 This function calls:
		_EepromWrite
 This function is called by:
		_SIM800Command
 This function uses a non-reentrant model


 *************** function _EEPROMDeleteNumber *****************
 Defined at:
		line 161 in file "eeprom.c"
 Parameters:    Size  Location     Type
  position        2   13[BANK0 ] unsigned int 
 Auto vars:     Size  Location     Type
  address         2   17[BANK0 ] unsigned int 
  count           1   19[BANK0 ] unsigned char 
 Return value:  Size  Location     Type
                  1    wreg      unsigned char 
 Registers used:
		wreg, status,2, status,0, pclath, cstack
 Tracked objects:
		On entry : 
		On exit  : 
		Unchanged: 
 Data sizes:     COMMON   BANK0   BANK1   BANK2
      Params:         0       2       0       0
      Locals:         0       3       0       0
      Temps:          0       2       0       0
      Totals:         0       7       0       0
Total ram usage:        7 bytes
 Hardware stack levels used:    1
 Hardware stack levels required when called:    5
 This function calls:
		_EepromWrite
		___wmul
 This function is called by:
		_SIM800Command
 This function uses a non-reentrant model


 *************** function _EEPROMCheckPassword *****************
 Defined at:
		line 268 in file "eeprom.c"
 Parameters:    Size  Location     Type
  pass            2   17[BANK0 ] PTR const unsigned char 
		 -> password_empty(4), SIM800L.command(25), SIM800L(140), 
 Auto vars:     Size  Location     Type
		None
 Return value:  Size  Location     Type
                  1    wreg      unsigned char 
 Registers used:
		wreg, fsr1l, fsr1h, status,2, status,0, pclath, cstack
 Tracked objects:
		On entry : 
		On exit  : 
		Unchanged: 
 Data sizes:     COMMON   BANK0   BANK1   BANK2
      Params:         0       2       0       0
      Locals:         0       0       0       0
      Temps:          0       1       0       0
      Totals:         0       3       0       0
Total ram usage:        3 bytes
 Hardware stack levels used:    1
 Hardware stack levels required when called:    5
 This function calls:
		_EepromRead
 This function is called by:
		_SIM800Command
		_main
 This function uses a non-reentrant model


 *************** function _EEPROMAdd *****************
 Defined at:
		line 226 in file "eeprom.c"
 Parameters:    Size  Location     Type
  nmbr            2   27[BANK0 ] PTR const unsigned char 
		 -> SIM800L.cell(15), SIM800L(140), 
  nmbrLenght      1   29[BANK0 ] unsigned char 
 Auto vars:     Size  Location     Type
  empty           2   34[BANK0 ] unsigned int 
  found           2   31[BANK0 ] unsigned int 
  aux             1   33[BANK0 ] unsigned char 
 Return value:  Size  Location     Type
                  1    wreg      unsigned char 
 Registers used:
		wreg, fsr1l, fsr1h, status,2, status,0, pclath, cstack
 Tracked objects:
		On entry : 
		On exit  : 
		Unchanged: 
 Data sizes:     COMMON   BANK0   BANK1   BANK2
      Params:         0       3       0       0
      Locals:         0       5       0       0
      Temps:          0       1       0       0
      Totals:         0       9       0       0
Total ram usage:        9 bytes
 Hardware stack levels used:    1
 Hardware stack levels required when called:    6
 This function calls:
		_EEPROMSaveNumber
		_EepromRead
		___wmul
 This function is called by:
		_SIM800Command
 This function uses a non-reentrant model


 *************** function _EepromRead *****************
 Defined at:
		line 108 in file "eeprom.c"
 Parameters:    Size  Location     Type
  address         2   13[BANK0 ] unsigned int 
 Auto vars:     Size  Location     Type
  data            1   16[BANK0 ] unsigned char 
 Return value:  Size  Location     Type
                  1    wreg      unsigned char 
 Registers used:
		wreg, status,2, status,0, pclath, cstack
 Tracked objects:
		On entry : 
		On exit  : 
		Unchanged: 
 Data sizes:     COMMON   BANK0   BANK1   BANK2
      Params:         0       2       0       0
      Locals:         0       1       0       0
      Temps:          0       1       0       0
      Totals:         0       4       0       0
Total ram usage:        4 bytes
 Hardware stack levels used:    1
 Hardware stack levels required when called:    4
 This function calls:
		_I2CNak
		_I2CRead
		_I2CRestart
		_I2CSend
		_I2CStart
		_I2CStop
 This function is called by:
		_EEPROMSearchNumber
		_EEPROMAdd
		_EEPROMCheckPassword
		_EEPROMPrint
 This function uses a non-reentrant model


 *************** function _I2CRestart *****************
 Defined at:
		line 51 in file "I2C.c"
 Parameters:    Size  Location     Type
		None
 Auto vars:     Size  Location     Type
		None
 Return value:  Size  Location     Type
                  1    wreg      void 
 Registers used:
		None
 Tracked objects:
		On entry : 
		On exit  : 
		Unchanged: 
 Data sizes:     COMMON   BANK0   BANK1   BANK2
      Params:         0       0       0       0
      Locals:         0       0       0       0
      Temps:          0       0       0       0
      Totals:         0       0       0       0
Total ram usage:        0 bytes
 Hardware stack levels used:    1
 Hardware stack levels required when called:    2
 This function calls:
		Nothing
 This function is called by:
		_EepromRead
 This function uses a non-reentrant model


 *************** function _I2CRead *****************
 Defined at:
		line 115 in file "I2C.c"
 Parameters:    Size  Location     Type
		None
 Auto vars:     Size  Location     Type
  temp            1    8[BANK0 ] unsigned char 
 Return value:  Size  Location     Type
                  1    wreg      unsigned char 
 Registers used:
		wreg, status,2, status,0, pclath, cstack
 Tracked objects:
		On entry : 
		On exit  : 
		Unchanged: 
 Data sizes:     COMMON   BANK0   BANK1   BANK2
      Params:         0       0       0       0
      Locals:         0       1       0       0
      Temps:          0       1       0       0
      Totals:         0       2       0       0
Total ram usage:        2 bytes
 Hardware stack levels used:    1
 Hardware stack levels required when called:    3
 This function calls:
		_I2CWait
 This function is called by:
		_EepromRead
 This function uses a non-reentrant model


 *************** function _I2CNak *****************
 Defined at:
		line 76 in file "I2C.c"
 Parameters:    Size  Location     Type
		None
 Auto vars:     Size  Location     Type
		None
 Return value:  Size  Location     Type
                  1    wreg      void 
 Registers used:
		None
 Tracked objects:
		On entry : 
		On exit  : 
		Unchanged: 
 Data sizes:     COMMON   BANK0   BANK1   BANK2
      Params:         0       0       0       0
      Locals:         0       0       0       0
      Temps:          0       0       0       0
      Totals:         0       0       0       0
Total ram usage:        0 bytes
 Hardware stack levels used:    1
 Hardware stack levels required when called:    2
 This function calls:
		Nothing
 This function is called by:
		_EepromRead
 This function uses a non-reentrant model


 *************** function _EEPROMSaveNumber *****************
 Defined at:
		line 134 in file "eeprom.c"
 Parameters:    Size  Location     Type
  nmbr            2   13[BANK0 ] PTR const unsigned char 
		 -> SIM800L.cell(15), SIM800L(140), 
  nmbrLenght      1   15[BANK0 ] unsigned char 
  position        2   16[BANK0 ] unsigned int 
 Auto vars:     Size  Location     Type
  address         2   25[BANK0 ] unsigned int 
  count           2   23[BANK0 ] unsigned int 
  result          2   21[BANK0 ] unsigned int 
 Return value:  Size  Location     Type
                  1    wreg      unsigned char 
 Registers used:
		wreg, fsr1l, fsr1h, status,2, status,0, pclath, cstack
 Tracked objects:
		On entry : 
		On exit  : 
		Unchanged: 
 Data sizes:     COMMON   BANK0   BANK1   BANK2
      Params:         0       5       0       0
      Locals:         0       6       0       0
      Temps:          0       3       0       0
      Totals:         0      14       0       0
Total ram usage:       14 bytes
 Hardware stack levels used:    1
 Hardware stack levels required when called:    5
 This function calls:
		_EepromWrite
		___wmul
 This function is called by:
		_EEPROMAdd
 This function uses a non-reentrant model


 *************** function ___wmul *****************
 Defined at:
		line 15 in file "C:\Program Files (x86)\Microchip\xc8\v1.38\sources\common\Umul16.c"
 Parameters:    Size  Location     Type
  multiplier      2    7[BANK0 ] unsigned int 
  multiplicand    2    9[BANK0 ] unsigned int 
 Auto vars:     Size  Location     Type
  product         2   11[BANK0 ] unsigned int 
 Return value:  Size  Location     Type
                  2    7[BANK0 ] unsigned int 
 Registers used:
		wreg, status,2, status,0
 Tracked objects:
		On entry : 
		On exit  : 
		Unchanged: 
 Data sizes:     COMMON   BANK0   BANK1   BANK2
      Params:         0       4       0       0
      Locals:         0       2       0       0
      Temps:          0       0       0       0
      Totals:         0       6       0       0
Total ram usage:        6 bytes
 Hardware stack levels used:    1
 Hardware stack levels required when called:    2
 This function calls:
		Nothing
 This function is called by:
		_EEPROMSaveNumber
		_EEPROMDeleteNumber
		_EEPROMAdd
		_EEPROMPrint
 This function uses a non-reentrant model


 *************** function _I2CInit *****************
 Defined at:
		line 9 in file "I2C.c"
 Parameters:    Size  Location     Type
		None
 Auto vars:     Size  Location     Type
		None
 Return value:  Size  Location     Type
                  1    wreg      void 
 Registers used:
		wreg
 Tracked objects:
		On entry : 
		On exit  : 
		Unchanged: 
 Data sizes:     COMMON   BANK0   BANK1   BANK2
      Params:         0       0       0       0
      Locals:         0       0       0       0
      Temps:          0       0       0       0
      Totals:         0       0       0       0
Total ram usage:        0 bytes
 Hardware stack levels used:    1
 Hardware stack levels required when called:    2
 This function calls:
		Nothing
 This function is called by:
		_main
 This function uses a non-reentrant model


 *************** function _GPIOPortInit *****************
 Defined at:
		line 5 in file "gpio.c"
 Parameters:    Size  Location     Type
		None
 Auto vars:     Size  Location     Type
		None
 Return value:  Size  Location     Type
                  1    wreg      void 
 Registers used:
		status,2
 Tracked objects:
		On entry : 
		On exit  : 
		Unchanged: 
 Data sizes:     COMMON   BANK0   BANK1   BANK2
      Params:         0       0       0       0
      Locals:         0       0       0       0
      Temps:          0       0       0       0
      Totals:         0       0       0       0
Total ram usage:        0 bytes
 Hardware stack levels used:    1
 Hardware stack levels required when called:    2
 This function calls:
		Nothing
 This function is called by:
		_main
 This function uses a non-reentrant model


 *************** function _EEPROMUpdateVersion *****************
 Defined at:
		line 255 in file "eeprom.c"
 Parameters:    Size  Location     Type
  ver             2   11[BANK0 ] PTR const unsigned char 
		 -> STR_24(5), 
 Auto vars:     Size  Location     Type
		None
 Return value:  Size  Location     Type
                  1    wreg      void 
 Registers used:
		wreg, fsr0l, fsr0h, status,2, status,0, pclath, cstack
 Tracked objects:
		On entry : 
		On exit  : 
		Unchanged: 
 Data sizes:     COMMON   BANK0   BANK1   BANK2
      Params:         0       2       0       0
      Locals:         0       0       0       0
      Temps:          0       3       0       0
      Totals:         0       5       0       0
Total ram usage:        5 bytes
 Hardware stack levels used:    1
 Hardware stack levels required when called:    5
 This function calls:
		_EepromWrite
 This function is called by:
		_main
 This function uses a non-reentrant model


 *************** function _EepromWrite *****************
 Defined at:
		line 84 in file "eeprom.c"
 Parameters:    Size  Location     Type
  address         2    8[BANK0 ] unsigned int 
  data            1   10[BANK0 ] unsigned char 
 Auto vars:     Size  Location     Type
		None
 Return value:  Size  Location     Type
                  1    wreg      void 
 Registers used:
		wreg, status,2, status,0, pclath, cstack
 Tracked objects:
		On entry : 
		On exit  : 
		Unchanged: 
 Data sizes:     COMMON   BANK0   BANK1   BANK2
      Params:         0       3       0       0
      Locals:         0       0       0       0
      Temps:          0       0       0       0
      Totals:         0       3       0       0
Total ram usage:        3 bytes
 Hardware stack levels used:    1
 Hardware stack levels required when called:    4
 This function calls:
		_I2CSend
		_I2CStart
		_I2CStop
 This function is called by:
		_EEPROMSaveNumber
		_EEPROMDeleteNumber
		_EEPROMEraseAll
		_EEPROMUpdatePassword
		_EEPROMUpdateVersion
 This function uses a non-reentrant model


 *************** function _I2CStop *****************
 Defined at:
		line 38 in file "I2C.c"
 Parameters:    Size  Location     Type
		None
 Auto vars:     Size  Location     Type
		None
 Return value:  Size  Location     Type
                  1    wreg      void 
 Registers used:
		None
 Tracked objects:
		On entry : 
		On exit  : 
		Unchanged: 
 Data sizes:     COMMON   BANK0   BANK1   BANK2
      Params:         0       0       0       0
      Locals:         0       0       0       0
      Temps:          0       0       0       0
      Totals:         0       0       0       0
Total ram usage:        0 bytes
 Hardware stack levels used:    1
 Hardware stack levels required when called:    2
 This function calls:
		Nothing
 This function is called by:
		_EepromWrite
		_EepromRead
 This function uses a non-reentrant model


 *************** function _I2CStart *****************
 Defined at:
		line 25 in file "I2C.c"
 Parameters:    Size  Location     Type
		None
 Auto vars:     Size  Location     Type
		None
 Return value:  Size  Location     Type
                  1    wreg      void 
 Registers used:
		None
 Tracked objects:
		On entry : 
		On exit  : 
		Unchanged: 
 Data sizes:     COMMON   BANK0   BANK1   BANK2
      Params:         0       0       0       0
      Locals:         0       0       0       0
      Temps:          0       0       0       0
      Totals:         0       0       0       0
Total ram usage:        0 bytes
 Hardware stack levels used:    1
 Hardware stack levels required when called:    2
 This function calls:
		Nothing
 This function is called by:
		_EepromWrite
		_EepromRead
 This function uses a non-reentrant model


 *************** function _I2CSend *****************
 Defined at:
		line 102 in file "I2C.c"
 Parameters:    Size  Location     Type
  dat             1    wreg     unsigned char 
 Auto vars:     Size  Location     Type
  dat             1    7[BANK0 ] unsigned char 
 Return value:  Size  Location     Type
                  1    wreg      void 
 Registers used:
		wreg, status,2, status,0, pclath, cstack
 Tracked objects:
		On entry : 
		On exit  : 
		Unchanged: 
 Data sizes:     COMMON   BANK0   BANK1   BANK2
      Params:         0       0       0       0
      Locals:         0       1       0       0
      Temps:          0       0       0       0
      Totals:         0       1       0       0
Total ram usage:        1 bytes
 Hardware stack levels used:    1
 Hardware stack levels required when called:    3
 This function calls:
		_I2CWait
 This function is called by:
		_EepromWrite
		_EepromRead
 This function uses a non-reentrant model


 *************** function _I2CWait *****************
 Defined at:
		line 89 in file "I2C.c"
 Parameters:    Size  Location     Type
		None
 Auto vars:     Size  Location     Type
		None
 Return value:  Size  Location     Type
                  1    wreg      void 
 Registers used:
		wreg, status,2
 Tracked objects:
		On entry : 
		On exit  : 
		Unchanged: 
 Data sizes:     COMMON   BANK0   BANK1   BANK2
      Params:         0       0       0       0
      Locals:         0       0       0       0
      Temps:          0       0       0       0
      Totals:         0       0       0       0
Total ram usage:        0 bytes
 Hardware stack levels used:    1
 Hardware stack levels required when called:    2
 This function calls:
		Nothing
 This function is called by:
		_I2CSend
		_I2CRead
 This function uses a non-reentrant model


 *************** function _ISR *****************
 Defined at:
		line 6 in file "isr.c"
 Parameters:    Size  Location     Type
		None
 Auto vars:     Size  Location     Type
		None
 Return value:  Size  Location     Type
                  1    wreg      void 
 Registers used:
		wreg, fsr0l, fsr0h, fsr1l, fsr1h, status,2, status,0, pclath, cstack
 Tracked objects:
		On entry : 
		On exit  : 
		Unchanged: 
 Data sizes:     COMMON   BANK0   BANK1   BANK2
      Params:         0       0       0       0
      Locals:         0       0       0       0
      Temps:          1       0       0       0
      Totals:         1       0       0       0
Total ram usage:        1 bytes
 Hardware stack levels used:    1
 Hardware stack levels required when called:    1
 This function calls:
		_USARTHandleRxInt
 This function is called by:
		Interrupt level 1
 This function uses a non-reentrant model


 *************** function _USARTHandleRxInt *****************
 Defined at:
		line 74 in file "usart.c"
 Parameters:    Size  Location     Type
		None
 Auto vars:     Size  Location     Type
  ci              1    6[BANK0 ] unsigned char 
  end             1    1[BANK0 ] unsigned char 
  ci              1    2[BANK0 ] unsigned char 
  ci              1    5[BANK0 ] unsigned char 
  ci              1    4[BANK0 ] unsigned char 
  ci              1    3[BANK0 ] unsigned char 
  data            1    0[BANK0 ] unsigned char 
 Return value:  Size  Location     Type
                  1    wreg      void 
 Registers used:
		wreg, fsr0l, fsr0h, fsr1l, fsr1h, status,2, status,0
 Tracked objects:
		On entry : 
		On exit  : 
		Unchanged: 
 Data sizes:     COMMON   BANK0   BANK1   BANK2
      Params:         0       0       0       0
      Locals:         0       7       0       0
      Temps:         11       0       0       0
      Totals:        11       7       0       0
Total ram usage:       18 bytes
 Hardware stack levels used:    1
 This function calls:
		Nothing
 This function is called by:
		_ISR
 This function uses a non-reentrant model



MODULE INFORMATION

Module		Function		Class		Link	Load	Size
C:\Program Files (x86)\Microchip\xc8\v1.38\sources\common\Umul16.c
		___wmul        		CODE           	0942	0000	29

C:\Program Files (x86)\Microchip\xc8\v1.38\sources\common\Umul16.c estimated size: 29

usart.c
		_USARTWriteString		CODE           	0910	0000	24
		_USARTWriteLine		CODE           	08EF	0000	17
		_USARTWriteChar		CODE           	08C6	0000	9
		_USARTHandleRxInt		CODE           	0032	0000	821
		_USARTInit     		CODE           	0B23	0000	75

usart.c estimated size: 946

I2C.c
		_I2CNak        		CODE           	08B8	0000	7
		_I2CStop       		CODE           	08AE	0000	6
		_I2CRead       		CODE           	07F2	0000	15
		_I2CRestart    		CODE           	08B3	0000	6
		_I2CStart      		CODE           	08A9	0000	6
		_I2CWait       		CODE           	08BE	0000	9
		_I2CInit       		CODE           	08D8	0000	12
		_I2CSend       		CODE           	08CE	0000	11

I2C.c estimated size: 72

C:\Program Files (x86)\Microchip\xc8\v1.38\sources\common\lwdiv.c
		___lwdiv       		CODE           	0A2E	0000	54

C:\Program Files (x86)\Microchip\xc8\v1.38\sources\common\lwdiv.c estimated size: 54

eeprom.c
		_EepromWrite   		CODE           	0927	0000	28
		_EEPROMSaveNumber		CODE           	0CED	0000	118
		_EEPROMCheckPassword		CODE           	0BB8	0000	85
		_EEPROMDeleteNumber		CODE           	0A63	0000	56
		_EEPROMAdd     		CODE           	0ADA	0000	74
		_EEPROMSearchNumber		CODE           	076D	0000	134
		_EEPROMEraseAll		CODE           	095E	0000	38
		_EepromRead    		CODE           	09AB	0000	44
		_EEPROMUpdatePassword		CODE           	0E5D	0000	127
		_EEPROMUpdateVersion		CODE           	0DDF	0000	127

eeprom.c estimated size: 831

sim800l.c
		_SIM800Command 		CODE           	0366	0000	723
		_SIM800SendSms 		CODE           	0C0C	0000	110
		_SIM800init    		CODE           	0D62	0000	126
		_SIM800LClear  		CODE           	0C79	0000	117
		_SIM800DeleteSms		CODE           	0A9A	0000	65
		_SIM800ReadSms 		CODE           	0B6D	0000	76

sim800l.c estimated size: 1217

isr.c
		_ISR           		CODE           	0004	0000	19

isr.c estimated size: 19

shared
		__initialization		CODE           	0018	0000	23

shared estimated size: 23

gpio.c
		_GPIOGreenLedBlink		CODE           	09D6	0000	45
		_GPIORedLedBlink		CODE           	0A02	0000	45
		_GPIOPortInit  		CODE           	08FF	0000	18

gpio.c estimated size: 108

main.c
		_main          		CODE           	0EDB	0000	294

main.c estimated size: 294

system.c
		_SYSTEMInit    		CODE           	0983	0000	41

system.c estimated size: 41

